<html>
<body>
<pre>
<h1>µVision Build Log</h1>
<h2>Tool Versions:</h2>
IDE-Version: ¦ÌVision V5.34.0.0
Copyright (C) 2021 ARM Ltd and ARM Germany GmbH. All rights reserved.
License Information: 1 N210508, 11, LIC=TIVNB-2875H-74RS0-B8VGS-URX7G-6TX7P
 
Tool Versions:
Toolchain:       MDK-ARM Plus  Version: 5.34.0.0
Toolchain Path:  D:\install dir\keil\ARM\ARMCC\Bin
C Compiler:      Armcc.exe V5.06 update 7 (build 960)
Assembler:       Armasm.exe V5.06 update 7 (build 960)
Linker/Locator:  ArmLink.exe V5.06 update 7 (build 960)
Library Manager: ArmAr.exe V5.06 update 7 (build 960)
Hex Converter:   FromElf.exe V5.06 update 7 (build 960)
CPU DLL:         SARMCM3.DLL V5.34.0.0
Dialog DLL:      DCM.DLL V1.17.3.0
Target DLL:      Segger\JL2CM3.dll V2.99.38.0
Dialog DLL:      TCM.DLL V1.48.0.0
 
<h2>Project:</h2>
F:\fast_file\work_file\XX26\BootLoader\GD32F10x_IAP_DMA\GD32F10x_IAP\Keil_project\Project.uvprojx
Project File Date:  05/24/2021

<h2>Output:</h2>
*** Using Compiler 'V5.06 update 7 (build 960)', folder: 'D:\install dir\keil\ARM\ARMCC\Bin'
Build target 'GD32F10X_HD'
compiling command.c...
..\command.c(240): warning:  #940-D: missing return statement at end of non-void function "compare_packet_header" 
  }
..\command.c(253): warning:  #940-D: missing return statement at end of non-void function "compare_packet_tail" 
  }
..\command.c(290): warning:  #1-D: last line of file ends without a newline
  }
..\command.c(290): warning:  #940-D: missing return statement at end of non-void function "command_check" 
  }
..\command.c: 4 warnings, 0 errors
linking...
Program Size: Code=6952 RO-data=292 RW-data=64 ZI-data=11240  
FromELF: creating hex file...
".\output\Project.axf" - 0 Error(s), 4 Warning(s).

<h2>Software Packages used:</h2>

Package Vendor: GigaDevice
                http://gd32mcu.com/data/documents/pack/GigaDevice.GD32F10x_DFP.2.0.2.pack
                GigaDevice.GD32F10x_DFP.2.0.2
                GigaDevice GD32F10x Series Device Support and Examples
   * Component: Startup Version: 2.0.1

<h2>Collection of Component include folders:</h2>
  .\RTE\_GD32F10X_HD
  D:\install dir\keil\Arm\Packs\GigaDevice\GD32F10x_DFP\2.0.2\Device\Include

<h2>Collection of Component Files used:</h2>

   * Component: GigaDevice::Device:Startup:2.0.1
      Source file:   Device\Source\ARM\startup_gd32f10x_md.s
      Source file:   Device\Source\system_gd32f10x.c
      Include file:  Device\Include\gd32f10x.h
Build Time Elapsed:  00:00:01
</pre>
</body>
</html>
