Component: ARM Compiler 5.06 update 6 (build 750) Tool: armlink [4d35ed]

==============================================================================

Section Cross References

    app.o(i.main) refers to systick.o(i.systick_config) for systick_config
    app.o(i.main) refers to global.o(i.dohitech_mcu_rcu_configuration) for dohitech_mcu_rcu_configuration
    app.o(i.main) refers to drv_dsp_reset.o(i.dohitech_mcu_dsp_reset) for dohitech_mcu_dsp_reset
    app.o(i.main) refers to bsp_usart.o(i.dohitech_mcu_debug_usart_init) for dohitech_mcu_debug_usart_init
    app.o(i.main) refers to drv_led.o(i.dohitech_mcu_led_toggle) for dohitech_mcu_led_toggle
    app.o(i.main) refers to printfb.o(i.__0printf$bare) for __2printf
    global.o(i.dohitech_mcu_rcu_configuration) refers to gd32f10x_rcu.o(i.rcu_periph_clock_enable) for rcu_periph_clock_enable
    global.o(i.fputc) refers to gd32f10x_usart.o(i.usart_data_transmit) for usart_data_transmit
    global.o(i.fputc) refers to gd32f10x_usart.o(i.usart_flag_get) for usart_flag_get
    gd32f10x_it.o(i.SysTick_Handler) refers to systick.o(i.delay_decrement) for delay_decrement
    gd32f10x_it.o(i.UART3_IRQHandler) refers to gd32f10x_usart.o(i.usart_interrupt_flag_get) for usart_interrupt_flag_get
    gd32f10x_it.o(i.UART3_IRQHandler) refers to gd32f10x_usart.o(i.usart_flag_get) for usart_flag_get
    gd32f10x_it.o(i.UART3_IRQHandler) refers to gd32f10x_usart.o(i.usart_data_receive) for usart_data_receive
    gd32f10x_it.o(i.UART3_IRQHandler) refers to gd32f10x_usart.o(i.usart_interrupt_disable) for usart_interrupt_disable
    gd32f10x_it.o(i.UART3_IRQHandler) refers to gd32f10x_usart.o(i.usart_data_transmit) for usart_data_transmit
    gd32f10x_it.o(i.UART3_IRQHandler) refers to memseta.o(.text) for __aeabi_memclr
    gd32f10x_it.o(i.UART3_IRQHandler) refers to gd32f10x_usart.o(i.usart_interrupt_enable) for usart_interrupt_enable
    gd32f10x_it.o(i.UART3_IRQHandler) refers to global.o(.data) for dsp1UsartRxCnt
    gd32f10x_it.o(i.UART3_IRQHandler) refers to global.o(.bss) for dsp1UsartRxBuffer
    gd32f10x_it.o(i.USART0_IRQHandler) refers to gd32f10x_usart.o(i.usart_interrupt_flag_get) for usart_interrupt_flag_get
    gd32f10x_it.o(i.USART0_IRQHandler) refers to gd32f10x_usart.o(i.usart_flag_get) for usart_flag_get
    gd32f10x_it.o(i.USART0_IRQHandler) refers to gd32f10x_usart.o(i.usart_data_receive) for usart_data_receive
    gd32f10x_it.o(i.USART0_IRQHandler) refers to gd32f10x_usart.o(i.usart_interrupt_disable) for usart_interrupt_disable
    gd32f10x_it.o(i.USART0_IRQHandler) refers to gd32f10x_usart.o(i.usart_data_transmit) for usart_data_transmit
    gd32f10x_it.o(i.USART0_IRQHandler) refers to memseta.o(.text) for __aeabi_memclr
    gd32f10x_it.o(i.USART0_IRQHandler) refers to gd32f10x_usart.o(i.usart_interrupt_enable) for usart_interrupt_enable
    gd32f10x_it.o(i.USART0_IRQHandler) refers to global.o(.data) for debugUsartRxCnt
    gd32f10x_it.o(i.USART0_IRQHandler) refers to global.o(.bss) for debugUsartRxBuffer
    systick.o(i.delay_1ms) refers to systick.o(.data) for delay
    systick.o(i.delay_1us) refers to systick.o(.data) for delay
    systick.o(i.delay_decrement) refers to systick.o(.data) for delay
    systick.o(i.systick_config) refers to systick.o(i.__NVIC_SetPriority) for __NVIC_SetPriority
    systick.o(i.systick_config) refers to system_gd32f10x.o(.data) for SystemCoreClock
    bsp_usart.o(i.dohitech_mcu_debug_usart_init) refers to gd32f10x_misc.o(i.nvic_irq_enable) for nvic_irq_enable
    bsp_usart.o(i.dohitech_mcu_debug_usart_init) refers to gd32f10x_rcu.o(i.rcu_periph_clock_enable) for rcu_periph_clock_enable
    bsp_usart.o(i.dohitech_mcu_debug_usart_init) refers to gd32f10x_gpio.o(i.gpio_init) for gpio_init
    bsp_usart.o(i.dohitech_mcu_debug_usart_init) refers to gd32f10x_usart.o(i.usart_deinit) for usart_deinit
    bsp_usart.o(i.dohitech_mcu_debug_usart_init) refers to gd32f10x_usart.o(i.usart_baudrate_set) for usart_baudrate_set
    bsp_usart.o(i.dohitech_mcu_debug_usart_init) refers to gd32f10x_usart.o(i.usart_receive_config) for usart_receive_config
    bsp_usart.o(i.dohitech_mcu_debug_usart_init) refers to gd32f10x_usart.o(i.usart_transmit_config) for usart_transmit_config
    bsp_usart.o(i.dohitech_mcu_debug_usart_init) refers to gd32f10x_usart.o(i.usart_enable) for usart_enable
    bsp_usart.o(i.dohitech_mcu_dsp1_usart_init) refers to gd32f10x_rcu.o(i.rcu_periph_clock_enable) for rcu_periph_clock_enable
    bsp_usart.o(i.dohitech_mcu_dsp1_usart_init) refers to gd32f10x_gpio.o(i.gpio_init) for gpio_init
    bsp_usart.o(i.dohitech_mcu_dsp1_usart_init) refers to gd32f10x_usart.o(i.usart_deinit) for usart_deinit
    bsp_usart.o(i.dohitech_mcu_dsp1_usart_init) refers to gd32f10x_usart.o(i.usart_baudrate_set) for usart_baudrate_set
    bsp_usart.o(i.dohitech_mcu_dsp1_usart_init) refers to gd32f10x_usart.o(i.usart_stop_bit_set) for usart_stop_bit_set
    bsp_usart.o(i.dohitech_mcu_dsp1_usart_init) refers to gd32f10x_usart.o(i.usart_parity_config) for usart_parity_config
    bsp_usart.o(i.dohitech_mcu_dsp1_usart_init) refers to gd32f10x_usart.o(i.usart_word_length_set) for usart_word_length_set
    bsp_usart.o(i.dohitech_mcu_dsp1_usart_init) refers to gd32f10x_usart.o(i.usart_receive_config) for usart_receive_config
    bsp_usart.o(i.dohitech_mcu_dsp1_usart_init) refers to gd32f10x_usart.o(i.usart_transmit_config) for usart_transmit_config
    bsp_usart.o(i.dohitech_mcu_dsp1_usart_init) refers to gd32f10x_usart.o(i.usart_enable) for usart_enable
    bsp_usart.o(i.dohitech_mcu_dsp1_usart_selfTest) refers to printfb.o(i.__0printf$bare) for __2printf
    bsp_usart.o(i.dohitech_mcu_dsp1_usart_selfTest) refers to gd32f10x_usart.o(i.usart_flag_get) for usart_flag_get
    bsp_usart.o(i.dohitech_mcu_dsp1_usart_selfTest) refers to gd32f10x_usart.o(i.usart_data_receive) for usart_data_receive
    bsp_usart.o(i.dohitech_mcu_dsp1_usart_selfTest) refers to gd32f10x_usart.o(i.usart_data_transmit) for usart_data_transmit
    bsp_usart.o(i.dohitech_mcu_dsp1_usart_selfTest) refers to bsp_usart.o(.bss) for rxxxxbuf
    bsp_usart.o(i.dohitech_mcu_dsp1_usart_selfTest) refers to bsp_usart.o(.data) for iiiiiii
    drv_dsp_reset.o(i.dohitech_mcu_dsp_reset) refers to gd32f10x_gpio.o(i.gpio_init) for gpio_init
    drv_dsp_reset.o(i.dohitech_mcu_dsp_reset) refers to systick.o(i.delay_1ms) for delay_1ms
    drv_led.o(i.dohitech_mcu_led_toggle) refers to gd32f10x_gpio.o(i.gpio_init) for gpio_init
    drv_led.o(i.dohitech_mcu_led_toggle) refers to systick.o(i.delay_1ms) for delay_1ms
    gd32f10x_gpio.o(i.gpio_afio_deinit) refers to gd32f10x_rcu.o(i.rcu_periph_reset_enable) for rcu_periph_reset_enable
    gd32f10x_gpio.o(i.gpio_afio_deinit) refers to gd32f10x_rcu.o(i.rcu_periph_reset_disable) for rcu_periph_reset_disable
    gd32f10x_gpio.o(i.gpio_deinit) refers to gd32f10x_rcu.o(i.rcu_periph_reset_enable) for rcu_periph_reset_enable
    gd32f10x_gpio.o(i.gpio_deinit) refers to gd32f10x_rcu.o(i.rcu_periph_reset_disable) for rcu_periph_reset_disable
    gd32f10x_i2c.o(i.i2c_clock_config) refers to gd32f10x_rcu.o(i.rcu_clock_freq_get) for rcu_clock_freq_get
    gd32f10x_i2c.o(i.i2c_deinit) refers to gd32f10x_rcu.o(i.rcu_periph_reset_enable) for rcu_periph_reset_enable
    gd32f10x_i2c.o(i.i2c_deinit) refers to gd32f10x_rcu.o(i.rcu_periph_reset_disable) for rcu_periph_reset_disable
    gd32f10x_pmu.o(i.pmu_deinit) refers to gd32f10x_rcu.o(i.rcu_periph_reset_enable) for rcu_periph_reset_enable
    gd32f10x_pmu.o(i.pmu_deinit) refers to gd32f10x_rcu.o(i.rcu_periph_reset_disable) for rcu_periph_reset_disable
    gd32f10x_rcu.o(i.rcu_deinit) refers to gd32f10x_rcu.o(i.rcu_osci_stab_wait) for rcu_osci_stab_wait
    gd32f10x_rcu.o(i.rcu_osci_stab_wait) refers to gd32f10x_rcu.o(i.rcu_flag_get) for rcu_flag_get
    gd32f10x_usart.o(i.usart_baudrate_set) refers to gd32f10x_rcu.o(i.rcu_clock_freq_get) for rcu_clock_freq_get
    gd32f10x_usart.o(i.usart_deinit) refers to gd32f10x_rcu.o(i.rcu_periph_reset_enable) for rcu_periph_reset_enable
    gd32f10x_usart.o(i.usart_deinit) refers to gd32f10x_rcu.o(i.rcu_periph_reset_disable) for rcu_periph_reset_disable
    startup_gd32f10x_md.o(RESET) refers to startup_gd32f10x_md.o(STACK) for __initial_sp
    startup_gd32f10x_md.o(RESET) refers to startup_gd32f10x_md.o(.text) for Reset_Handler
    startup_gd32f10x_md.o(RESET) refers to gd32f10x_it.o(i.NMI_Handler) for NMI_Handler
    startup_gd32f10x_md.o(RESET) refers to gd32f10x_it.o(i.HardFault_Handler) for HardFault_Handler
    startup_gd32f10x_md.o(RESET) refers to gd32f10x_it.o(i.MemManage_Handler) for MemManage_Handler
    startup_gd32f10x_md.o(RESET) refers to gd32f10x_it.o(i.BusFault_Handler) for BusFault_Handler
    startup_gd32f10x_md.o(RESET) refers to gd32f10x_it.o(i.UsageFault_Handler) for UsageFault_Handler
    startup_gd32f10x_md.o(RESET) refers to gd32f10x_it.o(i.SVC_Handler) for SVC_Handler
    startup_gd32f10x_md.o(RESET) refers to gd32f10x_it.o(i.DebugMon_Handler) for DebugMon_Handler
    startup_gd32f10x_md.o(RESET) refers to gd32f10x_it.o(i.PendSV_Handler) for PendSV_Handler
    startup_gd32f10x_md.o(RESET) refers to gd32f10x_it.o(i.SysTick_Handler) for SysTick_Handler
    startup_gd32f10x_md.o(RESET) refers to gd32f10x_it.o(i.USART0_IRQHandler) for USART0_IRQHandler
    startup_gd32f10x_md.o(.text) refers to system_gd32f10x.o(i.SystemInit) for SystemInit
    startup_gd32f10x_md.o(.text) refers to entry.o(.ARM.Collect$$$$00000000) for __main
    system_gd32f10x.o(i.SystemCoreClockUpdate) refers to system_gd32f10x.o(.data) for SystemCoreClock
    system_gd32f10x.o(i.SystemInit) refers to system_gd32f10x.o(i.system_clock_config) for system_clock_config
    system_gd32f10x.o(i.system_clock_config) refers to system_gd32f10x.o(i.system_clock_108m_hxtal) for system_clock_108m_hxtal
    gd32f103c_eval.o(i.gd_eval_com_init) refers to gd32f10x_rcu.o(i.rcu_periph_clock_enable) for rcu_periph_clock_enable
    gd32f103c_eval.o(i.gd_eval_com_init) refers to gd32f10x_gpio.o(i.gpio_init) for gpio_init
    gd32f103c_eval.o(i.gd_eval_com_init) refers to gd32f10x_usart.o(i.usart_deinit) for usart_deinit
    gd32f103c_eval.o(i.gd_eval_com_init) refers to gd32f10x_usart.o(i.usart_baudrate_set) for usart_baudrate_set
    gd32f103c_eval.o(i.gd_eval_com_init) refers to gd32f10x_usart.o(i.usart_receive_config) for usart_receive_config
    gd32f103c_eval.o(i.gd_eval_com_init) refers to gd32f10x_usart.o(i.usart_transmit_config) for usart_transmit_config
    gd32f103c_eval.o(i.gd_eval_com_init) refers to gd32f10x_usart.o(i.usart_enable) for usart_enable
    gd32f103c_eval.o(i.gd_eval_com_init) refers to gd32f103c_eval.o(.data) for COM_GPIO_CLK
    gd32f103c_eval.o(i.gd_eval_key_init) refers to gd32f10x_rcu.o(i.rcu_periph_clock_enable) for rcu_periph_clock_enable
    gd32f103c_eval.o(i.gd_eval_key_init) refers to gd32f10x_gpio.o(i.gpio_init) for gpio_init
    gd32f103c_eval.o(i.gd_eval_key_init) refers to gd32f10x_misc.o(i.nvic_irq_enable) for nvic_irq_enable
    gd32f103c_eval.o(i.gd_eval_key_init) refers to gd32f10x_gpio.o(i.gpio_exti_source_select) for gpio_exti_source_select
    gd32f103c_eval.o(i.gd_eval_key_init) refers to gd32f10x_exti.o(i.exti_init) for exti_init
    gd32f103c_eval.o(i.gd_eval_key_init) refers to gd32f10x_exti.o(i.exti_interrupt_flag_clear) for exti_interrupt_flag_clear
    gd32f103c_eval.o(i.gd_eval_key_init) refers to gd32f103c_eval.o(.data) for KEY_CLK
    gd32f103c_eval.o(i.gd_eval_key_state_get) refers to gd32f10x_gpio.o(i.gpio_input_bit_get) for gpio_input_bit_get
    gd32f103c_eval.o(i.gd_eval_key_state_get) refers to gd32f103c_eval.o(.data) for KEY_PIN
    gd32f103c_eval.o(i.gd_eval_led_init) refers to gd32f10x_rcu.o(i.rcu_periph_clock_enable) for rcu_periph_clock_enable
    gd32f103c_eval.o(i.gd_eval_led_init) refers to gd32f10x_gpio.o(i.gpio_init) for gpio_init
    gd32f103c_eval.o(i.gd_eval_led_init) refers to gd32f103c_eval.o(.data) for GPIO_CLK
    gd32f103c_eval.o(i.gd_eval_led_off) refers to gd32f103c_eval.o(.data) for GPIO_PIN
    gd32f103c_eval.o(i.gd_eval_led_on) refers to gd32f103c_eval.o(.data) for GPIO_PIN
    gd32f103c_eval.o(i.gd_eval_led_toggle) refers to gd32f10x_gpio.o(i.gpio_input_bit_get) for gpio_input_bit_get
    gd32f103c_eval.o(i.gd_eval_led_toggle) refers to gd32f10x_gpio.o(i.gpio_bit_write) for gpio_bit_write
    gd32f103c_eval.o(i.gd_eval_led_toggle) refers to gd32f103c_eval.o(.data) for GPIO_PIN
    entry.o(.ARM.Collect$$$$00000000) refers (Special) to entry10a.o(.ARM.Collect$$$$0000000D) for __rt_final_cpp
    entry.o(.ARM.Collect$$$$00000000) refers (Special) to entry11a.o(.ARM.Collect$$$$0000000F) for __rt_final_exit
    entry.o(.ARM.Collect$$$$00000000) refers (Special) to entry7b.o(.ARM.Collect$$$$00000008) for _main_clock
    entry.o(.ARM.Collect$$$$00000000) refers (Special) to entry8b.o(.ARM.Collect$$$$0000000A) for _main_cpp_init
    entry.o(.ARM.Collect$$$$00000000) refers (Special) to entry9a.o(.ARM.Collect$$$$0000000B) for _main_init
    entry.o(.ARM.Collect$$$$00000000) refers (Special) to entry5.o(.ARM.Collect$$$$00000004) for _main_scatterload
    entry.o(.ARM.Collect$$$$00000000) refers (Special) to entry2.o(.ARM.Collect$$$$00000001) for _main_stk
    printfb.o(i.__0fprintf$bare) refers to printfb.o(i._printf_core) for _printf_core
    printfb.o(i.__0fprintf$bare) refers to global.o(i.fputc) for fputc
    printfb.o(i.__0printf$bare) refers to printfb.o(i._printf_core) for _printf_core
    printfb.o(i.__0printf$bare) refers to global.o(i.fputc) for fputc
    printfb.o(i.__0printf$bare) refers to stdout.o(.data) for __stdout
    printfb.o(i.__0snprintf$bare) refers to printfb.o(i._printf_core) for _printf_core
    printfb.o(i.__0snprintf$bare) refers to printfb.o(i._snputc) for _snputc
    printfb.o(i.__0sprintf$bare) refers to printfb.o(i._printf_core) for _printf_core
    printfb.o(i.__0sprintf$bare) refers to printfb.o(i._sputc) for _sputc
    printfb.o(i.__0vfprintf$bare) refers to printfb.o(i._printf_core) for _printf_core
    printfb.o(i.__0vfprintf$bare) refers to global.o(i.fputc) for fputc
    printfb.o(i.__0vprintf$bare) refers to printfb.o(i._printf_core) for _printf_core
    printfb.o(i.__0vprintf$bare) refers to global.o(i.fputc) for fputc
    printfb.o(i.__0vprintf$bare) refers to stdout.o(.data) for __stdout
    printfb.o(i.__0vsnprintf$bare) refers to printfb.o(i._printf_core) for _printf_core
    printfb.o(i.__0vsnprintf$bare) refers to printfb.o(i._snputc) for _snputc
    printfb.o(i.__0vsprintf$bare) refers to printfb.o(i._printf_core) for _printf_core
    printfb.o(i.__0vsprintf$bare) refers to printfb.o(i._sputc) for _sputc
    printf0.o(i.__0fprintf$0) refers to printf0.o(i._printf_core) for _printf_core
    printf0.o(i.__0fprintf$0) refers to global.o(i.fputc) for fputc
    printf0.o(i.__0printf$0) refers to printf0.o(i._printf_core) for _printf_core
    printf0.o(i.__0printf$0) refers to global.o(i.fputc) for fputc
    printf0.o(i.__0printf$0) refers to stdout.o(.data) for __stdout
    printf0.o(i.__0snprintf$0) refers to printf0.o(i._printf_core) for _printf_core
    printf0.o(i.__0snprintf$0) refers to printf0.o(i._snputc) for _snputc
    printf0.o(i.__0sprintf$0) refers to printf0.o(i._printf_core) for _printf_core
    printf0.o(i.__0sprintf$0) refers to printf0.o(i._sputc) for _sputc
    printf0.o(i.__0vfprintf$0) refers to printf0.o(i._printf_core) for _printf_core
    printf0.o(i.__0vfprintf$0) refers to global.o(i.fputc) for fputc
    printf0.o(i.__0vprintf$0) refers to printf0.o(i._printf_core) for _printf_core
    printf0.o(i.__0vprintf$0) refers to global.o(i.fputc) for fputc
    printf0.o(i.__0vprintf$0) refers to stdout.o(.data) for __stdout
    printf0.o(i.__0vsnprintf$0) refers to printf0.o(i._printf_core) for _printf_core
    printf0.o(i.__0vsnprintf$0) refers to printf0.o(i._snputc) for _snputc
    printf0.o(i.__0vsprintf$0) refers to printf0.o(i._printf_core) for _printf_core
    printf0.o(i.__0vsprintf$0) refers to printf0.o(i._sputc) for _sputc
    printf1.o(i.__0fprintf$1) refers to printf1.o(i._printf_core) for _printf_core
    printf1.o(i.__0fprintf$1) refers to global.o(i.fputc) for fputc
    printf1.o(i.__0printf$1) refers to printf1.o(i._printf_core) for _printf_core
    printf1.o(i.__0printf$1) refers to global.o(i.fputc) for fputc
    printf1.o(i.__0printf$1) refers to stdout.o(.data) for __stdout
    printf1.o(i.__0snprintf$1) refers to printf1.o(i._printf_core) for _printf_core
    printf1.o(i.__0snprintf$1) refers to printf1.o(i._snputc) for _snputc
    printf1.o(i.__0sprintf$1) refers to printf1.o(i._printf_core) for _printf_core
    printf1.o(i.__0sprintf$1) refers to printf1.o(i._sputc) for _sputc
    printf1.o(i.__0vfprintf$1) refers to printf1.o(i._printf_core) for _printf_core
    printf1.o(i.__0vfprintf$1) refers to global.o(i.fputc) for fputc
    printf1.o(i.__0vprintf$1) refers to printf1.o(i._printf_core) for _printf_core
    printf1.o(i.__0vprintf$1) refers to global.o(i.fputc) for fputc
    printf1.o(i.__0vprintf$1) refers to stdout.o(.data) for __stdout
    printf1.o(i.__0vsnprintf$1) refers to printf1.o(i._printf_core) for _printf_core
    printf1.o(i.__0vsnprintf$1) refers to printf1.o(i._snputc) for _snputc
    printf1.o(i.__0vsprintf$1) refers to printf1.o(i._printf_core) for _printf_core
    printf1.o(i.__0vsprintf$1) refers to printf1.o(i._sputc) for _sputc
    printf1.o(i._printf_core) refers to uidiv.o(.text) for __aeabi_uidivmod
    printf2.o(i.__0fprintf$2) refers to printf2.o(i._printf_core) for _printf_core
    printf2.o(i.__0fprintf$2) refers to global.o(i.fputc) for fputc
    printf2.o(i.__0printf$2) refers to printf2.o(i._printf_core) for _printf_core
    printf2.o(i.__0printf$2) refers to global.o(i.fputc) for fputc
    printf2.o(i.__0printf$2) refers to stdout.o(.data) for __stdout
    printf2.o(i.__0snprintf$2) refers to printf2.o(i._printf_core) for _printf_core
    printf2.o(i.__0snprintf$2) refers to printf2.o(i._snputc) for _snputc
    printf2.o(i.__0sprintf$2) refers to printf2.o(i._printf_core) for _printf_core
    printf2.o(i.__0sprintf$2) refers to printf2.o(i._sputc) for _sputc
    printf2.o(i.__0vfprintf$2) refers to printf2.o(i._printf_core) for _printf_core
    printf2.o(i.__0vfprintf$2) refers to global.o(i.fputc) for fputc
    printf2.o(i.__0vprintf$2) refers to printf2.o(i._printf_core) for _printf_core
    printf2.o(i.__0vprintf$2) refers to global.o(i.fputc) for fputc
    printf2.o(i.__0vprintf$2) refers to stdout.o(.data) for __stdout
    printf2.o(i.__0vsnprintf$2) refers to printf2.o(i._printf_core) for _printf_core
    printf2.o(i.__0vsnprintf$2) refers to printf2.o(i._snputc) for _snputc
    printf2.o(i.__0vsprintf$2) refers to printf2.o(i._printf_core) for _printf_core
    printf2.o(i.__0vsprintf$2) refers to printf2.o(i._sputc) for _sputc
    printf3.o(i.__0fprintf$3) refers to printf3.o(i._printf_core) for _printf_core
    printf3.o(i.__0fprintf$3) refers to global.o(i.fputc) for fputc
    printf3.o(i.__0printf$3) refers to printf3.o(i._printf_core) for _printf_core
    printf3.o(i.__0printf$3) refers to global.o(i.fputc) for fputc
    printf3.o(i.__0printf$3) refers to stdout.o(.data) for __stdout
    printf3.o(i.__0snprintf$3) refers to printf3.o(i._printf_core) for _printf_core
    printf3.o(i.__0snprintf$3) refers to printf3.o(i._snputc) for _snputc
    printf3.o(i.__0sprintf$3) refers to printf3.o(i._printf_core) for _printf_core
    printf3.o(i.__0sprintf$3) refers to printf3.o(i._sputc) for _sputc
    printf3.o(i.__0vfprintf$3) refers to printf3.o(i._printf_core) for _printf_core
    printf3.o(i.__0vfprintf$3) refers to global.o(i.fputc) for fputc
    printf3.o(i.__0vprintf$3) refers to printf3.o(i._printf_core) for _printf_core
    printf3.o(i.__0vprintf$3) refers to global.o(i.fputc) for fputc
    printf3.o(i.__0vprintf$3) refers to stdout.o(.data) for __stdout
    printf3.o(i.__0vsnprintf$3) refers to printf3.o(i._printf_core) for _printf_core
    printf3.o(i.__0vsnprintf$3) refers to printf3.o(i._snputc) for _snputc
    printf3.o(i.__0vsprintf$3) refers to printf3.o(i._printf_core) for _printf_core
    printf3.o(i.__0vsprintf$3) refers to printf3.o(i._sputc) for _sputc
    printf3.o(i._printf_core) refers to uidiv.o(.text) for __aeabi_uidivmod
    printf4.o(i.__0fprintf$4) refers to printf4.o(i._printf_core) for _printf_core
    printf4.o(i.__0fprintf$4) refers to global.o(i.fputc) for fputc
    printf4.o(i.__0printf$4) refers to printf4.o(i._printf_core) for _printf_core
    printf4.o(i.__0printf$4) refers to global.o(i.fputc) for fputc
    printf4.o(i.__0printf$4) refers to stdout.o(.data) for __stdout
    printf4.o(i.__0snprintf$4) refers to printf4.o(i._printf_core) for _printf_core
    printf4.o(i.__0snprintf$4) refers to printf4.o(i._snputc) for _snputc
    printf4.o(i.__0sprintf$4) refers to printf4.o(i._printf_core) for _printf_core
    printf4.o(i.__0sprintf$4) refers to printf4.o(i._sputc) for _sputc
    printf4.o(i.__0vfprintf$4) refers to printf4.o(i._printf_core) for _printf_core
    printf4.o(i.__0vfprintf$4) refers to global.o(i.fputc) for fputc
    printf4.o(i.__0vprintf$4) refers to printf4.o(i._printf_core) for _printf_core
    printf4.o(i.__0vprintf$4) refers to global.o(i.fputc) for fputc
    printf4.o(i.__0vprintf$4) refers to stdout.o(.data) for __stdout
    printf4.o(i.__0vsnprintf$4) refers to printf4.o(i._printf_core) for _printf_core
    printf4.o(i.__0vsnprintf$4) refers to printf4.o(i._snputc) for _snputc
    printf4.o(i.__0vsprintf$4) refers to printf4.o(i._printf_core) for _printf_core
    printf4.o(i.__0vsprintf$4) refers to printf4.o(i._sputc) for _sputc
    printf4.o(i._printf_core) refers to uldiv.o(.text) for __aeabi_uldivmod
    printf5.o(i.__0fprintf$5) refers to printf5.o(i._printf_core) for _printf_core
    printf5.o(i.__0fprintf$5) refers to global.o(i.fputc) for fputc
    printf5.o(i.__0printf$5) refers to printf5.o(i._printf_core) for _printf_core
    printf5.o(i.__0printf$5) refers to global.o(i.fputc) for fputc
    printf5.o(i.__0printf$5) refers to stdout.o(.data) for __stdout
    printf5.o(i.__0snprintf$5) refers to printf5.o(i._printf_core) for _printf_core
    printf5.o(i.__0snprintf$5) refers to printf5.o(i._snputc) for _snputc
    printf5.o(i.__0sprintf$5) refers to printf5.o(i._printf_core) for _printf_core
    printf5.o(i.__0sprintf$5) refers to printf5.o(i._sputc) for _sputc
    printf5.o(i.__0vfprintf$5) refers to printf5.o(i._printf_core) for _printf_core
    printf5.o(i.__0vfprintf$5) refers to global.o(i.fputc) for fputc
    printf5.o(i.__0vprintf$5) refers to printf5.o(i._printf_core) for _printf_core
    printf5.o(i.__0vprintf$5) refers to global.o(i.fputc) for fputc
    printf5.o(i.__0vprintf$5) refers to stdout.o(.data) for __stdout
    printf5.o(i.__0vsnprintf$5) refers to printf5.o(i._printf_core) for _printf_core
    printf5.o(i.__0vsnprintf$5) refers to printf5.o(i._snputc) for _snputc
    printf5.o(i.__0vsprintf$5) refers to printf5.o(i._printf_core) for _printf_core
    printf5.o(i.__0vsprintf$5) refers to printf5.o(i._sputc) for _sputc
    printf5.o(i._printf_core) refers to uldiv.o(.text) for __aeabi_uldivmod
    printf6.o(i.__0fprintf$6) refers to printf6.o(i._printf_core) for _printf_core
    printf6.o(i.__0fprintf$6) refers to global.o(i.fputc) for fputc
    printf6.o(i.__0printf$6) refers to printf6.o(i._printf_core) for _printf_core
    printf6.o(i.__0printf$6) refers to global.o(i.fputc) for fputc
    printf6.o(i.__0printf$6) refers to stdout.o(.data) for __stdout
    printf6.o(i.__0snprintf$6) refers to printf6.o(i._printf_core) for _printf_core
    printf6.o(i.__0snprintf$6) refers to printf6.o(i._snputc) for _snputc
    printf6.o(i.__0sprintf$6) refers to printf6.o(i._printf_core) for _printf_core
    printf6.o(i.__0sprintf$6) refers to printf6.o(i._sputc) for _sputc
    printf6.o(i.__0vfprintf$6) refers to printf6.o(i._printf_core) for _printf_core
    printf6.o(i.__0vfprintf$6) refers to global.o(i.fputc) for fputc
    printf6.o(i.__0vprintf$6) refers to printf6.o(i._printf_core) for _printf_core
    printf6.o(i.__0vprintf$6) refers to global.o(i.fputc) for fputc
    printf6.o(i.__0vprintf$6) refers to stdout.o(.data) for __stdout
    printf6.o(i.__0vsnprintf$6) refers to printf6.o(i._printf_core) for _printf_core
    printf6.o(i.__0vsnprintf$6) refers to printf6.o(i._snputc) for _snputc
    printf6.o(i.__0vsprintf$6) refers to printf6.o(i._printf_core) for _printf_core
    printf6.o(i.__0vsprintf$6) refers to printf6.o(i._sputc) for _sputc
    printf6.o(i._printf_core) refers to printf6.o(i._printf_pre_padding) for _printf_pre_padding
    printf6.o(i._printf_core) refers to uidiv.o(.text) for __aeabi_uidivmod
    printf6.o(i._printf_core) refers to printf6.o(i._printf_post_padding) for _printf_post_padding
    printf7.o(i.__0fprintf$7) refers to printf7.o(i._printf_core) for _printf_core
    printf7.o(i.__0fprintf$7) refers to global.o(i.fputc) for fputc
    printf7.o(i.__0printf$7) refers to printf7.o(i._printf_core) for _printf_core
    printf7.o(i.__0printf$7) refers to global.o(i.fputc) for fputc
    printf7.o(i.__0printf$7) refers to stdout.o(.data) for __stdout
    printf7.o(i.__0snprintf$7) refers to printf7.o(i._printf_core) for _printf_core
    printf7.o(i.__0snprintf$7) refers to printf7.o(i._snputc) for _snputc
    printf7.o(i.__0sprintf$7) refers to printf7.o(i._printf_core) for _printf_core
    printf7.o(i.__0sprintf$7) refers to printf7.o(i._sputc) for _sputc
    printf7.o(i.__0vfprintf$7) refers to printf7.o(i._printf_core) for _printf_core
    printf7.o(i.__0vfprintf$7) refers to global.o(i.fputc) for fputc
    printf7.o(i.__0vprintf$7) refers to printf7.o(i._printf_core) for _printf_core
    printf7.o(i.__0vprintf$7) refers to global.o(i.fputc) for fputc
    printf7.o(i.__0vprintf$7) refers to stdout.o(.data) for __stdout
    printf7.o(i.__0vsnprintf$7) refers to printf7.o(i._printf_core) for _printf_core
    printf7.o(i.__0vsnprintf$7) refers to printf7.o(i._snputc) for _snputc
    printf7.o(i.__0vsprintf$7) refers to printf7.o(i._printf_core) for _printf_core
    printf7.o(i.__0vsprintf$7) refers to printf7.o(i._sputc) for _sputc
    printf7.o(i._printf_core) refers to printf7.o(i._printf_pre_padding) for _printf_pre_padding
    printf7.o(i._printf_core) refers to uldiv.o(.text) for __aeabi_uldivmod
    printf7.o(i._printf_core) refers to printf7.o(i._printf_post_padding) for _printf_post_padding
    printf8.o(i.__0fprintf$8) refers to printf8.o(i._printf_core) for _printf_core
    printf8.o(i.__0fprintf$8) refers to global.o(i.fputc) for fputc
    printf8.o(i.__0printf$8) refers to printf8.o(i._printf_core) for _printf_core
    printf8.o(i.__0printf$8) refers to global.o(i.fputc) for fputc
    printf8.o(i.__0printf$8) refers to stdout.o(.data) for __stdout
    printf8.o(i.__0snprintf$8) refers to printf8.o(i._printf_core) for _printf_core
    printf8.o(i.__0snprintf$8) refers to printf8.o(i._snputc) for _snputc
    printf8.o(i.__0sprintf$8) refers to printf8.o(i._printf_core) for _printf_core
    printf8.o(i.__0sprintf$8) refers to printf8.o(i._sputc) for _sputc
    printf8.o(i.__0vfprintf$8) refers to printf8.o(i._printf_core) for _printf_core
    printf8.o(i.__0vfprintf$8) refers to global.o(i.fputc) for fputc
    printf8.o(i.__0vprintf$8) refers to printf8.o(i._printf_core) for _printf_core
    printf8.o(i.__0vprintf$8) refers to global.o(i.fputc) for fputc
    printf8.o(i.__0vprintf$8) refers to stdout.o(.data) for __stdout
    printf8.o(i.__0vsnprintf$8) refers to printf8.o(i._printf_core) for _printf_core
    printf8.o(i.__0vsnprintf$8) refers to printf8.o(i._snputc) for _snputc
    printf8.o(i.__0vsprintf$8) refers to printf8.o(i._printf_core) for _printf_core
    printf8.o(i.__0vsprintf$8) refers to printf8.o(i._sputc) for _sputc
    printf8.o(i._printf_core) refers to printf8.o(i._printf_pre_padding) for _printf_pre_padding
    printf8.o(i._printf_core) refers to uldiv.o(.text) for __aeabi_uldivmod
    printf8.o(i._printf_core) refers to printf8.o(i._printf_post_padding) for _printf_post_padding
    printfa.o(i.__0fprintf) refers (Special) to iusefp.o(.text) for __I$use$fp
    printfa.o(i.__0fprintf) refers to printfa.o(i._printf_core) for _printf_core
    printfa.o(i.__0fprintf) refers to global.o(i.fputc) for fputc
    printfa.o(i.__0printf) refers (Special) to iusefp.o(.text) for __I$use$fp
    printfa.o(i.__0printf) refers to printfa.o(i._printf_core) for _printf_core
    printfa.o(i.__0printf) refers to global.o(i.fputc) for fputc
    printfa.o(i.__0printf) refers to stdout.o(.data) for __stdout
    printfa.o(i.__0snprintf) refers (Special) to iusefp.o(.text) for __I$use$fp
    printfa.o(i.__0snprintf) refers to printfa.o(i._printf_core) for _printf_core
    printfa.o(i.__0snprintf) refers to printfa.o(i._snputc) for _snputc
    printfa.o(i.__0sprintf) refers (Special) to iusefp.o(.text) for __I$use$fp
    printfa.o(i.__0sprintf) refers to printfa.o(i._printf_core) for _printf_core
    printfa.o(i.__0sprintf) refers to printfa.o(i._sputc) for _sputc
    printfa.o(i.__0vfprintf) refers (Special) to iusefp.o(.text) for __I$use$fp
    printfa.o(i.__0vfprintf) refers to printfa.o(i._printf_core) for _printf_core
    printfa.o(i.__0vfprintf) refers to global.o(i.fputc) for fputc
    printfa.o(i.__0vprintf) refers (Special) to iusefp.o(.text) for __I$use$fp
    printfa.o(i.__0vprintf) refers to printfa.o(i._printf_core) for _printf_core
    printfa.o(i.__0vprintf) refers to global.o(i.fputc) for fputc
    printfa.o(i.__0vprintf) refers to stdout.o(.data) for __stdout
    printfa.o(i.__0vsnprintf) refers (Special) to iusefp.o(.text) for __I$use$fp
    printfa.o(i.__0vsnprintf) refers to printfa.o(i._printf_core) for _printf_core
    printfa.o(i.__0vsnprintf) refers to printfa.o(i._snputc) for _snputc
    printfa.o(i.__0vsprintf) refers (Special) to iusefp.o(.text) for __I$use$fp
    printfa.o(i.__0vsprintf) refers to printfa.o(i._printf_core) for _printf_core
    printfa.o(i.__0vsprintf) refers to printfa.o(i._sputc) for _sputc
    printfa.o(i._fp_digits) refers (Special) to iusefp.o(.text) for __I$use$fp
    printfa.o(i._fp_digits) refers to dmul.o(.text) for __aeabi_dmul
    printfa.o(i._fp_digits) refers to ddiv.o(.text) for __aeabi_ddiv
    printfa.o(i._fp_digits) refers to cdrcmple.o(.text) for __aeabi_cdrcmple
    printfa.o(i._fp_digits) refers to dadd.o(.text) for __aeabi_dadd
    printfa.o(i._fp_digits) refers to dfixul.o(.text) for __aeabi_d2ulz
    printfa.o(i._fp_digits) refers to uldiv.o(.text) for __aeabi_uldivmod
    printfa.o(i._printf_core) refers (Special) to iusefp.o(.text) for __I$use$fp
    printfa.o(i._printf_core) refers to printfa.o(i._printf_pre_padding) for _printf_pre_padding
    printfa.o(i._printf_core) refers to uldiv.o(.text) for __aeabi_uldivmod
    printfa.o(i._printf_core) refers to printfa.o(i._printf_post_padding) for _printf_post_padding
    printfa.o(i._printf_core) refers to printfa.o(i._fp_digits) for _fp_digits
    printfa.o(i._printf_core) refers to uidiv.o(.text) for __aeabi_uidivmod
    printfa.o(i._printf_post_padding) refers (Special) to iusefp.o(.text) for __I$use$fp
    printfa.o(i._printf_pre_padding) refers (Special) to iusefp.o(.text) for __I$use$fp
    printfa.o(i._snputc) refers (Special) to iusefp.o(.text) for __I$use$fp
    printfa.o(i._sputc) refers (Special) to iusefp.o(.text) for __I$use$fp
    entry2.o(.ARM.Collect$$$$00000001) refers to entry2.o(.ARM.Collect$$$$00002712) for __lit__00000000
    entry2.o(.ARM.Collect$$$$00002712) refers to startup_gd32f10x_md.o(STACK) for __initial_sp
    entry2.o(__vectab_stack_and_reset_area) refers to startup_gd32f10x_md.o(STACK) for __initial_sp
    entry2.o(__vectab_stack_and_reset_area) refers to entry.o(.ARM.Collect$$$$00000000) for __main
    entry5.o(.ARM.Collect$$$$00000004) refers to init.o(.text) for __scatterload
    entry9a.o(.ARM.Collect$$$$0000000B) refers to app.o(i.main) for main
    entry9b.o(.ARM.Collect$$$$0000000C) refers to app.o(i.main) for main
    uldiv.o(.text) refers to llushr.o(.text) for __aeabi_llsr
    uldiv.o(.text) refers to llshl.o(.text) for __aeabi_llsl
    dadd.o(.text) refers to llshl.o(.text) for __aeabi_llsl
    dadd.o(.text) refers to llsshr.o(.text) for __aeabi_lasr
    dadd.o(.text) refers to depilogue.o(.text) for _double_epilogue
    dmul.o(.text) refers to depilogue.o(.text) for _double_epilogue
    ddiv.o(.text) refers to depilogue.o(.text) for _double_round
    dfixul.o(.text) refers to llushr.o(.text) for __aeabi_llsr
    dfixul.o(.text) refers to llshl.o(.text) for __aeabi_llsl
    init.o(.text) refers to entry5.o(.ARM.Collect$$$$00000004) for __main_after_scatterload
    depilogue.o(.text) refers to llshl.o(.text) for __aeabi_llsl
    depilogue.o(.text) refers to llushr.o(.text) for __aeabi_llsr


==============================================================================

Removing Unused input sections from the image.

    Removing app.o(.rev16_text), (4 bytes).
    Removing app.o(.revsh_text), (4 bytes).
    Removing app.o(.rrx_text), (6 bytes).
    Removing global.o(.rev16_text), (4 bytes).
    Removing global.o(.revsh_text), (4 bytes).
    Removing global.o(.rrx_text), (6 bytes).
    Removing gd32f10x_it.o(.rev16_text), (4 bytes).
    Removing gd32f10x_it.o(.revsh_text), (4 bytes).
    Removing gd32f10x_it.o(.rrx_text), (6 bytes).
    Removing gd32f10x_it.o(i.UART3_IRQHandler), (184 bytes).
    Removing systick.o(.rev16_text), (4 bytes).
    Removing systick.o(.revsh_text), (4 bytes).
    Removing systick.o(.rrx_text), (6 bytes).
    Removing systick.o(i.delay_1us), (20 bytes).
    Removing bsp_usart.o(.rev16_text), (4 bytes).
    Removing bsp_usart.o(.revsh_text), (4 bytes).
    Removing bsp_usart.o(.rrx_text), (6 bytes).
    Removing bsp_usart.o(i.dohitech_mcu_dsp1_usart_init), (112 bytes).
    Removing bsp_usart.o(i.dohitech_mcu_dsp1_usart_selfTest), (104 bytes).
    Removing bsp_usart.o(.bss), (256 bytes).
    Removing bsp_usart.o(.data), (9 bytes).
    Removing drv_dsp_reset.o(.rev16_text), (4 bytes).
    Removing drv_dsp_reset.o(.revsh_text), (4 bytes).
    Removing drv_dsp_reset.o(.rrx_text), (6 bytes).
    Removing drv_led.o(.rev16_text), (4 bytes).
    Removing drv_led.o(.revsh_text), (4 bytes).
    Removing drv_led.o(.rrx_text), (6 bytes).
    Removing gd32f10x_gpio.o(.rev16_text), (4 bytes).
    Removing gd32f10x_gpio.o(.revsh_text), (4 bytes).
    Removing gd32f10x_gpio.o(.rrx_text), (6 bytes).
    Removing gd32f10x_gpio.o(i.gpio_afio_deinit), (20 bytes).
    Removing gd32f10x_gpio.o(i.gpio_bit_reset), (4 bytes).
    Removing gd32f10x_gpio.o(i.gpio_bit_set), (4 bytes).
    Removing gd32f10x_gpio.o(i.gpio_bit_write), (10 bytes).
    Removing gd32f10x_gpio.o(i.gpio_deinit), (196 bytes).
    Removing gd32f10x_gpio.o(i.gpio_event_output_config), (28 bytes).
    Removing gd32f10x_gpio.o(i.gpio_event_output_disable), (20 bytes).
    Removing gd32f10x_gpio.o(i.gpio_event_output_enable), (20 bytes).
    Removing gd32f10x_gpio.o(i.gpio_exti_source_select), (152 bytes).
    Removing gd32f10x_gpio.o(i.gpio_input_bit_get), (16 bytes).
    Removing gd32f10x_gpio.o(i.gpio_input_port_get), (8 bytes).
    Removing gd32f10x_gpio.o(i.gpio_output_bit_get), (16 bytes).
    Removing gd32f10x_gpio.o(i.gpio_output_port_get), (8 bytes).
    Removing gd32f10x_gpio.o(i.gpio_pin_lock), (18 bytes).
    Removing gd32f10x_gpio.o(i.gpio_pin_remap_config), (144 bytes).
    Removing gd32f10x_gpio.o(i.gpio_port_write), (4 bytes).
    Removing gd32f10x_i2c.o(.rev16_text), (4 bytes).
    Removing gd32f10x_i2c.o(.revsh_text), (4 bytes).
    Removing gd32f10x_i2c.o(.rrx_text), (6 bytes).
    Removing gd32f10x_i2c.o(i.i2c_ack_config), (24 bytes).
    Removing gd32f10x_i2c.o(i.i2c_ackpos_config), (22 bytes).
    Removing gd32f10x_i2c.o(i.i2c_clock_config), (216 bytes).
    Removing gd32f10x_i2c.o(i.i2c_data_receive), (8 bytes).
    Removing gd32f10x_i2c.o(i.i2c_data_transmit), (6 bytes).
    Removing gd32f10x_i2c.o(i.i2c_deinit), (64 bytes).
    Removing gd32f10x_i2c.o(i.i2c_disable), (10 bytes).
    Removing gd32f10x_i2c.o(i.i2c_dma_enable), (16 bytes).
    Removing gd32f10x_i2c.o(i.i2c_dma_last_transfer_enable), (16 bytes).
    Removing gd32f10x_i2c.o(i.i2c_dualaddr_enable), (24 bytes).
    Removing gd32f10x_i2c.o(i.i2c_enable), (10 bytes).
    Removing gd32f10x_i2c.o(i.i2c_flag_clear), (18 bytes).
    Removing gd32f10x_i2c.o(i.i2c_flag_get), (50 bytes).
    Removing gd32f10x_i2c.o(i.i2c_interrupt_disable), (8 bytes).
    Removing gd32f10x_i2c.o(i.i2c_interrupt_enable), (8 bytes).
    Removing gd32f10x_i2c.o(i.i2c_interrupt_flag_clear), (18 bytes).
    Removing gd32f10x_i2c.o(i.i2c_interrupt_flag_get), (94 bytes).
    Removing gd32f10x_i2c.o(i.i2c_master_addressing), (20 bytes).
    Removing gd32f10x_i2c.o(i.i2c_mode_addr_config), (24 bytes).
    Removing gd32f10x_i2c.o(i.i2c_pec_enable), (16 bytes).
    Removing gd32f10x_i2c.o(i.i2c_pec_transfer_enable), (16 bytes).
    Removing gd32f10x_i2c.o(i.i2c_pec_value_get), (10 bytes).
    Removing gd32f10x_i2c.o(i.i2c_slave_response_to_gcall_config), (16 bytes).
    Removing gd32f10x_i2c.o(i.i2c_smbus_arp_enable), (16 bytes).
    Removing gd32f10x_i2c.o(i.i2c_smbus_issue_alert), (16 bytes).
    Removing gd32f10x_i2c.o(i.i2c_smbus_type_config), (24 bytes).
    Removing gd32f10x_i2c.o(i.i2c_software_reset_config), (16 bytes).
    Removing gd32f10x_i2c.o(i.i2c_start_on_bus), (10 bytes).
    Removing gd32f10x_i2c.o(i.i2c_stop_on_bus), (10 bytes).
    Removing gd32f10x_i2c.o(i.i2c_stretch_scl_low_config), (16 bytes).
    Removing gd32f10x_misc.o(.rev16_text), (4 bytes).
    Removing gd32f10x_misc.o(.revsh_text), (4 bytes).
    Removing gd32f10x_misc.o(.rrx_text), (6 bytes).
    Removing gd32f10x_misc.o(i.nvic_irq_disable), (24 bytes).
    Removing gd32f10x_misc.o(i.nvic_priority_group_set), (20 bytes).
    Removing gd32f10x_misc.o(i.nvic_vector_table_set), (20 bytes).
    Removing gd32f10x_misc.o(i.system_lowpower_reset), (16 bytes).
    Removing gd32f10x_misc.o(i.system_lowpower_set), (16 bytes).
    Removing gd32f10x_misc.o(i.systick_clksource_set), (40 bytes).
    Removing gd32f10x_pmu.o(.rev16_text), (4 bytes).
    Removing gd32f10x_pmu.o(.revsh_text), (4 bytes).
    Removing gd32f10x_pmu.o(.rrx_text), (6 bytes).
    Removing gd32f10x_pmu.o(i.pmu_backup_write_disable), (20 bytes).
    Removing gd32f10x_pmu.o(i.pmu_backup_write_enable), (20 bytes).
    Removing gd32f10x_pmu.o(i.pmu_deinit), (20 bytes).
    Removing gd32f10x_pmu.o(i.pmu_flag_clear), (48 bytes).
    Removing gd32f10x_pmu.o(i.pmu_flag_get), (24 bytes).
    Removing gd32f10x_pmu.o(i.pmu_lvd_disable), (20 bytes).
    Removing gd32f10x_pmu.o(i.pmu_lvd_select), (48 bytes).
    Removing gd32f10x_pmu.o(i.pmu_to_deepsleepmode), (68 bytes).
    Removing gd32f10x_pmu.o(i.pmu_to_sleepmode), (28 bytes).
    Removing gd32f10x_pmu.o(i.pmu_to_standbymode), (52 bytes).
    Removing gd32f10x_pmu.o(i.pmu_wakeup_pin_disable), (20 bytes).
    Removing gd32f10x_pmu.o(i.pmu_wakeup_pin_enable), (20 bytes).
    Removing gd32f10x_rcu.o(.rev16_text), (4 bytes).
    Removing gd32f10x_rcu.o(.revsh_text), (4 bytes).
    Removing gd32f10x_rcu.o(.rrx_text), (6 bytes).
    Removing gd32f10x_rcu.o(i.rcu_adc_clock_config), (72 bytes).
    Removing gd32f10x_rcu.o(i.rcu_ahb_clock_config), (24 bytes).
    Removing gd32f10x_rcu.o(i.rcu_all_reset_flag_clear), (20 bytes).
    Removing gd32f10x_rcu.o(i.rcu_apb1_clock_config), (24 bytes).
    Removing gd32f10x_rcu.o(i.rcu_apb2_clock_config), (24 bytes).
    Removing gd32f10x_rcu.o(i.rcu_bkp_reset_disable), (20 bytes).
    Removing gd32f10x_rcu.o(i.rcu_bkp_reset_enable), (20 bytes).
    Removing gd32f10x_rcu.o(i.rcu_ckout0_config), (24 bytes).
    Removing gd32f10x_rcu.o(i.rcu_deepsleep_voltage_set), (16 bytes).
    Removing gd32f10x_rcu.o(i.rcu_deinit), (76 bytes).
    Removing gd32f10x_rcu.o(i.rcu_flag_get), (36 bytes).
    Removing gd32f10x_rcu.o(i.rcu_hxtal_clock_monitor_disable), (20 bytes).
    Removing gd32f10x_rcu.o(i.rcu_hxtal_clock_monitor_enable), (20 bytes).
    Removing gd32f10x_rcu.o(i.rcu_interrupt_disable), (32 bytes).
    Removing gd32f10x_rcu.o(i.rcu_interrupt_enable), (32 bytes).
    Removing gd32f10x_rcu.o(i.rcu_interrupt_flag_clear), (32 bytes).
    Removing gd32f10x_rcu.o(i.rcu_interrupt_flag_get), (36 bytes).
    Removing gd32f10x_rcu.o(i.rcu_irc8m_adjust_value_set), (28 bytes).
    Removing gd32f10x_rcu.o(i.rcu_osci_bypass_mode_disable), (92 bytes).
    Removing gd32f10x_rcu.o(i.rcu_osci_bypass_mode_enable), (92 bytes).
    Removing gd32f10x_rcu.o(i.rcu_osci_off), (32 bytes).
    Removing gd32f10x_rcu.o(i.rcu_osci_on), (32 bytes).
    Removing gd32f10x_rcu.o(i.rcu_osci_stab_wait), (224 bytes).
    Removing gd32f10x_rcu.o(i.rcu_periph_clock_disable), (32 bytes).
    Removing gd32f10x_rcu.o(i.rcu_periph_clock_sleep_disable), (32 bytes).
    Removing gd32f10x_rcu.o(i.rcu_periph_clock_sleep_enable), (32 bytes).
    Removing gd32f10x_rcu.o(i.rcu_pll_config), (32 bytes).
    Removing gd32f10x_rcu.o(i.rcu_predv0_config), (32 bytes).
    Removing gd32f10x_rcu.o(i.rcu_rtc_clock_config), (24 bytes).
    Removing gd32f10x_rcu.o(i.rcu_system_clock_source_config), (24 bytes).
    Removing gd32f10x_rcu.o(i.rcu_system_clock_source_get), (16 bytes).
    Removing gd32f10x_rcu.o(i.rcu_usb_clock_config), (24 bytes).
    Removing gd32f10x_usart.o(.rev16_text), (4 bytes).
    Removing gd32f10x_usart.o(.revsh_text), (4 bytes).
    Removing gd32f10x_usart.o(.rrx_text), (6 bytes).
    Removing gd32f10x_usart.o(i.usart_address_config), (20 bytes).
    Removing gd32f10x_usart.o(i.usart_disable), (10 bytes).
    Removing gd32f10x_usart.o(i.usart_dma_receive_config), (16 bytes).
    Removing gd32f10x_usart.o(i.usart_dma_transmit_config), (16 bytes).
    Removing gd32f10x_usart.o(i.usart_flag_clear), (26 bytes).
    Removing gd32f10x_usart.o(i.usart_guard_time_config), (24 bytes).
    Removing gd32f10x_usart.o(i.usart_halfduplex_disable), (10 bytes).
    Removing gd32f10x_usart.o(i.usart_halfduplex_enable), (10 bytes).
    Removing gd32f10x_usart.o(i.usart_hardware_flow_cts_config), (16 bytes).
    Removing gd32f10x_usart.o(i.usart_hardware_flow_rts_config), (16 bytes).
    Removing gd32f10x_usart.o(i.usart_interrupt_flag_clear), (26 bytes).
    Removing gd32f10x_usart.o(i.usart_irda_lowpower_config), (20 bytes).
    Removing gd32f10x_usart.o(i.usart_irda_mode_disable), (10 bytes).
    Removing gd32f10x_usart.o(i.usart_irda_mode_enable), (10 bytes).
    Removing gd32f10x_usart.o(i.usart_lin_break_dection_length_config), (20 bytes).
    Removing gd32f10x_usart.o(i.usart_lin_mode_disable), (10 bytes).
    Removing gd32f10x_usart.o(i.usart_lin_mode_enable), (10 bytes).
    Removing gd32f10x_usart.o(i.usart_mute_mode_disable), (10 bytes).
    Removing gd32f10x_usart.o(i.usart_mute_mode_enable), (10 bytes).
    Removing gd32f10x_usart.o(i.usart_mute_mode_wakeup_config), (16 bytes).
    Removing gd32f10x_usart.o(i.usart_parity_config), (16 bytes).
    Removing gd32f10x_usart.o(i.usart_prescaler_config), (16 bytes).
    Removing gd32f10x_usart.o(i.usart_send_break), (10 bytes).
    Removing gd32f10x_usart.o(i.usart_smartcard_mode_disable), (10 bytes).
    Removing gd32f10x_usart.o(i.usart_smartcard_mode_enable), (10 bytes).
    Removing gd32f10x_usart.o(i.usart_smartcard_mode_nack_disable), (10 bytes).
    Removing gd32f10x_usart.o(i.usart_smartcard_mode_nack_enable), (10 bytes).
    Removing gd32f10x_usart.o(i.usart_stop_bit_set), (16 bytes).
    Removing gd32f10x_usart.o(i.usart_synchronous_clock_config), (32 bytes).
    Removing gd32f10x_usart.o(i.usart_synchronous_clock_disable), (10 bytes).
    Removing gd32f10x_usart.o(i.usart_synchronous_clock_enable), (10 bytes).
    Removing gd32f10x_usart.o(i.usart_word_length_set), (16 bytes).
    Removing startup_gd32f10x_md.o(HEAP), (8192 bytes).
    Removing system_gd32f10x.o(.rev16_text), (4 bytes).
    Removing system_gd32f10x.o(.revsh_text), (4 bytes).
    Removing system_gd32f10x.o(.rrx_text), (6 bytes).
    Removing system_gd32f10x.o(i.SystemCoreClockUpdate), (140 bytes).
    Removing gd32f103c_eval.o(.rev16_text), (4 bytes).
    Removing gd32f103c_eval.o(.revsh_text), (4 bytes).
    Removing gd32f103c_eval.o(.rrx_text), (6 bytes).
    Removing gd32f103c_eval.o(i.gd_eval_com_init), (152 bytes).
    Removing gd32f103c_eval.o(i.gd_eval_key_init), (128 bytes).
    Removing gd32f103c_eval.o(i.gd_eval_key_state_get), (32 bytes).
    Removing gd32f103c_eval.o(i.gd_eval_led_init), (64 bytes).
    Removing gd32f103c_eval.o(i.gd_eval_led_off), (24 bytes).
    Removing gd32f103c_eval.o(i.gd_eval_led_on), (24 bytes).
    Removing gd32f103c_eval.o(i.gd_eval_led_toggle), (56 bytes).
    Removing gd32f103c_eval.o(.data), (125 bytes).
    Removing gd32f10x_exti.o(.rev16_text), (4 bytes).
    Removing gd32f10x_exti.o(.revsh_text), (4 bytes).
    Removing gd32f10x_exti.o(.rrx_text), (6 bytes).
    Removing gd32f10x_exti.o(i.exti_deinit), (28 bytes).
    Removing gd32f10x_exti.o(i.exti_event_disable), (16 bytes).
    Removing gd32f10x_exti.o(i.exti_event_enable), (16 bytes).
    Removing gd32f10x_exti.o(i.exti_flag_clear), (12 bytes).
    Removing gd32f10x_exti.o(i.exti_flag_get), (24 bytes).
    Removing gd32f10x_exti.o(i.exti_init), (184 bytes).
    Removing gd32f10x_exti.o(i.exti_interrupt_disable), (16 bytes).
    Removing gd32f10x_exti.o(i.exti_interrupt_enable), (16 bytes).
    Removing gd32f10x_exti.o(i.exti_interrupt_flag_clear), (12 bytes).
    Removing gd32f10x_exti.o(i.exti_interrupt_flag_get), (36 bytes).
    Removing gd32f10x_exti.o(i.exti_software_interrupt_disable), (16 bytes).
    Removing gd32f10x_exti.o(i.exti_software_interrupt_enable), (16 bytes).
    Removing dadd.o(.text), (334 bytes).
    Removing dmul.o(.text), (228 bytes).
    Removing ddiv.o(.text), (222 bytes).
    Removing dfixul.o(.text), (48 bytes).
    Removing cdrcmple.o(.text), (48 bytes).
    Removing depilogue.o(.text), (186 bytes).

210 unused section(s) (total 15066 bytes) removed from the image.

==============================================================================

Image Symbol Table

    Local Symbols

    Symbol Name                              Value     Ov Type        Size  Object(Section)

    ../clib/microlib/division.c              0x00000000   Number         0  uldiv.o ABSOLUTE
    ../clib/microlib/division.c              0x00000000   Number         0  uidiv.o ABSOLUTE
    ../clib/microlib/init/entry.s            0x00000000   Number         0  entry.o ABSOLUTE
    ../clib/microlib/init/entry.s            0x00000000   Number         0  entry11a.o ABSOLUTE
    ../clib/microlib/init/entry.s            0x00000000   Number         0  entry8a.o ABSOLUTE
    ../clib/microlib/init/entry.s            0x00000000   Number         0  entry8b.o ABSOLUTE
    ../clib/microlib/init/entry.s            0x00000000   Number         0  entry10b.o ABSOLUTE
    ../clib/microlib/init/entry.s            0x00000000   Number         0  entry10a.o ABSOLUTE
    ../clib/microlib/init/entry.s            0x00000000   Number         0  entry7b.o ABSOLUTE
    ../clib/microlib/init/entry.s            0x00000000   Number         0  entry7a.o ABSOLUTE
    ../clib/microlib/init/entry.s            0x00000000   Number         0  entry9a.o ABSOLUTE
    ../clib/microlib/init/entry.s            0x00000000   Number         0  entry9b.o ABSOLUTE
    ../clib/microlib/init/entry.s            0x00000000   Number         0  entry5.o ABSOLUTE
    ../clib/microlib/init/entry.s            0x00000000   Number         0  entry2.o ABSOLUTE
    ../clib/microlib/init/entry.s            0x00000000   Number         0  entry11b.o ABSOLUTE
    ../clib/microlib/longlong.c              0x00000000   Number         0  llsshr.o ABSOLUTE
    ../clib/microlib/longlong.c              0x00000000   Number         0  llushr.o ABSOLUTE
    ../clib/microlib/longlong.c              0x00000000   Number         0  llshl.o ABSOLUTE
    ../clib/microlib/printf/printf.c         0x00000000   Number         0  printf2.o ABSOLUTE
    ../clib/microlib/printf/printf.c         0x00000000   Number         0  printfa.o ABSOLUTE
    ../clib/microlib/printf/printf.c         0x00000000   Number         0  printf8.o ABSOLUTE
    ../clib/microlib/printf/printf.c         0x00000000   Number         0  printf7.o ABSOLUTE
    ../clib/microlib/printf/printf.c         0x00000000   Number         0  printf4.o ABSOLUTE
    ../clib/microlib/printf/printf.c         0x00000000   Number         0  printf6.o ABSOLUTE
    ../clib/microlib/printf/printf.c         0x00000000   Number         0  printf5.o ABSOLUTE
    ../clib/microlib/printf/printf.c         0x00000000   Number         0  printf3.o ABSOLUTE
    ../clib/microlib/printf/printf.c         0x00000000   Number         0  printfb.o ABSOLUTE
    ../clib/microlib/printf/printf.c         0x00000000   Number         0  printf0.o ABSOLUTE
    ../clib/microlib/printf/printf.c         0x00000000   Number         0  printf1.o ABSOLUTE
    ../clib/microlib/stdio/streams.c         0x00000000   Number         0  stdout.o ABSOLUTE
    ../clib/microlib/string/memset.c         0x00000000   Number         0  memseta.o ABSOLUTE
    ../clib/microlib/stubs.s                 0x00000000   Number         0  iusefp.o ABSOLUTE
    ../fplib/microlib/fpadd.c                0x00000000   Number         0  dadd.o ABSOLUTE
    ../fplib/microlib/fpdiv.c                0x00000000   Number         0  ddiv.o ABSOLUTE
    ../fplib/microlib/fpepilogue.c           0x00000000   Number         0  depilogue.o ABSOLUTE
    ../fplib/microlib/fpfix.c                0x00000000   Number         0  dfixul.o ABSOLUTE
    ../fplib/microlib/fpmul.c                0x00000000   Number         0  dmul.o ABSOLUTE
    ..\USER\App.c                            0x00000000   Number         0  app.o ABSOLUTE
    ..\USER\Drv_dsp_reset.c                  0x00000000   Number         0  drv_dsp_reset.o ABSOLUTE
    ..\USER\Drv_led.c                        0x00000000   Number         0  drv_led.o ABSOLUTE
    ..\USER\bsp_usart.c                      0x00000000   Number         0  bsp_usart.o ABSOLUTE
    ..\USER\gd32f10x_it.c                    0x00000000   Number         0  gd32f10x_it.o ABSOLUTE
    ..\USER\global.c                         0x00000000   Number         0  global.o ABSOLUTE
    ..\USER\systick.c                        0x00000000   Number         0  systick.o ABSOLUTE
    ..\\USER\\App.c                          0x00000000   Number         0  app.o ABSOLUTE
    ..\\USER\\Drv_dsp_reset.c                0x00000000   Number         0  drv_dsp_reset.o ABSOLUTE
    ..\\USER\\Drv_led.c                      0x00000000   Number         0  drv_led.o ABSOLUTE
    ..\\USER\\bsp_usart.c                    0x00000000   Number         0  bsp_usart.o ABSOLUTE
    ..\\USER\\gd32f10x_it.c                  0x00000000   Number         0  gd32f10x_it.o ABSOLUTE
    ..\\USER\\global.c                       0x00000000   Number         0  global.o ABSOLUTE
    ..\\USER\\systick.c                      0x00000000   Number         0  systick.o ABSOLUTE
    RTE\Device\GD32F103RB\gd32f103c_eval.c   0x00000000   Number         0  gd32f103c_eval.o ABSOLUTE
    RTE\Device\GD32F103RB\gd32f10x_exti.c    0x00000000   Number         0  gd32f10x_exti.o ABSOLUTE
    RTE\Device\GD32F103RB\gd32f10x_gpio.c    0x00000000   Number         0  gd32f10x_gpio.o ABSOLUTE
    RTE\Device\GD32F103RB\gd32f10x_i2c.c     0x00000000   Number         0  gd32f10x_i2c.o ABSOLUTE
    RTE\Device\GD32F103RB\gd32f10x_misc.c    0x00000000   Number         0  gd32f10x_misc.o ABSOLUTE
    RTE\Device\GD32F103RB\gd32f10x_pmu.c     0x00000000   Number         0  gd32f10x_pmu.o ABSOLUTE
    RTE\Device\GD32F103RB\gd32f10x_rcu.c     0x00000000   Number         0  gd32f10x_rcu.o ABSOLUTE
    RTE\Device\GD32F103RB\gd32f10x_usart.c   0x00000000   Number         0  gd32f10x_usart.o ABSOLUTE
    RTE\Device\GD32F103RB\startup_gd32f10x_md.s 0x00000000   Number         0  startup_gd32f10x_md.o ABSOLUTE
    RTE\Device\GD32F103RB\system_gd32f10x.c  0x00000000   Number         0  system_gd32f10x.o ABSOLUTE
    RTE\\Device\\GD32F103RB\\gd32f103c_eval.c 0x00000000   Number         0  gd32f103c_eval.o ABSOLUTE
    RTE\\Device\\GD32F103RB\\gd32f10x_exti.c 0x00000000   Number         0  gd32f10x_exti.o ABSOLUTE
    RTE\\Device\\GD32F103RB\\gd32f10x_gpio.c 0x00000000   Number         0  gd32f10x_gpio.o ABSOLUTE
    RTE\\Device\\GD32F103RB\\gd32f10x_i2c.c  0x00000000   Number         0  gd32f10x_i2c.o ABSOLUTE
    RTE\\Device\\GD32F103RB\\gd32f10x_misc.c 0x00000000   Number         0  gd32f10x_misc.o ABSOLUTE
    RTE\\Device\\GD32F103RB\\gd32f10x_pmu.c  0x00000000   Number         0  gd32f10x_pmu.o ABSOLUTE
    RTE\\Device\\GD32F103RB\\gd32f10x_rcu.c  0x00000000   Number         0  gd32f10x_rcu.o ABSOLUTE
    RTE\\Device\\GD32F103RB\\gd32f10x_usart.c 0x00000000   Number         0  gd32f10x_usart.o ABSOLUTE
    RTE\\Device\\GD32F103RB\\system_gd32f10x.c 0x00000000   Number         0  system_gd32f10x.o ABSOLUTE
    cdrcmple.s                               0x00000000   Number         0  cdrcmple.o ABSOLUTE
    dc.s                                     0x00000000   Number         0  dc.o ABSOLUTE
    handlers.s                               0x00000000   Number         0  handlers.o ABSOLUTE
    init.s                                   0x00000000   Number         0  init.o ABSOLUTE
    RESET                                    0x08000000   Section      260  startup_gd32f10x_md.o(RESET)
    .ARM.Collect$$$$00000000                 0x08000104   Section        0  entry.o(.ARM.Collect$$$$00000000)
    .ARM.Collect$$$$00000001                 0x08000104   Section        4  entry2.o(.ARM.Collect$$$$00000001)
    .ARM.Collect$$$$00000004                 0x08000108   Section        4  entry5.o(.ARM.Collect$$$$00000004)
    .ARM.Collect$$$$00000008                 0x0800010c   Section        0  entry7b.o(.ARM.Collect$$$$00000008)
    .ARM.Collect$$$$0000000A                 0x0800010c   Section        0  entry8b.o(.ARM.Collect$$$$0000000A)
    .ARM.Collect$$$$0000000B                 0x0800010c   Section        8  entry9a.o(.ARM.Collect$$$$0000000B)
    .ARM.Collect$$$$0000000D                 0x08000114   Section        0  entry10a.o(.ARM.Collect$$$$0000000D)
    .ARM.Collect$$$$0000000F                 0x08000114   Section        0  entry11a.o(.ARM.Collect$$$$0000000F)
    .ARM.Collect$$$$00002712                 0x08000114   Section        4  entry2.o(.ARM.Collect$$$$00002712)
    __lit__00000000                          0x08000114   Data           4  entry2.o(.ARM.Collect$$$$00002712)
    .text                                    0x08000118   Section       36  startup_gd32f10x_md.o(.text)
    .text                                    0x0800013c   Section        0  memseta.o(.text)
    .text                                    0x08000160   Section       36  init.o(.text)
    i.BusFault_Handler                       0x08000184   Section        0  gd32f10x_it.o(i.BusFault_Handler)
    i.DebugMon_Handler                       0x08000188   Section        0  gd32f10x_it.o(i.DebugMon_Handler)
    i.HardFault_Handler                      0x0800018a   Section        0  gd32f10x_it.o(i.HardFault_Handler)
    i.MemManage_Handler                      0x0800018e   Section        0  gd32f10x_it.o(i.MemManage_Handler)
    i.NMI_Handler                            0x08000192   Section        0  gd32f10x_it.o(i.NMI_Handler)
    i.PendSV_Handler                         0x08000194   Section        0  gd32f10x_it.o(i.PendSV_Handler)
    i.SVC_Handler                            0x08000196   Section        0  gd32f10x_it.o(i.SVC_Handler)
    i.SysTick_Handler                        0x08000198   Section        0  gd32f10x_it.o(i.SysTick_Handler)
    i.SystemInit                             0x080001a0   Section        0  system_gd32f10x.o(i.SystemInit)
    i.USART0_IRQHandler                      0x08000204   Section        0  gd32f10x_it.o(i.USART0_IRQHandler)
    i.UsageFault_Handler                     0x080002bc   Section        0  gd32f10x_it.o(i.UsageFault_Handler)
    i.__0printf$bare                         0x080002c0   Section        0  printfb.o(i.__0printf$bare)
    i.__NVIC_SetPriority                     0x080002d0   Section        0  systick.o(i.__NVIC_SetPriority)
    __NVIC_SetPriority                       0x080002d1   Thumb Code    32  systick.o(i.__NVIC_SetPriority)
    i.__scatterload_copy                     0x080002f8   Section       14  handlers.o(i.__scatterload_copy)
    i.__scatterload_null                     0x08000306   Section        2  handlers.o(i.__scatterload_null)
    i.__scatterload_zeroinit                 0x08000308   Section       14  handlers.o(i.__scatterload_zeroinit)
    i._printf_core                           0x08000316   Section        0  printfb.o(i._printf_core)
    _printf_core                             0x08000317   Thumb Code    34  printfb.o(i._printf_core)
    i.delay_1ms                              0x08000338   Section        0  systick.o(i.delay_1ms)
    i.delay_decrement                        0x08000354   Section        0  systick.o(i.delay_decrement)
    i.dohitech_mcu_debug_usart_init          0x0800036c   Section        0  bsp_usart.o(i.dohitech_mcu_debug_usart_init)
    i.dohitech_mcu_dsp_reset                 0x080003d0   Section        0  drv_dsp_reset.o(i.dohitech_mcu_dsp_reset)
    i.dohitech_mcu_led_toggle                0x08000444   Section        0  drv_led.o(i.dohitech_mcu_led_toggle)
    i.dohitech_mcu_rcu_configuration         0x08000498   Section        0  global.o(i.dohitech_mcu_rcu_configuration)
    i.fputc                                  0x080004bc   Section        0  global.o(i.fputc)
    i.gpio_init                              0x080004e0   Section        0  gd32f10x_gpio.o(i.gpio_init)
    i.main                                   0x08000574   Section        0  app.o(i.main)
    i.nvic_irq_enable                        0x0800059c   Section        0  gd32f10x_misc.o(i.nvic_irq_enable)
    i.rcu_clock_freq_get                     0x08000640   Section        0  gd32f10x_rcu.o(i.rcu_clock_freq_get)
    i.rcu_periph_clock_enable                0x08000764   Section        0  gd32f10x_rcu.o(i.rcu_periph_clock_enable)
    i.rcu_periph_reset_disable               0x08000784   Section        0  gd32f10x_rcu.o(i.rcu_periph_reset_disable)
    i.rcu_periph_reset_enable                0x080007a4   Section        0  gd32f10x_rcu.o(i.rcu_periph_reset_enable)
    i.system_clock_108m_hxtal                0x080007c4   Section        0  system_gd32f10x.o(i.system_clock_108m_hxtal)
    system_clock_108m_hxtal                  0x080007c5   Thumb Code   182  system_gd32f10x.o(i.system_clock_108m_hxtal)
    i.system_clock_config                    0x08000888   Section        0  system_gd32f10x.o(i.system_clock_config)
    system_clock_config                      0x08000889   Thumb Code     8  system_gd32f10x.o(i.system_clock_config)
    i.systick_config                         0x08000890   Section        0  systick.o(i.systick_config)
    i.usart_baudrate_set                     0x080008e0   Section        0  gd32f10x_usart.o(i.usart_baudrate_set)
    i.usart_data_receive                     0x08000974   Section        0  gd32f10x_usart.o(i.usart_data_receive)
    i.usart_data_transmit                    0x0800097e   Section        0  gd32f10x_usart.o(i.usart_data_transmit)
    i.usart_deinit                           0x08000988   Section        0  gd32f10x_usart.o(i.usart_deinit)
    i.usart_enable                           0x08000a18   Section        0  gd32f10x_usart.o(i.usart_enable)
    i.usart_flag_get                         0x08000a22   Section        0  gd32f10x_usart.o(i.usart_flag_get)
    i.usart_interrupt_disable                0x08000a40   Section        0  gd32f10x_usart.o(i.usart_interrupt_disable)
    i.usart_interrupt_enable                 0x08000a5a   Section        0  gd32f10x_usart.o(i.usart_interrupt_enable)
    i.usart_interrupt_flag_get               0x08000a74   Section        0  gd32f10x_usart.o(i.usart_interrupt_flag_get)
    i.usart_receive_config                   0x08000aac   Section        0  gd32f10x_usart.o(i.usart_receive_config)
    i.usart_transmit_config                  0x08000abc   Section        0  gd32f10x_usart.o(i.usart_transmit_config)
    .data                                    0x20000000   Section       13  global.o(.data)
    .data                                    0x20000010   Section        4  systick.o(.data)
    delay                                    0x20000010   Data           4  systick.o(.data)
    .data                                    0x20000014   Section        4  system_gd32f10x.o(.data)
    .data                                    0x20000018   Section        4  stdout.o(.data)
    .bss                                     0x2000001c   Section     1536  global.o(.bss)
    STACK                                    0x20000620   Section     8192  startup_gd32f10x_md.o(STACK)

    Global Symbols

    Symbol Name                              Value     Ov Type        Size  Object(Section)

    BuildAttributes$$THM_ISAv4$P$D$K$B$S$PE$A:L22UL41UL21$X:L11$S22US41US21$IEEE1$IW$USESV6$~STKCKD$USESV7$~SHL$OSPACE$ROPI$EBA8$MICROLIB$REQ8$PRES8$EABIv2 0x00000000   Number         0  anon$$obj.o ABSOLUTE
    __ARM_use_no_argv                        0x00000000   Number         0  app.o ABSOLUTE
    __cpp_initialize__aeabi_                  - Undefined Weak Reference
    __cxa_finalize                            - Undefined Weak Reference
    __decompress                              - Undefined Weak Reference
    _clock_init                               - Undefined Weak Reference
    _microlib_exit                            - Undefined Weak Reference
    __Vectors_Size                           0x00000104   Number         0  startup_gd32f10x_md.o ABSOLUTE
    __Vectors                                0x08000000   Data           4  startup_gd32f10x_md.o(RESET)
    __Vectors_End                            0x08000104   Data           0  startup_gd32f10x_md.o(RESET)
    __main                                   0x08000105   Thumb Code     0  entry.o(.ARM.Collect$$$$00000000)
    _main_stk                                0x08000105   Thumb Code     0  entry2.o(.ARM.Collect$$$$00000001)
    _main_scatterload                        0x08000109   Thumb Code     0  entry5.o(.ARM.Collect$$$$00000004)
    __main_after_scatterload                 0x0800010d   Thumb Code     0  entry5.o(.ARM.Collect$$$$00000004)
    _main_clock                              0x0800010d   Thumb Code     0  entry7b.o(.ARM.Collect$$$$00000008)
    _main_cpp_init                           0x0800010d   Thumb Code     0  entry8b.o(.ARM.Collect$$$$0000000A)
    _main_init                               0x0800010d   Thumb Code     0  entry9a.o(.ARM.Collect$$$$0000000B)
    __rt_final_cpp                           0x08000115   Thumb Code     0  entry10a.o(.ARM.Collect$$$$0000000D)
    __rt_final_exit                          0x08000115   Thumb Code     0  entry11a.o(.ARM.Collect$$$$0000000F)
    Reset_Handler                            0x08000119   Thumb Code     8  startup_gd32f10x_md.o(.text)
    ADC0_1_IRQHandler                        0x08000133   Thumb Code     0  startup_gd32f10x_md.o(.text)
    CAN0_EWMC_IRQHandler                     0x08000133   Thumb Code     0  startup_gd32f10x_md.o(.text)
    CAN0_RX1_IRQHandler                      0x08000133   Thumb Code     0  startup_gd32f10x_md.o(.text)
    DMA0_Channel0_IRQHandler                 0x08000133   Thumb Code     0  startup_gd32f10x_md.o(.text)
    DMA0_Channel1_IRQHandler                 0x08000133   Thumb Code     0  startup_gd32f10x_md.o(.text)
    DMA0_Channel2_IRQHandler                 0x08000133   Thumb Code     0  startup_gd32f10x_md.o(.text)
    DMA0_Channel3_IRQHandler                 0x08000133   Thumb Code     0  startup_gd32f10x_md.o(.text)
    DMA0_Channel4_IRQHandler                 0x08000133   Thumb Code     0  startup_gd32f10x_md.o(.text)
    DMA0_Channel5_IRQHandler                 0x08000133   Thumb Code     0  startup_gd32f10x_md.o(.text)
    DMA0_Channel6_IRQHandler                 0x08000133   Thumb Code     0  startup_gd32f10x_md.o(.text)
    EXMC_IRQHandler                          0x08000133   Thumb Code     0  startup_gd32f10x_md.o(.text)
    EXTI0_IRQHandler                         0x08000133   Thumb Code     0  startup_gd32f10x_md.o(.text)
    EXTI10_15_IRQHandler                     0x08000133   Thumb Code     0  startup_gd32f10x_md.o(.text)
    EXTI1_IRQHandler                         0x08000133   Thumb Code     0  startup_gd32f10x_md.o(.text)
    EXTI2_IRQHandler                         0x08000133   Thumb Code     0  startup_gd32f10x_md.o(.text)
    EXTI3_IRQHandler                         0x08000133   Thumb Code     0  startup_gd32f10x_md.o(.text)
    EXTI4_IRQHandler                         0x08000133   Thumb Code     0  startup_gd32f10x_md.o(.text)
    EXTI5_9_IRQHandler                       0x08000133   Thumb Code     0  startup_gd32f10x_md.o(.text)
    FMC_IRQHandler                           0x08000133   Thumb Code     0  startup_gd32f10x_md.o(.text)
    I2C0_ER_IRQHandler                       0x08000133   Thumb Code     0  startup_gd32f10x_md.o(.text)
    I2C0_EV_IRQHandler                       0x08000133   Thumb Code     0  startup_gd32f10x_md.o(.text)
    I2C1_ER_IRQHandler                       0x08000133   Thumb Code     0  startup_gd32f10x_md.o(.text)
    I2C1_EV_IRQHandler                       0x08000133   Thumb Code     0  startup_gd32f10x_md.o(.text)
    LVD_IRQHandler                           0x08000133   Thumb Code     0  startup_gd32f10x_md.o(.text)
    RCU_IRQHandler                           0x08000133   Thumb Code     0  startup_gd32f10x_md.o(.text)
    RTC_Alarm_IRQHandler                     0x08000133   Thumb Code     0  startup_gd32f10x_md.o(.text)
    RTC_IRQHandler                           0x08000133   Thumb Code     0  startup_gd32f10x_md.o(.text)
    SPI0_IRQHandler                          0x08000133   Thumb Code     0  startup_gd32f10x_md.o(.text)
    SPI1_IRQHandler                          0x08000133   Thumb Code     0  startup_gd32f10x_md.o(.text)
    TAMPER_IRQHandler                        0x08000133   Thumb Code     0  startup_gd32f10x_md.o(.text)
    TIMER0_BRK_IRQHandler                    0x08000133   Thumb Code     0  startup_gd32f10x_md.o(.text)
    TIMER0_Channel_IRQHandler                0x08000133   Thumb Code     0  startup_gd32f10x_md.o(.text)
    TIMER0_TRG_CMT_IRQHandler                0x08000133   Thumb Code     0  startup_gd32f10x_md.o(.text)
    TIMER0_UP_IRQHandler                     0x08000133   Thumb Code     0  startup_gd32f10x_md.o(.text)
    TIMER1_IRQHandler                        0x08000133   Thumb Code     0  startup_gd32f10x_md.o(.text)
    TIMER2_IRQHandler                        0x08000133   Thumb Code     0  startup_gd32f10x_md.o(.text)
    TIMER3_IRQHandler                        0x08000133   Thumb Code     0  startup_gd32f10x_md.o(.text)
    USART1_IRQHandler                        0x08000133   Thumb Code     0  startup_gd32f10x_md.o(.text)
    USART2_IRQHandler                        0x08000133   Thumb Code     0  startup_gd32f10x_md.o(.text)
    USBD_HP_CAN0_TX_IRQHandler               0x08000133   Thumb Code     0  startup_gd32f10x_md.o(.text)
    USBD_LP_CAN0_RX0_IRQHandler              0x08000133   Thumb Code     0  startup_gd32f10x_md.o(.text)
    USBD_WKUP_IRQHandler                     0x08000133   Thumb Code     0  startup_gd32f10x_md.o(.text)
    WWDGT_IRQHandler                         0x08000133   Thumb Code     0  startup_gd32f10x_md.o(.text)
    __aeabi_memset                           0x0800013d   Thumb Code    14  memseta.o(.text)
    __aeabi_memset4                          0x0800013d   Thumb Code     0  memseta.o(.text)
    __aeabi_memset8                          0x0800013d   Thumb Code     0  memseta.o(.text)
    __aeabi_memclr                           0x0800014b   Thumb Code     4  memseta.o(.text)
    __aeabi_memclr4                          0x0800014b   Thumb Code     0  memseta.o(.text)
    __aeabi_memclr8                          0x0800014b   Thumb Code     0  memseta.o(.text)
    _memset$wrapper                          0x0800014f   Thumb Code    18  memseta.o(.text)
    __scatterload                            0x08000161   Thumb Code    28  init.o(.text)
    __scatterload_rt2                        0x08000161   Thumb Code     0  init.o(.text)
    BusFault_Handler                         0x08000185   Thumb Code     4  gd32f10x_it.o(i.BusFault_Handler)
    DebugMon_Handler                         0x08000189   Thumb Code     2  gd32f10x_it.o(i.DebugMon_Handler)
    HardFault_Handler                        0x0800018b   Thumb Code     4  gd32f10x_it.o(i.HardFault_Handler)
    MemManage_Handler                        0x0800018f   Thumb Code     4  gd32f10x_it.o(i.MemManage_Handler)
    NMI_Handler                              0x08000193   Thumb Code     2  gd32f10x_it.o(i.NMI_Handler)
    PendSV_Handler                           0x08000195   Thumb Code     2  gd32f10x_it.o(i.PendSV_Handler)
    SVC_Handler                              0x08000197   Thumb Code     2  gd32f10x_it.o(i.SVC_Handler)
    SysTick_Handler                          0x08000199   Thumb Code     8  gd32f10x_it.o(i.SysTick_Handler)
    SystemInit                               0x080001a1   Thumb Code    84  system_gd32f10x.o(i.SystemInit)
    USART0_IRQHandler                        0x08000205   Thumb Code   148  gd32f10x_it.o(i.USART0_IRQHandler)
    UsageFault_Handler                       0x080002bd   Thumb Code     4  gd32f10x_it.o(i.UsageFault_Handler)
    __0printf$bare                           0x080002c1   Thumb Code     8  printfb.o(i.__0printf$bare)
    __1printf$bare                           0x080002c1   Thumb Code     0  printfb.o(i.__0printf$bare)
    __2printf                                0x080002c1   Thumb Code     0  printfb.o(i.__0printf$bare)
    __scatterload_copy                       0x080002f9   Thumb Code    14  handlers.o(i.__scatterload_copy)
    __scatterload_null                       0x08000307   Thumb Code     2  handlers.o(i.__scatterload_null)
    __scatterload_zeroinit                   0x08000309   Thumb Code    14  handlers.o(i.__scatterload_zeroinit)
    delay_1ms                                0x08000339   Thumb Code    22  systick.o(i.delay_1ms)
    delay_decrement                          0x08000355   Thumb Code    18  systick.o(i.delay_decrement)
    dohitech_mcu_debug_usart_init            0x0800036d   Thumb Code    90  bsp_usart.o(i.dohitech_mcu_debug_usart_init)
    dohitech_mcu_dsp_reset                   0x080003d1   Thumb Code   104  drv_dsp_reset.o(i.dohitech_mcu_dsp_reset)
    dohitech_mcu_led_toggle                  0x08000445   Thumb Code    76  drv_led.o(i.dohitech_mcu_led_toggle)
    dohitech_mcu_rcu_configuration           0x08000499   Thumb Code    36  global.o(i.dohitech_mcu_rcu_configuration)
    fputc                                    0x080004bd   Thumb Code    32  global.o(i.fputc)
    gpio_init                                0x080004e1   Thumb Code   148  gd32f10x_gpio.o(i.gpio_init)
    main                                     0x08000575   Thumb Code    34  app.o(i.main)
    nvic_irq_enable                          0x0800059d   Thumb Code   156  gd32f10x_misc.o(i.nvic_irq_enable)
    rcu_clock_freq_get                       0x08000641   Thumb Code   264  gd32f10x_rcu.o(i.rcu_clock_freq_get)
    rcu_periph_clock_enable                  0x08000765   Thumb Code    28  gd32f10x_rcu.o(i.rcu_periph_clock_enable)
    rcu_periph_reset_disable                 0x08000785   Thumb Code    28  gd32f10x_rcu.o(i.rcu_periph_reset_disable)
    rcu_periph_reset_enable                  0x080007a5   Thumb Code    28  gd32f10x_rcu.o(i.rcu_periph_reset_enable)
    systick_config                           0x08000891   Thumb Code    72  systick.o(i.systick_config)
    usart_baudrate_set                       0x080008e1   Thumb Code   140  gd32f10x_usart.o(i.usart_baudrate_set)
    usart_data_receive                       0x08000975   Thumb Code    10  gd32f10x_usart.o(i.usart_data_receive)
    usart_data_transmit                      0x0800097f   Thumb Code     8  gd32f10x_usart.o(i.usart_data_transmit)
    usart_deinit                             0x08000989   Thumb Code   136  gd32f10x_usart.o(i.usart_deinit)
    usart_enable                             0x08000a19   Thumb Code    10  gd32f10x_usart.o(i.usart_enable)
    usart_flag_get                           0x08000a23   Thumb Code    30  gd32f10x_usart.o(i.usart_flag_get)
    usart_interrupt_disable                  0x08000a41   Thumb Code    26  gd32f10x_usart.o(i.usart_interrupt_disable)
    usart_interrupt_enable                   0x08000a5b   Thumb Code    26  gd32f10x_usart.o(i.usart_interrupt_enable)
    usart_interrupt_flag_get                 0x08000a75   Thumb Code    56  gd32f10x_usart.o(i.usart_interrupt_flag_get)
    usart_receive_config                     0x08000aad   Thumb Code    16  gd32f10x_usart.o(i.usart_receive_config)
    usart_transmit_config                    0x08000abd   Thumb Code    16  gd32f10x_usart.o(i.usart_transmit_config)
    Region$$Table$$Base                      0x08000acc   Number         0  anon$$obj.o(Region$$Table)
    Region$$Table$$Limit                     0x08000aec   Number         0  anon$$obj.o(Region$$Table)
    debugUsartRxCnt                          0x20000000   Data           1  global.o(.data)
    debugUsartTxCnt                          0x20000001   Data           1  global.o(.data)
    debugUsartRxSize                         0x20000002   Data           2  global.o(.data)
    debugUsartTxSize                         0x20000004   Data           1  global.o(.data)
    fpgaUsartRxCnt                           0x20000005   Data           1  global.o(.data)
    fpgaUsartTxCnt                           0x20000006   Data           1  global.o(.data)
    fpgaUsartRxSize                          0x20000007   Data           1  global.o(.data)
    fpgaUsartTxSize                          0x20000008   Data           1  global.o(.data)
    dsp1UsartRxCnt                           0x20000009   Data           1  global.o(.data)
    dsp1UsartTxCnt                           0x2000000a   Data           1  global.o(.data)
    dsp1UsartRxSize                          0x2000000b   Data           1  global.o(.data)
    dsp1UsartTxSize                          0x2000000c   Data           1  global.o(.data)
    SystemCoreClock                          0x20000014   Data           4  system_gd32f10x.o(.data)
    __stdout                                 0x20000018   Data           4  stdout.o(.data)
    debugUsartRxBuffer                       0x2000001c   Data         256  global.o(.bss)
    debugUsartTxBuffer                       0x2000011c   Data         256  global.o(.bss)
    fpgaUsartRxBuffer                        0x2000021c   Data         256  global.o(.bss)
    fpgaUsartTxBuffer                        0x2000031c   Data         256  global.o(.bss)
    dsp1UsartRxBuffer                        0x2000041c   Data         256  global.o(.bss)
    dsp1UsartTxBuffer                        0x2000051c   Data         256  global.o(.bss)
    __initial_sp                             0x20002620   Data           0  startup_gd32f10x_md.o(STACK)



==============================================================================

Memory Map of the image

  Image Entry point : 0x08000105

  Load Region LR_IROM1 (Base: 0x08000000, Size: 0x00000b08, Max: 0x00020000, ABSOLUTE)

    Execution Region ER_IROM1 (Exec base: 0x08000000, Load base: 0x08000000, Size: 0x00000aec, Max: 0x00020000, ABSOLUTE)

    Exec Addr    Load Addr    Size         Type   Attr      Idx    E Section Name        Object

    0x08000000   0x08000000   0x00000104   Data   RO         1363    RESET               startup_gd32f10x_md.o
    0x08000104   0x08000104   0x00000000   Code   RO         1569  * .ARM.Collect$$$$00000000  mc_w.l(entry.o)
    0x08000104   0x08000104   0x00000004   Code   RO         1834    .ARM.Collect$$$$00000001  mc_w.l(entry2.o)
    0x08000108   0x08000108   0x00000004   Code   RO         1837    .ARM.Collect$$$$00000004  mc_w.l(entry5.o)
    0x0800010c   0x0800010c   0x00000000   Code   RO         1839    .ARM.Collect$$$$00000008  mc_w.l(entry7b.o)
    0x0800010c   0x0800010c   0x00000000   Code   RO         1841    .ARM.Collect$$$$0000000A  mc_w.l(entry8b.o)
    0x0800010c   0x0800010c   0x00000008   Code   RO         1842    .ARM.Collect$$$$0000000B  mc_w.l(entry9a.o)
    0x08000114   0x08000114   0x00000000   Code   RO         1844    .ARM.Collect$$$$0000000D  mc_w.l(entry10a.o)
    0x08000114   0x08000114   0x00000000   Code   RO         1846    .ARM.Collect$$$$0000000F  mc_w.l(entry11a.o)
    0x08000114   0x08000114   0x00000004   Code   RO         1835    .ARM.Collect$$$$00002712  mc_w.l(entry2.o)
    0x08000118   0x08000118   0x00000024   Code   RO         1364    .text               startup_gd32f10x_md.o
    0x0800013c   0x0800013c   0x00000024   Code   RO         1572    .text               mc_w.l(memseta.o)
    0x08000160   0x08000160   0x00000024   Code   RO         1864    .text               mc_w.l(init.o)
    0x08000184   0x08000184   0x00000004   Code   RO          145    i.BusFault_Handler  gd32f10x_it.o
    0x08000188   0x08000188   0x00000002   Code   RO          146    i.DebugMon_Handler  gd32f10x_it.o
    0x0800018a   0x0800018a   0x00000004   Code   RO          147    i.HardFault_Handler  gd32f10x_it.o
    0x0800018e   0x0800018e   0x00000004   Code   RO          148    i.MemManage_Handler  gd32f10x_it.o
    0x08000192   0x08000192   0x00000002   Code   RO          149    i.NMI_Handler       gd32f10x_it.o
    0x08000194   0x08000194   0x00000002   Code   RO          150    i.PendSV_Handler    gd32f10x_it.o
    0x08000196   0x08000196   0x00000002   Code   RO          151    i.SVC_Handler       gd32f10x_it.o
    0x08000198   0x08000198   0x00000008   Code   RO          152    i.SysTick_Handler   gd32f10x_it.o
    0x080001a0   0x080001a0   0x00000064   Code   RO         1372    i.SystemInit        system_gd32f10x.o
    0x08000204   0x08000204   0x000000b8   Code   RO          154    i.USART0_IRQHandler  gd32f10x_it.o
    0x080002bc   0x080002bc   0x00000004   Code   RO          155    i.UsageFault_Handler  gd32f10x_it.o
    0x080002c0   0x080002c0   0x00000010   Code   RO         1575    i.__0printf$bare    mc_w.l(printfb.o)
    0x080002d0   0x080002d0   0x00000028   Code   RO          233    i.__NVIC_SetPriority  systick.o
    0x080002f8   0x080002f8   0x0000000e   Code   RO         1876    i.__scatterload_copy  mc_w.l(handlers.o)
    0x08000306   0x08000306   0x00000002   Code   RO         1877    i.__scatterload_null  mc_w.l(handlers.o)
    0x08000308   0x08000308   0x0000000e   Code   RO         1878    i.__scatterload_zeroinit  mc_w.l(handlers.o)
    0x08000316   0x08000316   0x00000022   Code   RO         1582    i._printf_core      mc_w.l(printfb.o)
    0x08000338   0x08000338   0x0000001c   Code   RO          234    i.delay_1ms         systick.o
    0x08000354   0x08000354   0x00000018   Code   RO          236    i.delay_decrement   systick.o
    0x0800036c   0x0800036c   0x00000064   Code   RO          286    i.dohitech_mcu_debug_usart_init  bsp_usart.o
    0x080003d0   0x080003d0   0x00000074   Code   RO          330    i.dohitech_mcu_dsp_reset  drv_dsp_reset.o
    0x08000444   0x08000444   0x00000054   Code   RO          358    i.dohitech_mcu_led_toggle  drv_led.o
    0x08000498   0x08000498   0x00000024   Code   RO          104    i.dohitech_mcu_rcu_configuration  global.o
    0x080004bc   0x080004bc   0x00000024   Code   RO          105    i.fputc             global.o
    0x080004e0   0x080004e0   0x00000094   Code   RO          395    i.gpio_init         gd32f10x_gpio.o
    0x08000574   0x08000574   0x00000028   Code   RO            4    i.main              app.o
    0x0800059c   0x0800059c   0x000000a4   Code   RO          705    i.nvic_irq_enable   gd32f10x_misc.o
    0x08000640   0x08000640   0x00000124   Code   RO          862    i.rcu_clock_freq_get  gd32f10x_rcu.o
    0x08000764   0x08000764   0x00000020   Code   RO          879    i.rcu_periph_clock_enable  gd32f10x_rcu.o
    0x08000784   0x08000784   0x00000020   Code   RO          882    i.rcu_periph_reset_disable  gd32f10x_rcu.o
    0x080007a4   0x080007a4   0x00000020   Code   RO          883    i.rcu_periph_reset_enable  gd32f10x_rcu.o
    0x080007c4   0x080007c4   0x000000c4   Code   RO         1373    i.system_clock_108m_hxtal  system_gd32f10x.o
    0x08000888   0x08000888   0x00000008   Code   RO         1374    i.system_clock_config  system_gd32f10x.o
    0x08000890   0x08000890   0x00000050   Code   RO          237    i.systick_config    systick.o
    0x080008e0   0x080008e0   0x00000094   Code   RO         1089    i.usart_baudrate_set  gd32f10x_usart.o
    0x08000974   0x08000974   0x0000000a   Code   RO         1090    i.usart_data_receive  gd32f10x_usart.o
    0x0800097e   0x0800097e   0x00000008   Code   RO         1091    i.usart_data_transmit  gd32f10x_usart.o
    0x08000986   0x08000986   0x00000002   PAD
    0x08000988   0x08000988   0x00000090   Code   RO         1092    i.usart_deinit      gd32f10x_usart.o
    0x08000a18   0x08000a18   0x0000000a   Code   RO         1096    i.usart_enable      gd32f10x_usart.o
    0x08000a22   0x08000a22   0x0000001e   Code   RO         1098    i.usart_flag_get    gd32f10x_usart.o
    0x08000a40   0x08000a40   0x0000001a   Code   RO         1104    i.usart_interrupt_disable  gd32f10x_usart.o
    0x08000a5a   0x08000a5a   0x0000001a   Code   RO         1105    i.usart_interrupt_enable  gd32f10x_usart.o
    0x08000a74   0x08000a74   0x00000038   Code   RO         1107    i.usart_interrupt_flag_get  gd32f10x_usart.o
    0x08000aac   0x08000aac   0x00000010   Code   RO         1119    i.usart_receive_config  gd32f10x_usart.o
    0x08000abc   0x08000abc   0x00000010   Code   RO         1129    i.usart_transmit_config  gd32f10x_usart.o
    0x08000acc   0x08000acc   0x00000020   Data   RO         1874    Region$$Table       anon$$obj.o


    Execution Region RW_IRAM1 (Exec base: 0x20000000, Load base: 0x08000aec, Size: 0x00002620, Max: 0x00005000, ABSOLUTE)

    Exec Addr    Load Addr    Size         Type   Attr      Idx    E Section Name        Object

    0x20000000   0x08000aec   0x0000000d   Data   RW          107    .data               global.o
    0x2000000d   0x08000af9   0x00000003   PAD
    0x20000010   0x08000afc   0x00000004   Data   RW          238    .data               systick.o
    0x20000014   0x08000b00   0x00000004   Data   RW         1375    .data               system_gd32f10x.o
    0x20000018   0x08000b04   0x00000004   Data   RW         1848    .data               mc_w.l(stdout.o)
    0x2000001c        -       0x00000600   Zero   RW          106    .bss                global.o
    0x2000061c   0x08000b08   0x00000004   PAD
    0x20000620        -       0x00002000   Zero   RW         1361    STACK               startup_gd32f10x_md.o


==============================================================================

Image component sizes


      Code (inc. data)   RO Data    RW Data    ZI Data      Debug   Object Name

        40          6          0          0          0      27699   app.o
       100         10          0          0          0        568   bsp_usart.o
       116         12          0          0          0        493   drv_dsp_reset.o
        84          8          0          0          0        470   drv_led.o
       148          0          0          0          0        812   gd32f10x_gpio.o
       216         36          0          0          0       4162   gd32f10x_it.o
       164          8          0          0          0        766   gd32f10x_misc.o
       388         40          0          0          0       2612   gd32f10x_rcu.o
       490         16          0          0          0       6432   gd32f10x_usart.o
        72          4          0         13       1536       3747   global.o
        36          8        260          0       8192        800   startup_gd32f10x_md.o
       304         30          0          4          0       1711   system_gd32f10x.o
       172         28          0          4          0      27322   systick.o

    ----------------------------------------------------------------------
      2332        206        292         24       9732      77594   Object Totals
         0          0         32          0          0          0   (incl. Generated)
         2          0          0          3          4          0   (incl. Padding)

    ----------------------------------------------------------------------

      Code (inc. data)   RO Data    RW Data    ZI Data      Debug   Library Member Name

         0          0          0          0          0          0   entry.o
         0          0          0          0          0          0   entry10a.o
         0          0          0          0          0          0   entry11a.o
         8          4          0          0          0          0   entry2.o
         4          0          0          0          0          0   entry5.o
         0          0          0          0          0          0   entry7b.o
         0          0          0          0          0          0   entry8b.o
         8          4          0          0          0          0   entry9a.o
        30          0          0          0          0          0   handlers.o
        36          8          0          0          0         68   init.o
        36          0          0          0          0        108   memseta.o
        50          8          0          0          0        152   printfb.o
         0          0          0          4          0          0   stdout.o

    ----------------------------------------------------------------------
       172         24          0          4          0        328   Library Totals
         0          0          0          0          0          0   (incl. Padding)

    ----------------------------------------------------------------------

      Code (inc. data)   RO Data    RW Data    ZI Data      Debug   Library Name

       172         24          0          4          0        328   mc_w.l

    ----------------------------------------------------------------------
       172         24          0          4          0        328   Library Totals

    ----------------------------------------------------------------------

==============================================================================


      Code (inc. data)   RO Data    RW Data    ZI Data      Debug   

      2504        230        292         28       9732      76098   Grand Totals
      2504        230        292         28       9732      76098   ELF Image Totals
      2504        230        292         28          0          0   ROM Totals

==============================================================================

    Total RO  Size (Code + RO Data)                 2796 (   2.73kB)
    Total RW  Size (RW Data + ZI Data)              9760 (   9.53kB)
    Total ROM Size (Code + RO Data + RW Data)       2824 (   2.76kB)

==============================================================================

