Component: ARM Compiler 5.06 update 7 (build 960) Tool: armlink [4d3601]

==============================================================================

Section Cross References

    app.o(i.RecvDspSolve) refers to app.o(.data) for zhenID
    app.o(i.SelfonlineCheck) refers to drv_ds18b20.o(i.ds18b20_test) for ds18b20_test
    app.o(i.SelfonlineCheck) refers to ffixui.o(.text) for __aeabi_f2uiz
    app.o(i.SelfonlineCheck) refers to bsp_adc.o(i.DohitechMcuAdcState) for DohitechMcuAdcState
    app.o(i.SelfonlineCheck) refers to command.o(.data) for Self_check_status
    app.o(i.dohitech_mcu_hardware_init) refers to systick.o(i.systick_config) for systick_config
    app.o(i.dohitech_mcu_hardware_init) refers to global.o(i.dohitech_mcu_rcu_configuration) for dohitech_mcu_rcu_configuration
    app.o(i.dohitech_mcu_hardware_init) refers to gd32f10x_gpio.o(i.gpio_pin_remap_config) for gpio_pin_remap_config
    app.o(i.dohitech_mcu_hardware_init) refers to bsp_usart.o(i.dohitech_mcu_debug_usart_init) for dohitech_mcu_debug_usart_init
    app.o(i.dohitech_mcu_hardware_init) refers to printfa.o(i.__0printf) for __2printf
    app.o(i.dohitech_mcu_hardware_init) refers to drv_dsp_reset.o(i.dohitech_mcu_dsp_reset) for dohitech_mcu_dsp_reset
    app.o(i.dohitech_mcu_hardware_init) refers to bsp_usart.o(i.dohitech_mcu_dsp1_usart_init) for dohitech_mcu_dsp1_usart_init
    app.o(i.dohitech_mcu_hardware_init) refers to bsp_usart.o(i.dohitech_mcu_fpga_usart_init) for dohitech_mcu_fpga_usart_init
    app.o(i.dohitech_mcu_hardware_init) refers to bsp_adc.o(i.dohitech_mcu_adc_init) for dohitech_mcu_adc_init
    app.o(i.dohitech_mcu_hardware_init) refers to drv_fpga.o(i.dohitech_mcu_v7_mode_set) for dohitech_mcu_v7_mode_set
    app.o(i.dohitech_mcu_hardware_init) refers to drv_fpga.o(i.DohitechMcuResetV7) for DohitechMcuResetV7
    app.o(i.dohitech_mcu_hardware_init) refers to drv_fpga.o(i.dohitech_mcu_v7_gpio) for dohitech_mcu_v7_gpio
    app.o(i.dohitech_mcu_hardware_init) refers to bsp_timer.o(i.dohitech_mcu_bsp_timer_init) for dohitech_mcu_bsp_timer_init
    app.o(i.dohitech_mcu_hardware_init) refers to global.o(i.dohitech_board_oem) for dohitech_board_oem
    app.o(i.dohitech_mcu_hardware_init) refers to global.o(.data) for debugUsartRxCnt
    app.o(i.dohitech_mcu_task_1s) refers to bsp_i2c.o(i.dohitech_mcu_i2c_test) for dohitech_mcu_i2c_test
    app.o(i.dohitech_mcu_task_2s) refers to drv_ds18b20.o(i.ds18b20_test) for ds18b20_test
    app.o(i.dohitech_mcu_task_2s) refers to drv_ds18b20.o(i.ds18b20_2_test) for ds18b20_2_test
    app.o(i.dohitech_mcu_task_2s) refers to drv_ds18b20.o(i.ds18b20_3_test) for ds18b20_3_test
    app.o(i.dohitech_mcu_task_2s) refers to bsp_adc.o(i.dohitech_mcu_adc_value_get) for dohitech_mcu_adc_value_get
    app.o(i.main) refers to gd32f10x_rcu.o(i.rcu_deinit) for rcu_deinit
    app.o(i.main) refers to gd32f10x_misc.o(i.nvic_vector_table_set) for nvic_vector_table_set
    app.o(i.main) refers to system_gd32f10x.o(i.SystemInit) for SystemInit
    app.o(i.main) refers to app.o(i.dohitech_mcu_hardware_init) for dohitech_mcu_hardware_init
    app.o(i.main) refers to bsp_dma.o(i.DMA_config) for DMA_config
    app.o(i.main) refers to systick.o(i.delay_1ms) for delay_1ms
    app.o(i.main) refers to gd32f10x_usart.o(i.usart_data_transmit) for usart_data_transmit
    app.o(i.main) refers to app.o(i.RecvDspSolve) for RecvDspSolve
    app.o(i.main) refers to gd32f10x_gpio.o(i.gpio_bit_set) for gpio_bit_set
    app.o(i.main) refers to systick.o(i.delay_1us) for delay_1us
    app.o(i.main) refers to gd32f10x_gpio.o(i.gpio_bit_reset) for gpio_bit_reset
    app.o(i.main) refers to drv_dsp_reset.o(i.dohitech_mcu_dsp_reset) for dohitech_mcu_dsp_reset
    app.o(i.main) refers to command.o(i.process_command) for process_command
    app.o(i.main) refers to app.o(i.SelfonlineCheck) for SelfonlineCheck
    app.o(i.main) refers to drv_led.o(i.dohitech_mcu_led_toggle) for dohitech_mcu_led_toggle
    app.o(i.main) refers to bsp_dma.o(.data) for USART_RX_NUM
    app.o(i.main) refers to bsp_dma.o(.bss) for rx0_date_buf
    app.o(i.main) refers to gd32f10x_it.o(.data) for gMCU_V7_GPIO6_Flg
    flash.o(i.CRC_FLASH) refers to gd32f10x_rcu.o(i.rcu_periph_clock_enable) for rcu_periph_clock_enable
    flash.o(i.FLASH_Program) refers to gd32f10x_fmc.o(i.fmc_unlock) for fmc_unlock
    flash.o(i.FLASH_Program) refers to gd32f10x_fmc.o(i.fmc_flag_clear) for fmc_flag_clear
    flash.o(i.FLASH_Program) refers to gd32f10x_fmc.o(i.fmc_word_program) for fmc_word_program
    flash.o(i.FLASH_Program) refers to gd32f10x_fmc.o(i.fmc_lock) for fmc_lock
    flash.o(i.erase_page) refers to gd32f10x_fmc.o(i.fmc_unlock) for fmc_unlock
    flash.o(i.erase_page) refers to gd32f10x_fmc.o(i.fmc_flag_clear) for fmc_flag_clear
    flash.o(i.erase_page) refers to gd32f10x_fmc.o(i.fmc_page_erase) for fmc_page_erase
    command.o(i.command_check) refers to command.o(i.compare_packet_header) for compare_packet_header
[...]
    ..\\USER\\command.c                      0x00000000   Number         0  command.o ABSOLUTE
    ..\\USER\\drv_power_down.c               0x00000000   Number         0  drv_power_down.o ABSOLUTE
    ..\\USER\\drv_vpx.c                      0x00000000   Number         0  drv_vpx.o ABSOLUTE
    ..\\USER\\gd32f10x_it.c                  0x00000000   Number         0  gd32f10x_it.o ABSOLUTE
    ..\\USER\\global.c                       0x00000000   Number         0  global.o ABSOLUTE
    ..\\USER\\systick.c                      0x00000000   Number         0  systick.o ABSOLUTE
    RTE\Device\GD32F103RB\gd32f103c_eval.c   0x00000000   Number         0  gd32f103c_eval.o ABSOLUTE
    RTE\Device\GD32F103RB\gd32f10x_adc.c     0x00000000   Number         0  gd32f10x_adc.o ABSOLUTE
    RTE\Device\GD32F103RB\gd32f10x_crc.c     0x00000000   Number         0  gd32f10x_crc.o ABSOLUTE
    RTE\Device\GD32F103RB\gd32f10x_dma.c     0x00000000   Number         0  gd32f10x_dma.o ABSOLUTE
    RTE\Device\GD32F103RB\gd32f10x_exti.c    0x00000000   Number         0  gd32f10x_exti.o ABSOLUTE
    RTE\Device\GD32F103RB\gd32f10x_fmc.c     0x00000000   Number         0  gd32f10x_fmc.o ABSOLUTE
    RTE\Device\GD32F103RB\gd32f10x_gpio.c    0x00000000   Number         0  gd32f10x_gpio.o ABSOLUTE
    RTE\Device\GD32F103RB\gd32f10x_i2c.c     0x00000000   Number         0  gd32f10x_i2c.o ABSOLUTE
    RTE\Device\GD32F103RB\gd32f10x_misc.c    0x00000000   Number         0  gd32f10x_misc.o ABSOLUTE
    RTE\Device\GD32F103RB\gd32f10x_pmu.c     0x00000000   Number         0  gd32f10x_pmu.o ABSOLUTE
    RTE\Device\GD32F103RB\gd32f10x_rcu.c     0x00000000   Number         0  gd32f10x_rcu.o ABSOLUTE
    RTE\Device\GD32F103RB\gd32f10x_timer.c   0x00000000   Number         0  gd32f10x_timer.o ABSOLUTE
    RTE\Device\GD32F103RB\gd32f10x_usart.c   0x00000000   Number         0  gd32f10x_usart.o ABSOLUTE
    RTE\Device\GD32F103RB\startup_gd32f10x_md.s 0x00000000   Number         0  startup_gd32f10x_md.o ABSOLUTE
    RTE\Device\GD32F103RB\system_gd32f10x.c  0x00000000   Number         0  system_gd32f10x.o ABSOLUTE
    RTE\\Device\\GD32F103RB\\gd32f103c_eval.c 0x00000000   Number         0  gd32f103c_eval.o ABSOLUTE
    RTE\\Device\\GD32F103RB\\gd32f10x_adc.c  0x00000000   Number         0  gd32f10x_adc.o ABSOLUTE
    RTE\\Device\\GD32F103RB\\gd32f10x_crc.c  0x00000000   Number         0  gd32f10x_crc.o ABSOLUTE
    RTE\\Device\\GD32F103RB\\gd32f10x_dma.c  0x00000000   Number         0  gd32f10x_dma.o ABSOLUTE
    RTE\\Device\\GD32F103RB\\gd32f10x_exti.c 0x00000000   Number         0  gd32f10x_exti.o ABSOLUTE
    RTE\\Device\\GD32F103RB\\gd32f10x_fmc.c  0x00000000   Number         0  gd32f10x_fmc.o ABSOLUTE
    RTE\\Device\\GD32F103RB\\gd32f10x_gpio.c 0x00000000   Number         0  gd32f10x_gpio.o ABSOLUTE
    RTE\\Device\\GD32F103RB\\gd32f10x_i2c.c  0x00000000   Number         0  gd32f10x_i2c.o ABSOLUTE
    RTE\\Device\\GD32F103RB\\gd32f10x_misc.c 0x00000000   Number         0  gd32f10x_misc.o ABSOLUTE
    RTE\\Device\\GD32F103RB\\gd32f10x_pmu.c  0x00000000   Number         0  gd32f10x_pmu.o ABSOLUTE
    RTE\\Device\\GD32F103RB\\gd32f10x_rcu.c  0x00000000   Number         0  gd32f10x_rcu.o ABSOLUTE
    RTE\\Device\\GD32F103RB\\gd32f10x_timer.c 0x00000000   Number         0  gd32f10x_timer.o ABSOLUTE
    RTE\\Device\\GD32F103RB\\gd32f10x_usart.c 0x00000000   Number         0  gd32f10x_usart.o ABSOLUTE
    RTE\\Device\\GD32F103RB\\system_gd32f10x.c 0x00000000   Number         0  system_gd32f10x.o ABSOLUTE
    cdrcmple.s                               0x00000000   Number         0  cdrcmple.o ABSOLUTE
    cfcmple.s                                0x00000000   Number         0  cfcmple.o ABSOLUTE
    cfrcmple.s                               0x00000000   Number         0  cfrcmple.o ABSOLUTE
    dc.s                                     0x00000000   Number         0  dc.o ABSOLUTE
    handlers.s                               0x00000000   Number         0  handlers.o ABSOLUTE
    init.s                                   0x00000000   Number         0  init.o ABSOLUTE
    RESET                                    0x08002800   Section      260  startup_gd32f10x_md.o(RESET)
    .ARM.Collect$$$$00000000                 0x08002904   Section        0  entry.o(.ARM.Collect$$$$00000000)
    .ARM.Collect$$$$00000001                 0x08002904   Section        4  entry2.o(.ARM.Collect$$$$00000001)
    .ARM.Collect$$$$00000004                 0x08002908   Section        4  entry5.o(.ARM.Collect$$$$00000004)
    .ARM.Collect$$$$00000008                 0x0800290c   Section        0  entry7b.o(.ARM.Collect$$$$00000008)
    .ARM.Collect$$$$0000000A                 0x0800290c   Section        0  entry8b.o(.ARM.Collect$$$$0000000A)
    .ARM.Collect$$$$0000000B                 0x0800290c   Section        8  entry9a.o(.ARM.Collect$$$$0000000B)
    .ARM.Collect$$$$0000000E                 0x08002914   Section        4  entry12b.o(.ARM.Collect$$$$0000000E)
    .ARM.Collect$$$$0000000F                 0x08002918   Section        0  entry10a.o(.ARM.Collect$$$$0000000F)
    .ARM.Collect$$$$00000011                 0x08002918   Section        0  entry11a.o(.ARM.Collect$$$$00000011)
    .ARM.Collect$$$$00002712                 0x08002918   Section        4  entry2.o(.ARM.Collect$$$$00002712)
    __lit__00000000                          0x08002918   Data           4  entry2.o(.ARM.Collect$$$$00002712)
    .text                                    0x0800291c   Section       36  startup_gd32f10x_md.o(.text)
    .text                                    0x08002940   Section        0  memcpya.o(.text)
    .text                                    0x08002964   Section        0  memseta.o(.text)
    .text                                    0x08002988   Section        0  dmul.o(.text)
    .text                                    0x08002a6c   Section        0  ddiv.o(.text)
    .text                                    0x08002b4a   Section        0  fflti.o(.text)
    .text                                    0x08002b5c   Section        0  dfltui.o(.text)
    .text                                    0x08002b76   Section        0  ffixui.o(.text)
    .text                                    0x08002b9e   Section        0  f2d.o(.text)
    .text                                    0x08002bc4   Section        0  d2f.o(.text)
    .text                                    0x08002bfc   Section       20  cfcmple.o(.text)
    .text                                    0x08002c10   Section       20  cfrcmple.o(.text)
    .text                                    0x08002c24   Section        0  uidiv.o(.text)
    .text                                    0x08002c50   Section        0  uldiv.o(.text)
    .text                                    0x08002cb2   Section        0  fepilogue.o(.text)
    .text                                    0x08002cb2   Section        0  iusefp.o(.text)
    .text                                    0x08002d20   Section        0  depilogue.o(.text)
    .text                                    0x08002dda   Section        0  dadd.o(.text)
    .text                                    0x08002f28   Section        0  dfixul.o(.text)
    .text                                    0x08002f58   Section       48  cdrcmple.o(.text)
    .text                                    0x08002f88   Section       36  init.o(.text)
    .text                                    0x08002fac   Section        0  llshl.o(.text)
    .text                                    0x08002fca   Section        0  llushr.o(.text)
    .text                                    0x08002fea   Section        0  llsshr.o(.text)
    i.BusFault_Handler                       0x0800300e   Section        0  gd32f10x_it.o(i.BusFault_Handler)
    i.DMA_config                             0x08003014   Section        0  bsp_dma.o(i.DMA_config)
    i.DebugMon_Handler                       0x08003094   Section        0  gd32f10x_it.o(i.DebugMon_Handler)
    i.DohitechMcuAdcState                    0x08003098   Section        0  bsp_adc.o(i.DohitechMcuAdcState)
    i.DohitechMcuResetV7                     0x08003110   Section        0  drv_fpga.o(i.DohitechMcuResetV7)
    i.DohitechMcuTemp1Ds18b20GetTemp         0x0800313c   Section        0  drv_ds18b20.o(i.DohitechMcuTemp1Ds18b20GetTemp)
    i.EXTI4_IRQHandler                       0x080031d8   Section        0  gd32f10x_it.o(i.EXTI4_IRQHandler)
    i.FLASH_Program                          0x080031f4   Section        0  flash.o(i.FLASH_Program)
    i.HardFault_Handler                      0x08003242   Section        0  gd32f10x_it.o(i.HardFault_Handler)
    i.MemManage_Handler                      0x08003246   Section        0  gd32f10x_it.o(i.MemManage_Handler)
    i.NMI_Handler                            0x0800324a   Section        0  gd32f10x_it.o(i.NMI_Handler)
    i.PendSV_Handler                         0x0800324c   Section        0  gd32f10x_it.o(i.PendSV_Handler)
    i.RecvDspSolve                           0x08003250   Section        0  app.o(i.RecvDspSolve)
    i.SVC_Handler                            0x080032a4   Section        0  gd32f10x_it.o(i.SVC_Handler)
    i.SelfonlineCheck                        0x080032a8   Section        0  app.o(i.SelfonlineCheck)
    i.SysTick_Handler                        0x080032f8   Section        0  gd32f10x_it.o(i.SysTick_Handler)
    i.SystemInit                             0x08003300   Section        0  system_gd32f10x.o(i.SystemInit)
    i.TIMER2_IRQHandler                      0x08003364   Section        0  gd32f10x_it.o(i.TIMER2_IRQHandler)
    i.USART0_IRQHandler                      0x08003518   Section        0  gd32f10x_it.o(i.USART0_IRQHandler)
    i.USART1_IRQHandler                      0x08003638   Section        0  gd32f10x_it.o(i.USART1_IRQHandler)
    i.USART2_IRQHandler                      0x080036a4   Section        0  gd32f10x_it.o(i.USART2_IRQHandler)
    i.UsageFault_Handler                     0x08003720   Section        0  gd32f10x_it.o(i.UsageFault_Handler)
    i.__0printf                              0x08003724   Section        0  printfa.o(i.__0printf)
    i.__NVIC_SetPriority                     0x08003744   Section        0  systick.o(i.__NVIC_SetPriority)
    __NVIC_SetPriority                       0x08003745   Thumb Code    32  systick.o(i.__NVIC_SetPriority)
    i.__NVIC_SystemReset                     0x0800376c   Section        0  gd32f10x_it.o(i.__NVIC_SystemReset)
    __NVIC_SystemReset                       0x0800376d   Thumb Code    32  gd32f10x_it.o(i.__NVIC_SystemReset)
    i.__scatterload_copy                     0x08003794   Section       14  handlers.o(i.__scatterload_copy)
    i.__scatterload_null                     0x080037a2   Section        2  handlers.o(i.__scatterload_null)
    i.__scatterload_zeroinit                 0x080037a4   Section       14  handlers.o(i.__scatterload_zeroinit)
    i._fp_digits                             0x080037b4   Section        0  printfa.o(i._fp_digits)
    _fp_digits                               0x080037b5   Thumb Code   366  printfa.o(i._fp_digits)
    i._printf_core                           0x08003938   Section        0  printfa.o(i._printf_core)
    _printf_core                             0x08003939   Thumb Code  1704  printfa.o(i._printf_core)
    i._printf_post_padding                   0x08003fec   Section        0  printfa.o(i._printf_post_padding)
    _printf_post_padding                     0x08003fed   Thumb Code    36  printfa.o(i._printf_post_padding)
    i._printf_pre_padding                    0x08004010   Section        0  printfa.o(i._printf_pre_padding)
    _printf_pre_padding                      0x08004011   Thumb Code    46  printfa.o(i._printf_pre_padding)
    i.adc_calibration_enable                 0x0800403e   Section        0  gd32f10x_adc.o(i.adc_calibration_enable)
    i.adc_channel_length_config              0x08004068   Section        0  gd32f10x_adc.o(i.adc_channel_length_config)
    i.adc_data_alignment_config              0x080040ae   Section        0  gd32f10x_adc.o(i.adc_data_alignment_config)
    i.adc_deinit                             0x080040c4   Section        0  gd32f10x_adc.o(i.adc_deinit)
    i.adc_dma_mode_enable                    0x0800411c   Section        0  gd32f10x_adc.o(i.adc_dma_mode_enable)
    i.adc_enable                             0x08004126   Section        0  gd32f10x_adc.o(i.adc_enable)
    i.adc_external_trigger_config            0x08004138   Section        0  gd32f10x_adc.o(i.adc_external_trigger_config)
    i.adc_external_trigger_source_config     0x08004176   Section        0  gd32f10x_adc.o(i.adc_external_trigger_source_config)
    i.adc_mode_config                        0x080041a8   Section        0  gd32f10x_adc.o(i.adc_mode_config)
    i.adc_regular_channel_config             0x080041c4   Section        0  gd32f10x_adc.o(i.adc_regular_channel_config)
    i.adc_software_trigger_enable            0x08004270   Section        0  gd32f10x_adc.o(i.adc_software_trigger_enable)
    i.adc_special_function_config            0x0800428e   Section        0  gd32f10x_adc.o(i.adc_special_function_config)
    i.calc_checksum                          0x080042e8   Section        0  command.o(i.calc_checksum)
    i.change_to_boot                         0x08004308   Section        0  gd32f10x_it.o(i.change_to_boot)
    i.command_check                          0x08004364   Section        0  command.o(i.command_check)
    i.compare_packet_header                  0x080043ec   Section        0  command.o(i.compare_packet_header)
    i.compare_packet_tail                    0x08004410   Section        0  command.o(i.compare_packet_tail)
    i.delay_1ms                              0x08004440   Section        0  systick.o(i.delay_1ms)
    i.delay_1us                              0x0800445c   Section        0  systick.o(i.delay_1us)
    i.delay_decrement                        0x08004470   Section        0  systick.o(i.delay_decrement)
    i.delay_us                               0x08004488   Section        0  drv_dsp_reset.o(i.delay_us)
    delay_us                                 0x08004489   Thumb Code    26  drv_dsp_reset.o(i.delay_us)
    i.dma_channel_disable                    0x080044a2   Section        0  gd32f10x_dma.o(i.dma_channel_disable)
    i.dma_channel_enable                     0x080044d4   Section        0  gd32f10x_dma.o(i.dma_channel_enable)
    i.dma_circulation_disable                0x08004506   Section        0  gd32f10x_dma.o(i.dma_circulation_disable)
    i.dma_circulation_enable                 0x08004538   Section        0  gd32f10x_dma.o(i.dma_circulation_enable)
    i.dma_deinit                             0x0800456a   Section        0  gd32f10x_dma.o(i.dma_deinit)
    i.dma_init                               0x080045da   Section        0  gd32f10x_dma.o(i.dma_init)
    i.dma_memory_address_config              0x0800470e   Section        0  gd32f10x_dma.o(i.dma_memory_address_config)
    i.dma_memory_to_memory_disable           0x08004732   Section        0  gd32f10x_dma.o(i.dma_memory_to_memory_disable)
    i.dma_periph_and_channel_check           0x08004764   Section        0  gd32f10x_dma.o(i.dma_periph_and_channel_check)
    dma_periph_and_channel_check             0x08004765   Thumb Code    18  gd32f10x_dma.o(i.dma_periph_and_channel_check)
    i.dma_transfer_number_config             0x0800477c   Section        0  gd32f10x_dma.o(i.dma_transfer_number_config)
    i.dma_transfer_number_get                0x080047a2   Section        0  gd32f10x_dma.o(i.dma_transfer_number_get)
    i.dohitech_board_oem                     0x080047c4   Section        0  global.o(i.dohitech_board_oem)
    i.dohitech_mcu_adc_config                0x08004904   Section        0  bsp_adc.o(i.dohitech_mcu_adc_config)
    i.dohitech_mcu_adc_gpio_config           0x080049e0   Section        0  bsp_adc.o(i.dohitech_mcu_adc_gpio_config)
    i.dohitech_mcu_adc_init                  0x08004a04   Section        0  bsp_adc.o(i.dohitech_mcu_adc_init)
    i.dohitech_mcu_adc_rcu_config            0x08004a18   Section        0  bsp_adc.o(i.dohitech_mcu_adc_rcu_config)
    i.dohitech_mcu_bsp_timer_init            0x08004a32   Section        0  bsp_timer.o(i.dohitech_mcu_bsp_timer_init)
    i.dohitech_mcu_debug_usart_init          0x08004a40   Section        0  bsp_usart.o(i.dohitech_mcu_debug_usart_init)
    i.dohitech_mcu_dma_config                0x08004ac8   Section        0  bsp_adc.o(i.dohitech_mcu_dma_config)
    i.dohitech_mcu_dsp1_usart_init           0x08004b34   Section        0  bsp_usart.o(i.dohitech_mcu_dsp1_usart_init)
    i.dohitech_mcu_dsp_reset                 0x08004bdc   Section        0  drv_dsp_reset.o(i.dohitech_mcu_dsp_reset)
    i.dohitech_mcu_fpga_usart_init           0x08004c5c   Section        0  bsp_usart.o(i.dohitech_mcu_fpga_usart_init)
    i.dohitech_mcu_hardware_init             0x08004ccc   Section        0  app.o(i.dohitech_mcu_hardware_init)
    i.dohitech_mcu_led_toggle                0x08004e78   Section        0  drv_led.o(i.dohitech_mcu_led_toggle)
    i.dohitech_mcu_rcu_configuration         0x08004ea0   Section        0  global.o(i.dohitech_mcu_rcu_configuration)
    i.dohitech_mcu_temp1_ds18b20_Init        0x08004ecc   Section        0  drv_ds18b20.o(i.dohitech_mcu_temp1_ds18b20_Init)
    i.dohitech_mcu_v7_gpio                   0x08004edc   Section        0  drv_fpga.o(i.dohitech_mcu_v7_gpio)
    i.dohitech_mcu_v7_mode_set               0x08004f2c   Section        0  drv_fpga.o(i.dohitech_mcu_v7_mode_set)
    i.dohitech_mcu_vpx_read_slot             0x08004f9c   Section        0  drv_vpx.o(i.dohitech_mcu_vpx_read_slot)
    i.ds18b20_test                           0x080050c0   Section        0  drv_ds18b20.o(i.ds18b20_test)
    i.erase_page                             0x080050d4   Section        0  flash.o(i.erase_page)
    i.erase_to_flag                          0x08005110   Section        0  gd32f10x_it.o(i.erase_to_flag)
    i.exti_interrupt_flag_clear              0x08005168   Section        0  gd32f10x_exti.o(i.exti_interrupt_flag_clear)
    i.exti_interrupt_flag_get                0x08005174   Section        0  gd32f10x_exti.o(i.exti_interrupt_flag_get)
    i.fmc_bank0_ready_wait                   0x08005198   Section        0  gd32f10x_fmc.o(i.fmc_bank0_ready_wait)
    i.fmc_bank0_state_get                    0x080051bc   Section        0  gd32f10x_fmc.o(i.fmc_bank0_state_get)
    i.fmc_bank1_ready_wait                   0x080051ec   Section        0  gd32f10x_fmc.o(i.fmc_bank1_ready_wait)
    i.fmc_bank1_state_get                    0x08005210   Section        0  gd32f10x_fmc.o(i.fmc_bank1_state_get)
    i.fmc_flag_clear                         0x08005240   Section        0  gd32f10x_fmc.o(i.fmc_flag_clear)
    i.fmc_lock                               0x08005260   Section        0  gd32f10x_fmc.o(i.fmc_lock)
    i.fmc_page_erase                         0x0800528c   Section        0  gd32f10x_fmc.o(i.fmc_page_erase)
    i.fmc_unlock                             0x08005378   Section        0  gd32f10x_fmc.o(i.fmc_unlock)
    i.fmc_word_program                       0x080053bc   Section        0  gd32f10x_fmc.o(i.fmc_word_program)
    i.fputc                                  0x0800547c   Section        0  global.o(i.fputc)
    i.gpio_bit_reset                         0x080054a0   Section        0  gd32f10x_gpio.o(i.gpio_bit_reset)
    i.gpio_bit_set                           0x080054a4   Section        0  gd32f10x_gpio.o(i.gpio_bit_set)
    i.gpio_init                              0x080054a8   Section        0  gd32f10x_gpio.o(i.gpio_init)
    i.gpio_input_bit_get                     0x0800553c   Section        0  gd32f10x_gpio.o(i.gpio_input_bit_get)
    i.gpio_pin_remap_config                  0x0800554c   Section        0  gd32f10x_gpio.o(i.gpio_pin_remap_config)
    i.i2c_disable                            0x080055dc   Section        0  gd32f10x_i2c.o(i.i2c_disable)
    i.main                                   0x080055e8   Section        0  app.o(i.main)
    i.nvic_config                            0x080056a4   Section        0  bsp_timer.o(i.nvic_config)
    nvic_config                              0x080056a5   Thumb Code    14  bsp_timer.o(i.nvic_config)
    i.nvic_irq_enable                        0x080056b4   Section        0  gd32f10x_misc.o(i.nvic_irq_enable)
    i.nvic_vector_table_set                  0x08005758   Section        0  gd32f10x_misc.o(i.nvic_vector_table_set)
    i.process_command                        0x0800576c   Section        0  command.o(i.process_command)
    i.rcu_adc_clock_config                   0x08005a24   Section        0  gd32f10x_rcu.o(i.rcu_adc_clock_config)
    i.rcu_clock_freq_get                     0x08005a6c   Section        0  gd32f10x_rcu.o(i.rcu_clock_freq_get)
    i.rcu_deinit                             0x08005b90   Section        0  gd32f10x_rcu.o(i.rcu_deinit)
    i.rcu_flag_get                           0x08005bdc   Section        0  gd32f10x_rcu.o(i.rcu_flag_get)
    i.rcu_osci_stab_wait                     0x08005c00   Section        0  gd32f10x_rcu.o(i.rcu_osci_stab_wait)
    i.rcu_periph_clock_enable                0x08005ce0   Section        0  gd32f10x_rcu.o(i.rcu_periph_clock_enable)
    i.rcu_periph_reset_disable               0x08005d00   Section        0  gd32f10x_rcu.o(i.rcu_periph_reset_disable)
    i.rcu_periph_reset_enable                0x08005d20   Section        0  gd32f10x_rcu.o(i.rcu_periph_reset_enable)
    i.system_clock_108m_irc8m                0x08005d40   Section        0  system_gd32f10x.o(i.system_clock_108m_irc8m)
    system_clock_108m_irc8m                  0x08005d41   Thumb Code   160  system_gd32f10x.o(i.system_clock_108m_irc8m)
    i.system_clock_config                    0x08005dec   Section        0  system_gd32f10x.o(i.system_clock_config)
    system_clock_config                      0x08005ded   Thumb Code     8  system_gd32f10x.o(i.system_clock_config)
    i.systick_config                         0x08005df4   Section        0  systick.o(i.systick_config)
    i.temp1_DS18B20_GPIO_Config              0x08005e44   Section        0  drv_ds18b20.o(i.temp1_DS18B20_GPIO_Config)
    temp1_DS18B20_GPIO_Config                0x08005e45   Thumb Code    16  drv_ds18b20.o(i.temp1_DS18B20_GPIO_Config)
    i.temp1_DS18B20_Mode_IPU                 0x08005e58   Section        0  drv_ds18b20.o(i.temp1_DS18B20_Mode_IPU)
    temp1_DS18B20_Mode_IPU                   0x08005e59   Thumb Code    24  drv_ds18b20.o(i.temp1_DS18B20_Mode_IPU)
    i.temp1_DS18B20_Mode_OUT_PP              0x08005e74   Section        0  drv_ds18b20.o(i.temp1_DS18B20_Mode_OUT_PP)
    temp1_DS18B20_Mode_OUT_PP                0x08005e75   Thumb Code    24  drv_ds18b20.o(i.temp1_DS18B20_Mode_OUT_PP)
    i.temp1_DS18B20_Presence                 0x08005e90   Section        0  drv_ds18b20.o(i.temp1_DS18B20_Presence)
    temp1_DS18B20_Presence                   0x08005e91   Thumb Code   100  drv_ds18b20.o(i.temp1_DS18B20_Presence)
    i.temp1_DS18B20_Read_Bit                 0x08005ef8   Section        0  drv_ds18b20.o(i.temp1_DS18B20_Read_Bit)
    temp1_DS18B20_Read_Bit                   0x08005ef9   Thumb Code    78  drv_ds18b20.o(i.temp1_DS18B20_Read_Bit)
    i.temp1_DS18B20_Read_Byte                0x08005f4c   Section        0  drv_ds18b20.o(i.temp1_DS18B20_Read_Byte)
    i.temp1_DS18B20_Rst                      0x08005f70   Section        0  drv_ds18b20.o(i.temp1_DS18B20_Rst)
    temp1_DS18B20_Rst                        0x08005f71   Thumb Code    38  drv_ds18b20.o(i.temp1_DS18B20_Rst)
    i.temp1_DS18B20_Write_Byte               0x08005f9c   Section        0  drv_ds18b20.o(i.temp1_DS18B20_Write_Byte)
    i.temp1_DS18B20_Write_One                0x08005fd0   Section        0  drv_ds18b20.o(i.temp1_DS18B20_Write_One)
    i.temp1_DS18B20_Write_Zero               0x08005ff8   Section        0  drv_ds18b20.o(i.temp1_DS18B20_Write_Zero)
    i.temp1_DS18B20_start                    0x08006020   Section        0  drv_ds18b20.o(i.temp1_DS18B20_start)
    i.timer_config                           0x08006038   Section        0  bsp_timer.o(i.timer_config)
    timer_config                             0x08006039   Thumb Code    70  bsp_timer.o(i.timer_config)
    i.timer_deinit                           0x08006084   Section        0  gd32f10x_timer.o(i.timer_deinit)
    i.timer_enable                           0x08006160   Section        0  gd32f10x_timer.o(i.timer_enable)
    i.timer_init                             0x0800616c   Section        0  gd32f10x_timer.o(i.timer_init)
    i.timer_interrupt_enable                 0x08006240   Section        0  gd32f10x_timer.o(i.timer_interrupt_enable)
    i.timer_interrupt_flag_clear             0x08006248   Section        0  gd32f10x_timer.o(i.timer_interrupt_flag_clear)
    i.timer_interrupt_flag_get               0x08006250   Section        0  gd32f10x_timer.o(i.timer_interrupt_flag_get)
    i.usart_baudrate_set                     0x08006268   Section        0  gd32f10x_usart.o(i.usart_baudrate_set)
    i.usart_data_receive                     0x080062fc   Section        0  gd32f10x_usart.o(i.usart_data_receive)
    i.usart_data_transmit                    0x08006306   Section        0  gd32f10x_usart.o(i.usart_data_transmit)
    i.usart_deinit                           0x08006310   Section        0  gd32f10x_usart.o(i.usart_deinit)
    i.usart_disable                          0x080063a0   Section        0  gd32f10x_usart.o(i.usart_disable)
    i.usart_dma_receive_config               0x080063aa   Section        0  gd32f10x_usart.o(i.usart_dma_receive_config)
    i.usart_enable                           0x080063ba   Section        0  gd32f10x_usart.o(i.usart_enable)
    i.usart_flag_get                         0x080063c4   Section        0  gd32f10x_usart.o(i.usart_flag_get)
    i.usart_interrupt_disable                0x080063e2   Section        0  gd32f10x_usart.o(i.usart_interrupt_disable)
    i.usart_interrupt_enable                 0x080063fc   Section        0  gd32f10x_usart.o(i.usart_interrupt_enable)
    i.usart_interrupt_flag_clear             0x08006416   Section        0  gd32f10x_usart.o(i.usart_interrupt_flag_clear)
    i.usart_interrupt_flag_get               0x08006430   Section        0  gd32f10x_usart.o(i.usart_interrupt_flag_get)
    i.usart_parity_config                    0x08006468   Section        0  gd32f10x_usart.o(i.usart_parity_config)
    i.usart_receive_config                   0x08006478   Section        0  gd32f10x_usart.o(i.usart_receive_config)
    i.usart_stop_bit_set                     0x08006488   Section        0  gd32f10x_usart.o(i.usart_stop_bit_set)
    i.usart_transmit_config                  0x08006498   Section        0  gd32f10x_usart.o(i.usart_transmit_config)
    i.usart_word_length_set                  0x080064a8   Section        0  gd32f10x_usart.o(i.usart_word_length_set)
    .data                                    0x20000000   Section        2  app.o(.data)
    .data                                    0x20000004   Section       32  command.o(.data)
    .data                                    0x20000024   Section       14  global.o(.data)
    .data                                    0x20000032   Section       20  gd32f10x_it.o(.data)
    .data                                    0x20000048   Section        4  systick.o(.data)
    delay                                    0x20000048   Data           4  systick.o(.data)
    .data                                    0x2000004c   Section        4  bsp_adc.o(.data)
    .data                                    0x20000050   Section        4  bsp_dma.o(.data)
    .data                                    0x20000054   Section       30  drv_ds18b20.o(.data)
    .data                                    0x20000074   Section        4  system_gd32f10x.o(.data)
    .data                                    0x20000078   Section        4  stdout.o(.data)
    .bss                                     0x2000007c   Section      732  command.o(.bss)
    .bss                                     0x20000358   Section     1536  global.o(.bss)
    .bss                                     0x20000958   Section       52  bsp_adc.o(.bss)
    .bss                                     0x2000098c   Section     1200  bsp_dma.o(.bss)
    .bss                                     0x20000e3c   Section       48  drv_ds18b20.o(.bss)
    STACK                                    0x20000e70   Section     8192  startup_gd32f10x_md.o(STACK)

    Global Symbols

    Symbol Name                              Value     Ov Type        Size  Object(Section)

    BuildAttributes$$THM_ISAv4$P$D$K$B$S$PE$A:L22UL41UL21$X:L11$S22US41US21$IEEE1$IW$USESV6$~STKCKD$USESV7$~SHL$OTIME$ROPI$EBA8$MICROLIB$REQ8$PRES8$EABIv2 0x00000000   Number         0  anon$$obj.o ABSOLUTE
    __ARM_use_no_argv                        0x00000000   Number         0  app.o ABSOLUTE
    _printf_a                                0x00000000   Number         0  stubs.o ABSOLUTE
    _printf_c                                0x00000000   Number         0  stubs.o ABSOLUTE
    _printf_charcount                        0x00000000   Number         0  stubs.o ABSOLUTE
    _printf_d                                0x00000000   Number         0  stubs.o ABSOLUTE
    _printf_e                                0x00000000   Number         0  stubs.o ABSOLUTE
    _printf_f                                0x00000000   Number         0  stubs.o ABSOLUTE
    _printf_flags                            0x00000000   Number         0  stubs.o ABSOLUTE
    _printf_fp_dec                           0x00000000   Number         0  stubs.o ABSOLUTE
    _printf_fp_hex                           0x00000000   Number         0  stubs.o ABSOLUTE
    _printf_g                                0x00000000   Number         0  stubs.o ABSOLUTE
    _printf_i                                0x00000000   Number         0  stubs.o ABSOLUTE
    _printf_int_dec                          0x00000000   Number         0  stubs.o ABSOLUTE
    _printf_l                                0x00000000   Number         0  stubs.o ABSOLUTE
    _printf_lc                               0x00000000   Number         0  stubs.o ABSOLUTE
    _printf_ll                               0x00000000   Number         0  stubs.o ABSOLUTE
    _printf_lld                              0x00000000   Number         0  stubs.o ABSOLUTE
    _printf_lli                              0x00000000   Number         0  stubs.o ABSOLUTE
    _printf_llo                              0x00000000   Number         0  stubs.o ABSOLUTE
    _printf_llu                              0x00000000   Number         0  stubs.o ABSOLUTE
    _printf_llx                              0x00000000   Number         0  stubs.o ABSOLUTE
    _printf_longlong_dec                     0x00000000   Number         0  stubs.o ABSOLUTE
    _printf_longlong_hex                     0x00000000   Number         0  stubs.o ABSOLUTE
    _printf_longlong_oct                     0x00000000   Number         0  stubs.o ABSOLUTE
    _printf_ls                               0x00000000   Number         0  stubs.o ABSOLUTE
    _printf_mbtowc                           0x00000000   Number         0  stubs.o ABSOLUTE
    _printf_n                                0x00000000   Number         0  stubs.o ABSOLUTE
    _printf_o                                0x00000000   Number         0  stubs.o ABSOLUTE
    _printf_p                                0x00000000   Number         0  stubs.o ABSOLUTE
    _printf_percent                          0x00000000   Number         0  stubs.o ABSOLUTE
    _printf_pre_padding                      0x00000000   Number         0  stubs.o ABSOLUTE
    _printf_return_value                     0x00000000   Number         0  stubs.o ABSOLUTE
    _printf_s                                0x00000000   Number         0  stubs.o ABSOLUTE
    _printf_sizespec                         0x00000000   Number         0  stubs.o ABSOLUTE
    _printf_str                              0x00000000   Number         0  stubs.o ABSOLUTE
    _printf_truncate_signed                  0x00000000   Number         0  stubs.o ABSOLUTE
    _printf_truncate_unsigned                0x00000000   Number         0  stubs.o ABSOLUTE
    _printf_u                                0x00000000   Number         0  stubs.o ABSOLUTE
    _printf_wc                               0x00000000   Number         0  stubs.o ABSOLUTE
    _printf_wctomb                           0x00000000   Number         0  stubs.o ABSOLUTE
    _printf_widthprec                        0x00000000   Number         0  stubs.o ABSOLUTE
    _printf_x                                0x00000000   Number         0  stubs.o ABSOLUTE
    __arm_fini_                               - Undefined Weak Reference
    __cpp_initialize__aeabi_                  - Undefined Weak Reference
    __cxa_finalize                            - Undefined Weak Reference
    __decompress                              - Undefined Weak Reference
    _clock_init                               - Undefined Weak Reference
    _microlib_exit                            - Undefined Weak Reference
    __Vectors_Size                           0x00000104   Number         0  startup_gd32f10x_md.o ABSOLUTE
    __Vectors                                0x08002800   Data           4  startup_gd32f10x_md.o(RESET)
    __Vectors_End                            0x08002904   Data           0  startup_gd32f10x_md.o(RESET)
    __main                                   0x08002905   Thumb Code     0  entry.o(.ARM.Collect$$$$00000000)
    _main_stk                                0x08002905   Thumb Code     0  entry2.o(.ARM.Collect$$$$00000001)
    _main_scatterload                        0x08002909   Thumb Code     0  entry5.o(.ARM.Collect$$$$00000004)
    __main_after_scatterload                 0x0800290d   Thumb Code     0  entry5.o(.ARM.Collect$$$$00000004)
    _main_clock                              0x0800290d   Thumb Code     0  entry7b.o(.ARM.Collect$$$$00000008)
    _main_cpp_init                           0x0800290d   Thumb Code     0  entry8b.o(.ARM.Collect$$$$0000000A)
    _main_init                               0x0800290d   Thumb Code     0  entry9a.o(.ARM.Collect$$$$0000000B)
    __rt_lib_shutdown_fini                   0x08002915   Thumb Code     0  entry12b.o(.ARM.Collect$$$$0000000E)
    __rt_final_cpp                           0x08002919   Thumb Code     0  entry10a.o(.ARM.Collect$$$$0000000F)
    __rt_final_exit                          0x08002919   Thumb Code     0  entry11a.o(.ARM.Collect$$$$00000011)
    Reset_Handler                            0x0800291d   Thumb Code     8  startup_gd32f10x_md.o(.text)
    ADC0_1_IRQHandler                        0x08002937   Thumb Code     0  startup_gd32f10x_md.o(.text)
    CAN0_EWMC_IRQHandler                     0x08002937   Thumb Code     0  startup_gd32f10x_md.o(.text)
    CAN0_RX1_IRQHandler                      0x08002937   Thumb Code     0  startup_gd32f10x_md.o(.text)
    DMA0_Channel0_IRQHandler                 0x08002937   Thumb Code     0  startup_gd32f10x_md.o(.text)
    DMA0_Channel1_IRQHandler                 0x08002937   Thumb Code     0  startup_gd32f10x_md.o(.text)
    DMA0_Channel2_IRQHandler                 0x08002937   Thumb Code     0  startup_gd32f10x_md.o(.text)
    DMA0_Channel3_IRQHandler                 0x08002937   Thumb Code     0  startup_gd32f10x_md.o(.text)
    DMA0_Channel4_IRQHandler                 0x08002937   Thumb Code     0  startup_gd32f10x_md.o(.text)
    DMA0_Channel5_IRQHandler                 0x08002937   Thumb Code     0  startup_gd32f10x_md.o(.text)
    DMA0_Channel6_IRQHandler                 0x08002937   Thumb Code     0  startup_gd32f10x_md.o(.text)
    EXMC_IRQHandler                          0x08002937   Thumb Code     0  startup_gd32f10x_md.o(.text)
    EXTI0_IRQHandler                         0x08002937   Thumb Code     0  startup_gd32f10x_md.o(.text)
    EXTI10_15_IRQHandler                     0x08002937   Thumb Code     0  startup_gd32f10x_md.o(.text)
    EXTI1_IRQHandler                         0x08002937   Thumb Code     0  startup_gd32f10x_md.o(.text)
    EXTI2_IRQHandler                         0x08002937   Thumb Code     0  startup_gd32f10x_md.o(.text)
    EXTI3_IRQHandler                         0x08002937   Thumb Code     0  startup_gd32f10x_md.o(.text)
    EXTI5_9_IRQHandler                       0x08002937   Thumb Code     0  startup_gd32f10x_md.o(.text)
    FMC_IRQHandler                           0x08002937   Thumb Code     0  startup_gd32f10x_md.o(.text)
    I2C0_ER_IRQHandler                       0x08002937   Thumb Code     0  startup_gd32f10x_md.o(.text)
    I2C0_EV_IRQHandler                       0x08002937   Thumb Code     0  startup_gd32f10x_md.o(.text)
    I2C1_ER_IRQHandler                       0x08002937   Thumb Code     0  startup_gd32f10x_md.o(.text)
    I2C1_EV_IRQHandler                       0x08002937   Thumb Code     0  startup_gd32f10x_md.o(.text)
    LVD_IRQHandler                           0x08002937   Thumb Code     0  startup_gd32f10x_md.o(.text)
    RCU_IRQHandler                           0x08002937   Thumb Code     0  startup_gd32f10x_md.o(.text)
    RTC_Alarm_IRQHandler                     0x08002937   Thumb Code     0  startup_gd32f10x_md.o(.text)
    RTC_IRQHandler                           0x08002937   Thumb Code     0  startup_gd32f10x_md.o(.text)
    SPI0_IRQHandler                          0x08002937   Thumb Code     0  startup_gd32f10x_md.o(.text)
    SPI1_IRQHandler                          0x08002937   Thumb Code     0  startup_gd32f10x_md.o(.text)
    TAMPER_IRQHandler                        0x08002937   Thumb Code     0  startup_gd32f10x_md.o(.text)
    TIMER0_BRK_IRQHandler                    0x08002937   Thumb Code     0  startup_gd32f10x_md.o(.text)
    TIMER0_Channel_IRQHandler                0x08002937   Thumb Code     0  startup_gd32f10x_md.o(.text)
    TIMER0_TRG_CMT_IRQHandler                0x08002937   Thumb Code     0  startup_gd32f10x_md.o(.text)
    TIMER0_UP_IRQHandler                     0x08002937   Thumb Code     0  startup_gd32f10x_md.o(.text)
    TIMER1_IRQHandler                        0x08002937   Thumb Code     0  startup_gd32f10x_md.o(.text)
    TIMER3_IRQHandler                        0x08002937   Thumb Code     0  startup_gd32f10x_md.o(.text)
    USBD_HP_CAN0_TX_IRQHandler               0x08002937   Thumb Code     0  startup_gd32f10x_md.o(.text)
    USBD_LP_CAN0_RX0_IRQHandler              0x08002937   Thumb Code     0  startup_gd32f10x_md.o(.text)
    USBD_WKUP_IRQHandler                     0x08002937   Thumb Code     0  startup_gd32f10x_md.o(.text)
    WWDGT_IRQHandler                         0x08002937   Thumb Code     0  startup_gd32f10x_md.o(.text)
    __aeabi_memcpy                           0x08002941   Thumb Code    36  memcpya.o(.text)
    __aeabi_memcpy4                          0x08002941   Thumb Code     0  memcpya.o(.text)
    __aeabi_memcpy8                          0x08002941   Thumb Code     0  memcpya.o(.text)
    __aeabi_memset                           0x08002965   Thumb Code    14  memseta.o(.text)
    __aeabi_memset4                          0x08002965   Thumb Code     0  memseta.o(.text)
    __aeabi_memset8                          0x08002965   Thumb Code     0  memseta.o(.text)
    __aeabi_memclr                           0x08002973   Thumb Code     4  memseta.o(.text)
    __aeabi_memclr4                          0x08002973   Thumb Code     0  memseta.o(.text)
    __aeabi_memclr8                          0x08002973   Thumb Code     0  memseta.o(.text)
    _memset$wrapper                          0x08002977   Thumb Code    18  memseta.o(.text)
    __aeabi_dmul                             0x08002989   Thumb Code   228  dmul.o(.text)
    __aeabi_ddiv                             0x08002a6d   Thumb Code   222  ddiv.o(.text)
    __aeabi_i2f                              0x08002b4b   Thumb Code    18  fflti.o(.text)
    __aeabi_ui2d                             0x08002b5d   Thumb Code    26  dfltui.o(.text)
    __aeabi_f2uiz                            0x08002b77   Thumb Code    40  ffixui.o(.text)
    __aeabi_f2d                              0x08002b9f   Thumb Code    38  f2d.o(.text)
    __aeabi_d2f                              0x08002bc5   Thumb Code    56  d2f.o(.text)
    __aeabi_cfcmpeq                          0x08002bfd   Thumb Code     0  cfcmple.o(.text)
    __aeabi_cfcmple                          0x08002bfd   Thumb Code    20  cfcmple.o(.text)
    __aeabi_cfrcmple                         0x08002c11   Thumb Code    20  cfrcmple.o(.text)
    __aeabi_uidiv                            0x08002c25   Thumb Code     0  uidiv.o(.text)
    __aeabi_uidivmod                         0x08002c25   Thumb Code    44  uidiv.o(.text)
    __aeabi_uldivmod                         0x08002c51   Thumb Code    98  uldiv.o(.text)
    __I$use$fp                               0x08002cb3   Thumb Code     0  iusefp.o(.text)
    _float_round                             0x08002cb3   Thumb Code    18  fepilogue.o(.text)
    _float_epilogue                          0x08002cc5   Thumb Code    92  fepilogue.o(.text)
    _double_round                            0x08002d21   Thumb Code    30  depilogue.o(.text)
    _double_epilogue                         0x08002d3f   Thumb Code   156  depilogue.o(.text)
    __aeabi_dadd                             0x08002ddb   Thumb Code   322  dadd.o(.text)
    __aeabi_dsub                             0x08002f1d   Thumb Code     6  dadd.o(.text)
    __aeabi_drsub                            0x08002f23   Thumb Code     6  dadd.o(.text)
    __aeabi_d2ulz                            0x08002f29   Thumb Code    48  dfixul.o(.text)
    __aeabi_cdrcmple                         0x08002f59   Thumb Code    48  cdrcmple.o(.text)
    __scatterload                            0x08002f89   Thumb Code    28  init.o(.text)
    __scatterload_rt2                        0x08002f89   Thumb Code     0  init.o(.text)
    __aeabi_llsl                             0x08002fad   Thumb Code    30  llshl.o(.text)
    _ll_shift_l                              0x08002fad   Thumb Code     0  llshl.o(.text)
    __aeabi_llsr                             0x08002fcb   Thumb Code    32  llushr.o(.text)
    _ll_ushift_r                             0x08002fcb   Thumb Code     0  llushr.o(.text)
    __aeabi_lasr                             0x08002feb   Thumb Code    36  llsshr.o(.text)
    _ll_sshift_r                             0x08002feb   Thumb Code     0  llsshr.o(.text)
    BusFault_Handler                         0x0800300f   Thumb Code     4  gd32f10x_it.o(i.BusFault_Handler)
    DMA_config                               0x08003015   Thumb Code   114  bsp_dma.o(i.DMA_config)
    DebugMon_Handler                         0x08003095   Thumb Code     2  gd32f10x_it.o(i.DebugMon_Handler)
    DohitechMcuAdcState                      0x08003099   Thumb Code    96  bsp_adc.o(i.DohitechMcuAdcState)
    DohitechMcuResetV7                       0x08003111   Thumb Code    40  drv_fpga.o(i.DohitechMcuResetV7)
    DohitechMcuTemp1Ds18b20GetTemp           0x0800313d   Thumb Code   142  drv_ds18b20.o(i.DohitechMcuTemp1Ds18b20GetTemp)
    EXTI4_IRQHandler                         0x080031d9   Thumb Code    24  gd32f10x_it.o(i.EXTI4_IRQHandler)
    FLASH_Program                            0x080031f5   Thumb Code    78  flash.o(i.FLASH_Program)
    HardFault_Handler                        0x08003243   Thumb Code     4  gd32f10x_it.o(i.HardFault_Handler)
    MemManage_Handler                        0x08003247   Thumb Code     4  gd32f10x_it.o(i.MemManage_Handler)
    NMI_Handler                              0x0800324b   Thumb Code     2  gd32f10x_it.o(i.NMI_Handler)
    PendSV_Handler                           0x0800324d   Thumb Code     2  gd32f10x_it.o(i.PendSV_Handler)
    RecvDspSolve                             0x08003251   Thumb Code    78  app.o(i.RecvDspSolve)
    SVC_Handler                              0x080032a5   Thumb Code     2  gd32f10x_it.o(i.SVC_Handler)
    SelfonlineCheck                          0x080032a9   Thumb Code    70  app.o(i.SelfonlineCheck)
    SysTick_Handler                          0x080032f9   Thumb Code     8  gd32f10x_it.o(i.SysTick_Handler)
    SystemInit                               0x08003301   Thumb Code    84  system_gd32f10x.o(i.SystemInit)
    TIMER2_IRQHandler                        0x08003365   Thumb Code   328  gd32f10x_it.o(i.TIMER2_IRQHandler)
    USART0_IRQHandler                        0x08003519   Thumb Code   252  gd32f10x_it.o(i.USART0_IRQHandler)
    USART1_IRQHandler                        0x08003639   Thumb Code    80  gd32f10x_it.o(i.USART1_IRQHandler)
    USART2_IRQHandler                        0x080036a5   Thumb Code   104  gd32f10x_it.o(i.USART2_IRQHandler)
    UsageFault_Handler                       0x08003721   Thumb Code     4  gd32f10x_it.o(i.UsageFault_Handler)
    __0printf                                0x08003725   Thumb Code    22  printfa.o(i.__0printf)
    __1printf                                0x08003725   Thumb Code     0  printfa.o(i.__0printf)
    __2printf                                0x08003725   Thumb Code     0  printfa.o(i.__0printf)
    __c89printf                              0x08003725   Thumb Code     0  printfa.o(i.__0printf)
    printf                                   0x08003725   Thumb Code     0  printfa.o(i.__0printf)
    __scatterload_copy                       0x08003795   Thumb Code    14  handlers.o(i.__scatterload_copy)
    __scatterload_null                       0x080037a3   Thumb Code     2  handlers.o(i.__scatterload_null)
    __scatterload_zeroinit                   0x080037a5   Thumb Code    14  handlers.o(i.__scatterload_zeroinit)
    adc_calibration_enable                   0x0800403f   Thumb Code    42  gd32f10x_adc.o(i.adc_calibration_enable)
    adc_channel_length_config                0x08004069   Thumb Code    70  gd32f10x_adc.o(i.adc_channel_length_config)
    adc_data_alignment_config                0x080040af   Thumb Code    22  gd32f10x_adc.o(i.adc_data_alignment_config)
    adc_deinit                               0x080040c5   Thumb Code    84  gd32f10x_adc.o(i.adc_deinit)
    adc_dma_mode_enable                      0x0800411d   Thumb Code    10  gd32f10x_adc.o(i.adc_dma_mode_enable)
    adc_enable                               0x08004127   Thumb Code    18  gd32f10x_adc.o(i.adc_enable)
    adc_external_trigger_config              0x08004139   Thumb Code    62  gd32f10x_adc.o(i.adc_external_trigger_config)
    adc_external_trigger_source_config       0x08004177   Thumb Code    48  gd32f10x_adc.o(i.adc_external_trigger_source_config)
    adc_mode_config                          0x080041a9   Thumb Code    22  gd32f10x_adc.o(i.adc_mode_config)
    adc_regular_channel_config               0x080041c5   Thumb Code   172  gd32f10x_adc.o(i.adc_regular_channel_config)
    adc_software_trigger_enable              0x08004271   Thumb Code    30  gd32f10x_adc.o(i.adc_software_trigger_enable)
    adc_special_function_config              0x0800428f   Thumb Code    90  gd32f10x_adc.o(i.adc_special_function_config)
    calc_checksum                            0x080042e9   Thumb Code    30  command.o(i.calc_checksum)
    change_to_boot                           0x08004309   Thumb Code    62  gd32f10x_it.o(i.change_to_boot)
    command_check                            0x08004365   Thumb Code   124  command.o(i.command_check)
    compare_packet_header                    0x080043ed   Thumb Code    32  command.o(i.compare_packet_header)
    compare_packet_tail                      0x08004411   Thumb Code    40  command.o(i.compare_packet_tail)
    delay_1ms                                0x08004441   Thumb Code    22  systick.o(i.delay_1ms)
    delay_1us                                0x0800445d   Thumb Code    16  systick.o(i.delay_1us)
    delay_decrement                          0x08004471   Thumb Code    18  systick.o(i.delay_decrement)
    dma_channel_disable                      0x080044a3   Thumb Code    50  gd32f10x_dma.o(i.dma_channel_disable)
    dma_channel_enable                       0x080044d5   Thumb Code    50  gd32f10x_dma.o(i.dma_channel_enable)
    dma_circulation_disable                  0x08004507   Thumb Code    50  gd32f10x_dma.o(i.dma_circulation_disable)
    dma_circulation_enable                   0x08004539   Thumb Code    50  gd32f10x_dma.o(i.dma_circulation_enable)
    dma_deinit                               0x0800456b   Thumb Code   112  gd32f10x_dma.o(i.dma_deinit)
    dma_init                                 0x080045db   Thumb Code   308  gd32f10x_dma.o(i.dma_init)
    dma_memory_address_config                0x0800470f   Thumb Code    36  gd32f10x_dma.o(i.dma_memory_address_config)
    dma_memory_to_memory_disable             0x08004733   Thumb Code    50  gd32f10x_dma.o(i.dma_memory_to_memory_disable)
    dma_transfer_number_config               0x0800477d   Thumb Code    38  gd32f10x_dma.o(i.dma_transfer_number_config)
    dma_transfer_number_get                  0x080047a3   Thumb Code    34  gd32f10x_dma.o(i.dma_transfer_number_get)
    dohitech_board_oem                       0x080047c5   Thumb Code    78  global.o(i.dohitech_board_oem)
    dohitech_mcu_adc_config                  0x08004905   Thumb Code   216  bsp_adc.o(i.dohitech_mcu_adc_config)
    dohitech_mcu_adc_gpio_config             0x080049e1   Thumb Code    28  bsp_adc.o(i.dohitech_mcu_adc_gpio_config)
    dohitech_mcu_adc_init                    0x08004a05   Thumb Code    20  bsp_adc.o(i.dohitech_mcu_adc_init)
    dohitech_mcu_adc_rcu_config              0x08004a19   Thumb Code    26  bsp_adc.o(i.dohitech_mcu_adc_rcu_config)
    dohitech_mcu_bsp_timer_init              0x08004a33   Thumb Code    14  bsp_timer.o(i.dohitech_mcu_bsp_timer_init)
    dohitech_mcu_debug_usart_init            0x08004a41   Thumb Code   128  bsp_usart.o(i.dohitech_mcu_debug_usart_init)
    dohitech_mcu_dma_config                  0x08004ac9   Thumb Code    96  bsp_adc.o(i.dohitech_mcu_dma_config)
    dohitech_mcu_dsp1_usart_init             0x08004b35   Thumb Code   156  bsp_usart.o(i.dohitech_mcu_dsp1_usart_init)
    dohitech_mcu_dsp_reset                   0x08004bdd   Thumb Code   116  drv_dsp_reset.o(i.dohitech_mcu_dsp_reset)
    dohitech_mcu_fpga_usart_init             0x08004c5d   Thumb Code   102  bsp_usart.o(i.dohitech_mcu_fpga_usart_init)
    dohitech_mcu_hardware_init               0x08004ccd   Thumb Code   174  app.o(i.dohitech_mcu_hardware_init)
    dohitech_mcu_led_toggle                  0x08004e79   Thumb Code    34  drv_led.o(i.dohitech_mcu_led_toggle)
    dohitech_mcu_rcu_configuration           0x08004ea1   Thumb Code    44  global.o(i.dohitech_mcu_rcu_configuration)
    dohitech_mcu_temp1_ds18b20_Init          0x08004ecd   Thumb Code    16  drv_ds18b20.o(i.dohitech_mcu_temp1_ds18b20_Init)
    dohitech_mcu_v7_gpio                     0x08004edd   Thumb Code    66  drv_fpga.o(i.dohitech_mcu_v7_gpio)
    dohitech_mcu_v7_mode_set                 0x08004f2d   Thumb Code   106  drv_fpga.o(i.dohitech_mcu_v7_mode_set)
    dohitech_mcu_vpx_read_slot               0x08004f9d   Thumb Code   276  drv_vpx.o(i.dohitech_mcu_vpx_read_slot)
    ds18b20_test                             0x080050c1   Thumb Code    20  drv_ds18b20.o(i.ds18b20_test)
    erase_page                               0x080050d5   Thumb Code    60  flash.o(i.erase_page)
    erase_to_flag                            0x08005111   Thumb Code    82  gd32f10x_it.o(i.erase_to_flag)
    exti_interrupt_flag_clear                0x08005169   Thumb Code     6  gd32f10x_exti.o(i.exti_interrupt_flag_clear)
    exti_interrupt_flag_get                  0x08005175   Thumb Code    32  gd32f10x_exti.o(i.exti_interrupt_flag_get)
    fmc_bank0_ready_wait                     0x08005199   Thumb Code    34  gd32f10x_fmc.o(i.fmc_bank0_ready_wait)
    fmc_bank0_state_get                      0x080051bd   Thumb Code    44  gd32f10x_fmc.o(i.fmc_bank0_state_get)
    fmc_bank1_ready_wait                     0x080051ed   Thumb Code    34  gd32f10x_fmc.o(i.fmc_bank1_ready_wait)
    fmc_bank1_state_get                      0x08005211   Thumb Code    44  gd32f10x_fmc.o(i.fmc_bank1_state_get)
    fmc_flag_clear                           0x08005241   Thumb Code    28  gd32f10x_fmc.o(i.fmc_flag_clear)
    fmc_lock                                 0x08005261   Thumb Code    34  gd32f10x_fmc.o(i.fmc_lock)
    fmc_page_erase                           0x0800528d   Thumb Code   222  gd32f10x_fmc.o(i.fmc_page_erase)
    fmc_unlock                               0x08005379   Thumb Code    52  gd32f10x_fmc.o(i.fmc_unlock)
    fmc_word_program                         0x080053bd   Thumb Code   178  gd32f10x_fmc.o(i.fmc_word_program)
    fputc                                    0x0800547d   Thumb Code    32  global.o(i.fputc)
    gpio_bit_reset                           0x080054a1   Thumb Code     4  gd32f10x_gpio.o(i.gpio_bit_reset)
    gpio_bit_set                             0x080054a5   Thumb Code     4  gd32f10x_gpio.o(i.gpio_bit_set)
    gpio_init                                0x080054a9   Thumb Code   148  gd32f10x_gpio.o(i.gpio_init)
    gpio_input_bit_get                       0x0800553d   Thumb Code    16  gd32f10x_gpio.o(i.gpio_input_bit_get)
    gpio_pin_remap_config                    0x0800554d   Thumb Code   138  gd32f10x_gpio.o(i.gpio_pin_remap_config)
    i2c_disable                              0x080055dd   Thumb Code    10  gd32f10x_i2c.o(i.i2c_disable)
    main                                     0x080055e9   Thumb Code   166  app.o(i.main)
    nvic_irq_enable                          0x080056b5   Thumb Code   156  gd32f10x_misc.o(i.nvic_irq_enable)
    nvic_vector_table_set                    0x08005759   Thumb Code    12  gd32f10x_misc.o(i.nvic_vector_table_set)
    process_command                          0x0800576d   Thumb Code   658  command.o(i.process_command)
    rcu_adc_clock_config                     0x08005a25   Thumb Code    64  gd32f10x_rcu.o(i.rcu_adc_clock_config)
    rcu_clock_freq_get                       0x08005a6d   Thumb Code   264  gd32f10x_rcu.o(i.rcu_clock_freq_get)
    rcu_deinit                               0x08005b91   Thumb Code    62  gd32f10x_rcu.o(i.rcu_deinit)
    rcu_flag_get                             0x08005bdd   Thumb Code    30  gd32f10x_rcu.o(i.rcu_flag_get)
    rcu_osci_stab_wait                       0x08005c01   Thumb Code   218  gd32f10x_rcu.o(i.rcu_osci_stab_wait)
    rcu_periph_clock_enable                  0x08005ce1   Thumb Code    28  gd32f10x_rcu.o(i.rcu_periph_clock_enable)
    rcu_periph_reset_disable                 0x08005d01   Thumb Code    28  gd32f10x_rcu.o(i.rcu_periph_reset_disable)
    rcu_periph_reset_enable                  0x08005d21   Thumb Code    28  gd32f10x_rcu.o(i.rcu_periph_reset_enable)
    systick_config                           0x08005df5   Thumb Code    72  systick.o(i.systick_config)
    temp1_DS18B20_Read_Byte                  0x08005f4d   Thumb Code    34  drv_ds18b20.o(i.temp1_DS18B20_Read_Byte)
    temp1_DS18B20_Write_Byte                 0x08005f9d   Thumb Code    52  drv_ds18b20.o(i.temp1_DS18B20_Write_Byte)
    temp1_DS18B20_Write_One                  0x08005fd1   Thumb Code    36  drv_ds18b20.o(i.temp1_DS18B20_Write_One)
    temp1_DS18B20_Write_Zero                 0x08005ff9   Thumb Code    36  drv_ds18b20.o(i.temp1_DS18B20_Write_Zero)
    temp1_DS18B20_start                      0x08006021   Thumb Code    24  drv_ds18b20.o(i.temp1_DS18B20_start)
    timer_deinit                             0x08006085   Thumb Code   210  gd32f10x_timer.o(i.timer_deinit)
    timer_enable                             0x08006161   Thumb Code    10  gd32f10x_timer.o(i.timer_enable)
    timer_init                               0x0800616d   Thumb Code   158  gd32f10x_timer.o(i.timer_init)
    timer_interrupt_enable                   0x08006241   Thumb Code     8  gd32f10x_timer.o(i.timer_interrupt_enable)
    timer_interrupt_flag_clear               0x08006249   Thumb Code     8  gd32f10x_timer.o(i.timer_interrupt_flag_clear)
    timer_interrupt_flag_get                 0x08006251   Thumb Code    24  gd32f10x_timer.o(i.timer_interrupt_flag_get)
    usart_baudrate_set                       0x08006269   Thumb Code   140  gd32f10x_usart.o(i.usart_baudrate_set)
    usart_data_receive                       0x080062fd   Thumb Code    10  gd32f10x_usart.o(i.usart_data_receive)
    usart_data_transmit                      0x08006307   Thumb Code     8  gd32f10x_usart.o(i.usart_data_transmit)
    usart_deinit                             0x08006311   Thumb Code   136  gd32f10x_usart.o(i.usart_deinit)
    usart_disable                            0x080063a1   Thumb Code    10  gd32f10x_usart.o(i.usart_disable)
    usart_dma_receive_config                 0x080063ab   Thumb Code    16  gd32f10x_usart.o(i.usart_dma_receive_config)
    usart_enable                             0x080063bb   Thumb Code    10  gd32f10x_usart.o(i.usart_enable)
    usart_flag_get                           0x080063c5   Thumb Code    30  gd32f10x_usart.o(i.usart_flag_get)
    usart_interrupt_disable                  0x080063e3   Thumb Code    26  gd32f10x_usart.o(i.usart_interrupt_disable)
    usart_interrupt_enable                   0x080063fd   Thumb Code    26  gd32f10x_usart.o(i.usart_interrupt_enable)
    usart_interrupt_flag_clear               0x08006417   Thumb Code    26  gd32f10x_usart.o(i.usart_interrupt_flag_clear)
    usart_interrupt_flag_get                 0x08006431   Thumb Code    56  gd32f10x_usart.o(i.usart_interrupt_flag_get)
    usart_parity_config                      0x08006469   Thumb Code    16  gd32f10x_usart.o(i.usart_parity_config)
    usart_receive_config                     0x08006479   Thumb Code    16  gd32f10x_usart.o(i.usart_receive_config)
    usart_stop_bit_set                       0x08006489   Thumb Code    16  gd32f10x_usart.o(i.usart_stop_bit_set)
    usart_transmit_config                    0x08006499   Thumb Code    16  gd32f10x_usart.o(i.usart_transmit_config)
    usart_word_length_set                    0x080064a9   Thumb Code    16  gd32f10x_usart.o(i.usart_word_length_set)
    Region$$Table$$Base                      0x080064b8   Number         0  anon$$obj.o(Region$$Table)
    Region$$Table$$Limit                     0x080064d8   Number         0  anon$$obj.o(Region$$Table)
    zhenID                                   0x20000000   Data           2  app.o(.data)
    Packet_header                            0x20000004   Data           4  command.o(.data)
    Packet_tail                              0x20000008   Data           4  command.o(.data)
    data_length                              0x2000000c   Data           2  command.o(.data)
    checksum_calc                            0x2000000e   Data           2  command.o(.data)
    checksum_recv                            0x20000010   Data           2  command.o(.data)
    Information_label                        0x20000012   Data           2  command.o(.data)
    Frame_number                             0x20000014   Data           2  command.o(.data)
    start_write_addr                         0x20000018   Data           4  command.o(.data)
    Version_Information                      0x2000001c   Data           6  command.o(.data)
    Self_check_status                        0x20000022   Data           2  command.o(.data)
    debugUsartRxCnt                          0x20000024   Data           1  global.o(.data)
    debugUsartTxCnt                          0x20000025   Data           1  global.o(.data)
    debugUsartRxSize                         0x20000026   Data           2  global.o(.data)
    debugUsartTxSize                         0x20000028   Data           1  global.o(.data)
    fpgaUsartRxCnt                           0x20000029   Data           1  global.o(.data)
    fpgaUsartTxCnt                           0x2000002a   Data           1  global.o(.data)
    fpgaUsartRxSize                          0x2000002b   Data           1  global.o(.data)
    fpgaUsartTxSize                          0x2000002c   Data           1  global.o(.data)
    dsp1UsartRxCnt                           0x2000002d   Data           1  global.o(.data)
    dsp1UsartTxCnt                           0x2000002e   Data           1  global.o(.data)
    dsp1UsartRxSize                          0x2000002f   Data           1  global.o(.data)
    dsp1UsartTxSize                          0x20000030   Data           1  global.o(.data)
    board_slot                               0x20000031   Data           1  global.o(.data)
    GlRecvNum                                0x20000032   Data           2  gd32f10x_it.o(.data)
    GlUart2RecvFlg                           0x20000034   Data           1  gd32f10x_it.o(.data)
    GlTmpFlg                                 0x20000035   Data           1  gd32f10x_it.o(.data)
    GlTmpFlg_jump                            0x20000036   Data           1  gd32f10x_it.o(.data)
    gMCU_V7_GPIO6_Flg                        0x20000037   Data           1  gd32f10x_it.o(.data)
    gMCU_V7_GPIO6_UpdateFlg                  0x20000038   Data           1  gd32f10x_it.o(.data)
    gMCU_V7_GPIO6_5msCnt                     0x2000003a   Data           2  gd32f10x_it.o(.data)
    gMCU_V7_GPIO6_50msCnt                    0x2000003c   Data           2  gd32f10x_it.o(.data)
    gMCU_V7_GPIO1_500msCnt                   0x2000003e   Data           2  gd32f10x_it.o(.data)
    gMCU_V7_GPIO1_500msFlg                   0x20000040   Data           2  gd32f10x_it.o(.data)
    TimerTestCnt                             0x20000042   Data           2  gd32f10x_it.o(.data)
    ExtiTempCnt                              0x20000044   Data           2  gd32f10x_it.o(.data)
    value                                    0x2000004c   Data           4  bsp_adc.o(.data)
    USART_RX_NUM                             0x20000050   Data           4  bsp_dma.o(.data)
    current_temperature                      0x20000054   Data           6  drv_ds18b20.o(.data)
    serial_1                                 0x2000005a   Data           8  drv_ds18b20.o(.data)
    serial_2                                 0x20000062   Data           8  drv_ds18b20.o(.data)
    serial_3                                 0x2000006a   Data           8  drv_ds18b20.o(.data)
    SystemCoreClock                          0x20000074   Data           4  system_gd32f10x.o(.data)
    __stdout                                 0x20000078   Data           4  stdout.o(.data)
    Self_check                               0x2000007c   Data          28  command.o(.bss)
    Self_check_feedback_union_entity         0x20000098   Data          40  command.o(.bss)
    Online_update_order                      0x200000c0   Data          40  command.o(.bss)
    Online_update_order_feedback_union_entity 0x200000e8   Data          40  command.o(.bss)
    Online_update_data                       0x20000110   Data         544  command.o(.bss)
    Online_update_data_feedback_union_entity 0x20000330   Data          40  command.o(.bss)
    debugUsartRxBuffer                       0x20000358   Data         256  global.o(.bss)
    debugUsartTxBuffer                       0x20000458   Data         256  global.o(.bss)
    fpgaUsartRxBuffer                        0x20000558   Data         256  global.o(.bss)
    fpgaUsartTxBuffer                        0x20000658   Data         256  global.o(.bss)
    dsp1UsartRxBuffer                        0x20000758   Data         256  global.o(.bss)
    dsp1UsartTxBuffer                        0x20000858   Data         256  global.o(.bss)
    adc_value                                0x20000958   Data          36  bsp_adc.o(.bss)
    current_voltage                          0x2000097c   Data          16  bsp_adc.o(.bss)
    dma_buffer                               0x2000098c   Data         600  bsp_dma.o(.bss)
    rx0_date_buf                             0x20000be4   Data         600  bsp_dma.o(.bss)
    sensor_data_ipmb_read                    0x20000e3c   Data          48  drv_ds18b20.o(.bss)
    __initial_sp                             0x20002e70   Data           0  startup_gd32f10x_md.o(STACK)



==============================================================================

Memory Map of the image

  Image Entry point : 0x08002905

  Load Region LR_IROM1 (Base: 0x08002800, Size: 0x00003d54, Max: 0x00020000, ABSOLUTE)

    Execution Region ER_IROM1 (Exec base: 0x08002800, Load base: 0x08002800, Size: 0x00003cd8, Max: 0x00020000, ABSOLUTE)

    Exec Addr    Load Addr    Size         Type   Attr      Idx    E Section Name        Object

    0x08002800   0x08002800   0x00000104   Data   RO         3480    RESET               startup_gd32f10x_md.o
    0x08002904   0x08002904   0x00000000   Code   RO         3531  * .ARM.Collect$$$$00000000  mc_w.l(entry.o)
    0x08002904   0x08002904   0x00000004   Code   RO         3827    .ARM.Collect$$$$00000001  mc_w.l(entry2.o)
    0x08002908   0x08002908   0x00000004   Code   RO         3830    .ARM.Collect$$$$00000004  mc_w.l(entry5.o)
    0x0800290c   0x0800290c   0x00000000   Code   RO         3832    .ARM.Collect$$$$00000008  mc_w.l(entry7b.o)
    0x0800290c   0x0800290c   0x00000000   Code   RO         3834    .ARM.Collect$$$$0000000A  mc_w.l(entry8b.o)
    0x0800290c   0x0800290c   0x00000008   Code   RO         3835    .ARM.Collect$$$$0000000B  mc_w.l(entry9a.o)
    0x08002914   0x08002914   0x00000004   Code   RO         3842    .ARM.Collect$$$$0000000E  mc_w.l(entry12b.o)
    0x08002918   0x08002918   0x00000000   Code   RO         3837    .ARM.Collect$$$$0000000F  mc_w.l(entry10a.o)
    0x08002918   0x08002918   0x00000000   Code   RO         3839    .ARM.Collect$$$$00000011  mc_w.l(entry11a.o)
    0x08002918   0x08002918   0x00000004   Code   RO         3828    .ARM.Collect$$$$00002712  mc_w.l(entry2.o)
    0x0800291c   0x0800291c   0x00000024   Code   RO         3481    .text               startup_gd32f10x_md.o
    0x08002940   0x08002940   0x00000024   Code   RO         3534    .text               mc_w.l(memcpya.o)
    0x08002964   0x08002964   0x00000024   Code   RO         3536    .text               mc_w.l(memseta.o)
    0x08002988   0x08002988   0x000000e4   Code   RO         3807    .text               mf_w.l(dmul.o)
    0x08002a6c   0x08002a6c   0x000000de   Code   RO         3809    .text               mf_w.l(ddiv.o)
    0x08002b4a   0x08002b4a   0x00000012   Code   RO         3811    .text               mf_w.l(fflti.o)
    0x08002b5c   0x08002b5c   0x0000001a   Code   RO         3815    .text               mf_w.l(dfltui.o)
    0x08002b76   0x08002b76   0x00000028   Code   RO         3817    .text               mf_w.l(ffixui.o)
    0x08002b9e   0x08002b9e   0x00000026   Code   RO         3819    .text               mf_w.l(f2d.o)
    0x08002bc4   0x08002bc4   0x00000038   Code   RO         3821    .text               mf_w.l(d2f.o)
    0x08002bfc   0x08002bfc   0x00000014   Code   RO         3823    .text               mf_w.l(cfcmple.o)
    0x08002c10   0x08002c10   0x00000014   Code   RO         3825    .text               mf_w.l(cfrcmple.o)
    0x08002c24   0x08002c24   0x0000002c   Code   RO         3844    .text               mc_w.l(uidiv.o)
    0x08002c50   0x08002c50   0x00000062   Code   RO         3846    .text               mc_w.l(uldiv.o)
    0x08002cb2   0x08002cb2   0x00000000   Code   RO         3848    .text               mc_w.l(iusefp.o)
    0x08002cb2   0x08002cb2   0x0000006e   Code   RO         3849    .text               mf_w.l(fepilogue.o)
    0x08002d20   0x08002d20   0x000000ba   Code   RO         3851    .text               mf_w.l(depilogue.o)
    0x08002dda   0x08002dda   0x0000014e   Code   RO         3853    .text               mf_w.l(dadd.o)
    0x08002f28   0x08002f28   0x00000030   Code   RO         3855    .text               mf_w.l(dfixul.o)
    0x08002f58   0x08002f58   0x00000030   Code   RO         3857    .text               mf_w.l(cdrcmple.o)
    0x08002f88   0x08002f88   0x00000024   Code   RO         3859    .text               mc_w.l(init.o)
    0x08002fac   0x08002fac   0x0000001e   Code   RO         3861    .text               mc_w.l(llshl.o)
    0x08002fca   0x08002fca   0x00000020   Code   RO         3863    .text               mc_w.l(llushr.o)
    0x08002fea   0x08002fea   0x00000024   Code   RO         3865    .text               mc_w.l(llsshr.o)
    0x0800300e   0x0800300e   0x00000004   Code   RO          323    i.BusFault_Handler  gd32f10x_it.o
    0x08003012   0x08003012   0x00000002   PAD
    0x08003014   0x08003014   0x00000080   Code   RO          714    i.DMA_config        bsp_dma.o
    0x08003094   0x08003094   0x00000002   Code   RO          324    i.DebugMon_Handler  gd32f10x_it.o
    0x08003096   0x08003096   0x00000002   PAD
    0x08003098   0x08003098   0x00000078   Code   RO          561    i.DohitechMcuAdcState  bsp_adc.o
    0x08003110   0x08003110   0x0000002c   Code   RO         1217    i.DohitechMcuResetV7  drv_fpga.o
    0x0800313c   0x0800313c   0x0000009c   Code   RO          850    i.DohitechMcuTemp1Ds18b20GetTemp  drv_ds18b20.o
    0x080031d8   0x080031d8   0x0000001c   Code   RO          325    i.EXTI4_IRQHandler  gd32f10x_it.o
    0x080031f4   0x080031f4   0x0000004e   Code   RO          158    i.FLASH_Program     flash.o
    0x08003242   0x08003242   0x00000004   Code   RO          326    i.HardFault_Handler  gd32f10x_it.o
    0x08003246   0x08003246   0x00000004   Code   RO          327    i.MemManage_Handler  gd32f10x_it.o
    0x0800324a   0x0800324a   0x00000002   Code   RO          328    i.NMI_Handler       gd32f10x_it.o
    0x0800324c   0x0800324c   0x00000002   Code   RO          329    i.PendSV_Handler    gd32f10x_it.o
    0x0800324e   0x0800324e   0x00000002   PAD
    0x08003250   0x08003250   0x00000054   Code   RO            4    i.RecvDspSolve      app.o
    0x080032a4   0x080032a4   0x00000002   Code   RO          330    i.SVC_Handler       gd32f10x_it.o
    0x080032a6   0x080032a6   0x00000002   PAD
    0x080032a8   0x080032a8   0x00000050   Code   RO            5    i.SelfonlineCheck   app.o
    0x080032f8   0x080032f8   0x00000008   Code   RO          331    i.SysTick_Handler   gd32f10x_it.o
    0x08003300   0x08003300   0x00000064   Code   RO         3489    i.SystemInit        system_gd32f10x.o
    0x08003364   0x08003364   0x000001b4   Code   RO          332    i.TIMER2_IRQHandler  gd32f10x_it.o
    0x08003518   0x08003518   0x00000120   Code   RO          333    i.USART0_IRQHandler  gd32f10x_it.o
    0x08003638   0x08003638   0x0000006c   Code   RO          334    i.USART1_IRQHandler  gd32f10x_it.o
    0x080036a4   0x080036a4   0x0000007c   Code   RO          335    i.USART2_IRQHandler  gd32f10x_it.o
    0x08003720   0x08003720   0x00000004   Code   RO          336    i.UsageFault_Handler  gd32f10x_it.o
    0x08003724   0x08003724   0x00000020   Code   RO         3775    i.__0printf         mc_w.l(printfa.o)
    0x08003744   0x08003744   0x00000028   Code   RO          453    i.__NVIC_SetPriority  systick.o
    0x0800376c   0x0800376c   0x00000028   Code   RO          337    i.__NVIC_SystemReset  gd32f10x_it.o
    0x08003794   0x08003794   0x0000000e   Code   RO         3869    i.__scatterload_copy  mc_w.l(handlers.o)
    0x080037a2   0x080037a2   0x00000002   Code   RO         3870    i.__scatterload_null  mc_w.l(handlers.o)
    0x080037a4   0x080037a4   0x0000000e   Code   RO         3871    i.__scatterload_zeroinit  mc_w.l(handlers.o)
    0x080037b2   0x080037b2   0x00000002   PAD
    0x080037b4   0x080037b4   0x00000184   Code   RO         3782    i._fp_digits        mc_w.l(printfa.o)
    0x08003938   0x08003938   0x000006b4   Code   RO         3783    i._printf_core      mc_w.l(printfa.o)
    0x08003fec   0x08003fec   0x00000024   Code   RO         3784    i._printf_post_padding  mc_w.l(printfa.o)
    0x08004010   0x08004010   0x0000002e   Code   RO         3785    i._printf_pre_padding  mc_w.l(printfa.o)
    0x0800403e   0x0800403e   0x0000002a   Code   RO         1322    i.adc_calibration_enable  gd32f10x_adc.o
    0x08004068   0x08004068   0x00000046   Code   RO         1323    i.adc_channel_length_config  gd32f10x_adc.o
    0x080040ae   0x080040ae   0x00000016   Code   RO         1324    i.adc_data_alignment_config  gd32f10x_adc.o
    0x080040c4   0x080040c4   0x00000058   Code   RO         1325    i.adc_deinit        gd32f10x_adc.o
    0x0800411c   0x0800411c   0x0000000a   Code   RO         1329    i.adc_dma_mode_enable  gd32f10x_adc.o
    0x08004126   0x08004126   0x00000012   Code   RO         1330    i.adc_enable        gd32f10x_adc.o
    0x08004138   0x08004138   0x0000003e   Code   RO         1331    i.adc_external_trigger_config  gd32f10x_adc.o
    0x08004176   0x08004176   0x00000030   Code   RO         1332    i.adc_external_trigger_source_config  gd32f10x_adc.o
    0x080041a6   0x080041a6   0x00000002   PAD
    0x080041a8   0x080041a8   0x0000001c   Code   RO         1343    i.adc_mode_config   gd32f10x_adc.o
    0x080041c4   0x080041c4   0x000000ac   Code   RO         1344    i.adc_regular_channel_config  gd32f10x_adc.o
    0x08004270   0x08004270   0x0000001e   Code   RO         1347    i.adc_software_trigger_enable  gd32f10x_adc.o
    0x0800428e   0x0800428e   0x0000005a   Code   RO         1348    i.adc_special_function_config  gd32f10x_adc.o
    0x080042e8   0x080042e8   0x0000001e   Code   RO          209    i.calc_checksum     command.o
    0x08004306   0x08004306   0x00000002   PAD
    0x08004308   0x08004308   0x0000005c   Code   RO          338    i.change_to_boot    gd32f10x_it.o
    0x08004364   0x08004364   0x00000088   Code   RO          210    i.command_check     command.o
    0x080043ec   0x080043ec   0x00000024   Code   RO          211    i.compare_packet_header  command.o
    0x08004410   0x08004410   0x00000030   Code   RO          212    i.compare_packet_tail  command.o
    0x08004440   0x08004440   0x0000001c   Code   RO          454    i.delay_1ms         systick.o
    0x0800445c   0x0800445c   0x00000014   Code   RO          455    i.delay_1us         systick.o
    0x08004470   0x08004470   0x00000018   Code   RO          456    i.delay_decrement   systick.o
    0x08004488   0x08004488   0x0000001a   Code   RO          788    i.delay_us          drv_dsp_reset.o
    0x080044a2   0x080044a2   0x00000032   Code   RO         1604    i.dma_channel_disable  gd32f10x_dma.o
    0x080044d4   0x080044d4   0x00000032   Code   RO         1605    i.dma_channel_enable  gd32f10x_dma.o
    0x08004506   0x08004506   0x00000032   Code   RO         1606    i.dma_circulation_disable  gd32f10x_dma.o
    0x08004538   0x08004538   0x00000032   Code   RO         1607    i.dma_circulation_enable  gd32f10x_dma.o
    0x0800456a   0x0800456a   0x00000070   Code   RO         1608    i.dma_deinit        gd32f10x_dma.o
    0x080045da   0x080045da   0x00000134   Code   RO         1611    i.dma_init          gd32f10x_dma.o
    0x0800470e   0x0800470e   0x00000024   Code   RO         1616    i.dma_memory_address_config  gd32f10x_dma.o
    0x08004732   0x08004732   0x00000032   Code   RO         1619    i.dma_memory_to_memory_disable  gd32f10x_dma.o
    0x08004764   0x08004764   0x00000018   Code   RO         1623    i.dma_periph_and_channel_check  gd32f10x_dma.o
    0x0800477c   0x0800477c   0x00000026   Code   RO         1629    i.dma_transfer_number_config  gd32f10x_dma.o
    0x080047a2   0x080047a2   0x00000022   Code   RO         1630    i.dma_transfer_number_get  gd32f10x_dma.o
    0x080047c4   0x080047c4   0x00000140   Code   RO          275    i.dohitech_board_oem  global.o
    0x08004904   0x08004904   0x000000dc   Code   RO          562    i.dohitech_mcu_adc_config  bsp_adc.o
    0x080049e0   0x080049e0   0x00000024   Code   RO          563    i.dohitech_mcu_adc_gpio_config  bsp_adc.o
    0x08004a04   0x08004a04   0x00000014   Code   RO          564    i.dohitech_mcu_adc_init  bsp_adc.o
    0x08004a18   0x08004a18   0x0000001a   Code   RO          565    i.dohitech_mcu_adc_rcu_config  bsp_adc.o
    0x08004a32   0x08004a32   0x0000000e   Code   RO          750    i.dohitech_mcu_bsp_timer_init  bsp_timer.o
    0x08004a40   0x08004a40   0x00000088   Code   RO          506    i.dohitech_mcu_debug_usart_init  bsp_usart.o
    0x08004ac8   0x08004ac8   0x0000006c   Code   RO          567    i.dohitech_mcu_dma_config  bsp_adc.o
    0x08004b34   0x08004b34   0x000000a8   Code   RO          507    i.dohitech_mcu_dsp1_usart_init  bsp_usart.o
    0x08004bdc   0x08004bdc   0x00000080   Code   RO          789    i.dohitech_mcu_dsp_reset  drv_dsp_reset.o
    0x08004c5c   0x08004c5c   0x00000070   Code   RO          509    i.dohitech_mcu_fpga_usart_init  bsp_usart.o
    0x08004ccc   0x08004ccc   0x000001ac   Code   RO            6    i.dohitech_mcu_hardware_init  app.o
    0x08004e78   0x08004e78   0x00000028   Code   RO          821    i.dohitech_mcu_led_toggle  drv_led.o
    0x08004ea0   0x08004ea0   0x0000002c   Code   RO          276    i.dohitech_mcu_rcu_configuration  global.o
    0x08004ecc   0x08004ecc   0x00000010   Code   RO          851    i.dohitech_mcu_temp1_ds18b20_Init  drv_ds18b20.o
    0x08004edc   0x08004edc   0x00000050   Code   RO         1218    i.dohitech_mcu_v7_gpio  drv_fpga.o
    0x08004f2c   0x08004f2c   0x00000070   Code   RO         1219    i.dohitech_mcu_v7_mode_set  drv_fpga.o
    0x08004f9c   0x08004f9c   0x00000124   Code   RO         1179    i.dohitech_mcu_vpx_read_slot  drv_vpx.o
    0x080050c0   0x080050c0   0x00000014   Code   RO          861    i.ds18b20_test      drv_ds18b20.o
    0x080050d4   0x080050d4   0x0000003c   Code   RO          159    i.erase_page        flash.o
    0x08005110   0x08005110   0x00000058   Code   RO          339    i.erase_to_flag     gd32f10x_it.o
    0x08005168   0x08005168   0x0000000c   Code   RO         1791    i.exti_interrupt_flag_clear  gd32f10x_exti.o
    0x08005174   0x08005174   0x00000024   Code   RO         1792    i.exti_interrupt_flag_get  gd32f10x_exti.o
    0x08005198   0x08005198   0x00000022   Code   RO         1875    i.fmc_bank0_ready_wait  gd32f10x_fmc.o
    0x080051ba   0x080051ba   0x00000002   PAD
    0x080051bc   0x080051bc   0x00000030   Code   RO         1876    i.fmc_bank0_state_get  gd32f10x_fmc.o
    0x080051ec   0x080051ec   0x00000022   Code   RO         1880    i.fmc_bank1_ready_wait  gd32f10x_fmc.o
    0x0800520e   0x0800520e   0x00000002   PAD
    0x08005210   0x08005210   0x00000030   Code   RO         1881    i.fmc_bank1_state_get  gd32f10x_fmc.o
    0x08005240   0x08005240   0x00000020   Code   RO         1883    i.fmc_flag_clear    gd32f10x_fmc.o
    0x08005260   0x08005260   0x0000002c   Code   RO         1890    i.fmc_lock          gd32f10x_fmc.o
    0x0800528c   0x0800528c   0x000000ec   Code   RO         1892    i.fmc_page_erase    gd32f10x_fmc.o
    0x08005378   0x08005378   0x00000044   Code   RO         1893    i.fmc_unlock        gd32f10x_fmc.o
    0x080053bc   0x080053bc   0x000000c0   Code   RO         1894    i.fmc_word_program  gd32f10x_fmc.o
    0x0800547c   0x0800547c   0x00000024   Code   RO          277    i.fputc             global.o
    0x080054a0   0x080054a0   0x00000004   Code   RO         2096    i.gpio_bit_reset    gd32f10x_gpio.o
    0x080054a4   0x080054a4   0x00000004   Code   RO         2097    i.gpio_bit_set      gd32f10x_gpio.o
    0x080054a8   0x080054a8   0x00000094   Code   RO         2104    i.gpio_init         gd32f10x_gpio.o
    0x0800553c   0x0800553c   0x00000010   Code   RO         2105    i.gpio_input_bit_get  gd32f10x_gpio.o
    0x0800554c   0x0800554c   0x00000090   Code   RO         2110    i.gpio_pin_remap_config  gd32f10x_gpio.o
    0x080055dc   0x080055dc   0x0000000a   Code   RO         2221    i.i2c_disable       gd32f10x_i2c.o
    0x080055e6   0x080055e6   0x00000002   PAD
    0x080055e8   0x080055e8   0x000000bc   Code   RO            9    i.main              app.o
    0x080056a4   0x080056a4   0x0000000e   Code   RO          751    i.nvic_config       bsp_timer.o
    0x080056b2   0x080056b2   0x00000002   PAD
    0x080056b4   0x080056b4   0x000000a4   Code   RO         2414    i.nvic_irq_enable   gd32f10x_misc.o
    0x08005758   0x08005758   0x00000014   Code   RO         2416    i.nvic_vector_table_set  gd32f10x_misc.o
    0x0800576c   0x0800576c   0x000002b8   Code   RO          213    i.process_command   command.o
    0x08005a24   0x08005a24   0x00000048   Code   RO         2563    i.rcu_adc_clock_config  gd32f10x_rcu.o
    0x08005a6c   0x08005a6c   0x00000124   Code   RO         2571    i.rcu_clock_freq_get  gd32f10x_rcu.o
    0x08005b90   0x08005b90   0x0000004c   Code   RO         2573    i.rcu_deinit        gd32f10x_rcu.o
    0x08005bdc   0x08005bdc   0x00000024   Code   RO         2574    i.rcu_flag_get      gd32f10x_rcu.o
    0x08005c00   0x08005c00   0x000000e0   Code   RO         2586    i.rcu_osci_stab_wait  gd32f10x_rcu.o
    0x08005ce0   0x08005ce0   0x00000020   Code   RO         2588    i.rcu_periph_clock_enable  gd32f10x_rcu.o
    0x08005d00   0x08005d00   0x00000020   Code   RO         2591    i.rcu_periph_reset_disable  gd32f10x_rcu.o
    0x08005d20   0x08005d20   0x00000020   Code   RO         2592    i.rcu_periph_reset_enable  gd32f10x_rcu.o
    0x08005d40   0x08005d40   0x000000ac   Code   RO         3490    i.system_clock_108m_irc8m  system_gd32f10x.o
    0x08005dec   0x08005dec   0x00000008   Code   RO         3491    i.system_clock_config  system_gd32f10x.o
    0x08005df4   0x08005df4   0x00000050   Code   RO          457    i.systick_config    systick.o
    0x08005e44   0x08005e44   0x00000014   Code   RO          862    i.temp1_DS18B20_GPIO_Config  drv_ds18b20.o
    0x08005e58   0x08005e58   0x0000001c   Code   RO          863    i.temp1_DS18B20_Mode_IPU  drv_ds18b20.o
    0x08005e74   0x08005e74   0x0000001c   Code   RO          864    i.temp1_DS18B20_Mode_OUT_PP  drv_ds18b20.o
    0x08005e90   0x08005e90   0x00000068   Code   RO          865    i.temp1_DS18B20_Presence  drv_ds18b20.o
    0x08005ef8   0x08005ef8   0x00000054   Code   RO          866    i.temp1_DS18B20_Read_Bit  drv_ds18b20.o
    0x08005f4c   0x08005f4c   0x00000022   Code   RO          867    i.temp1_DS18B20_Read_Byte  drv_ds18b20.o
    0x08005f6e   0x08005f6e   0x00000002   PAD
    0x08005f70   0x08005f70   0x0000002c   Code   RO          868    i.temp1_DS18B20_Rst  drv_ds18b20.o
    0x08005f9c   0x08005f9c   0x00000034   Code   RO          869    i.temp1_DS18B20_Write_Byte  drv_ds18b20.o
    0x08005fd0   0x08005fd0   0x00000028   Code   RO          870    i.temp1_DS18B20_Write_One  drv_ds18b20.o
    0x08005ff8   0x08005ff8   0x00000028   Code   RO          871    i.temp1_DS18B20_Write_Zero  drv_ds18b20.o
    0x08006020   0x08006020   0x00000018   Code   RO          872    i.temp1_DS18B20_start  drv_ds18b20.o
    0x08006038   0x08006038   0x0000004c   Code   RO          752    i.timer_config      bsp_timer.o
    0x08006084   0x08006084   0x000000dc   Code   RO         2825    i.timer_deinit      gd32f10x_timer.o
    0x08006160   0x08006160   0x0000000a   Code   RO         2830    i.timer_enable      gd32f10x_timer.o
    0x0800616a   0x0800616a   0x00000002   PAD
    0x0800616c   0x0800616c   0x000000d4   Code   RO         2840    i.timer_init        gd32f10x_timer.o
    0x08006240   0x08006240   0x00000008   Code   RO         2847    i.timer_interrupt_enable  gd32f10x_timer.o
    0x08006248   0x08006248   0x00000008   Code   RO         2848    i.timer_interrupt_flag_clear  gd32f10x_timer.o
    0x08006250   0x08006250   0x00000018   Code   RO         2849    i.timer_interrupt_flag_get  gd32f10x_timer.o
    0x08006268   0x08006268   0x00000094   Code   RO         3206    i.usart_baudrate_set  gd32f10x_usart.o
    0x080062fc   0x080062fc   0x0000000a   Code   RO         3207    i.usart_data_receive  gd32f10x_usart.o
    0x08006306   0x08006306   0x00000008   Code   RO         3208    i.usart_data_transmit  gd32f10x_usart.o
    0x0800630e   0x0800630e   0x00000002   PAD
    0x08006310   0x08006310   0x00000090   Code   RO         3209    i.usart_deinit      gd32f10x_usart.o
    0x080063a0   0x080063a0   0x0000000a   Code   RO         3210    i.usart_disable     gd32f10x_usart.o
    0x080063aa   0x080063aa   0x00000010   Code   RO         3211    i.usart_dma_receive_config  gd32f10x_usart.o
    0x080063ba   0x080063ba   0x0000000a   Code   RO         3213    i.usart_enable      gd32f10x_usart.o
    0x080063c4   0x080063c4   0x0000001e   Code   RO         3215    i.usart_flag_get    gd32f10x_usart.o
    0x080063e2   0x080063e2   0x0000001a   Code   RO         3221    i.usart_interrupt_disable  gd32f10x_usart.o
    0x080063fc   0x080063fc   0x0000001a   Code   RO         3222    i.usart_interrupt_enable  gd32f10x_usart.o
    0x08006416   0x08006416   0x0000001a   Code   RO         3223    i.usart_interrupt_flag_clear  gd32f10x_usart.o
    0x08006430   0x08006430   0x00000038   Code   RO         3224    i.usart_interrupt_flag_get  gd32f10x_usart.o
    0x08006468   0x08006468   0x00000010   Code   RO         3234    i.usart_parity_config  gd32f10x_usart.o
    0x08006478   0x08006478   0x00000010   Code   RO         3236    i.usart_receive_config  gd32f10x_usart.o
    0x08006488   0x08006488   0x00000010   Code   RO         3242    i.usart_stop_bit_set  gd32f10x_usart.o
    0x08006498   0x08006498   0x00000010   Code   RO         3246    i.usart_transmit_config  gd32f10x_usart.o
    0x080064a8   0x080064a8   0x00000010   Code   RO         3247    i.usart_word_length_set  gd32f10x_usart.o
    0x080064b8   0x080064b8   0x00000020   Data   RO         3867    Region$$Table       anon$$obj.o


    Execution Region RW_IRAM1 (Exec base: 0x20000000, Load base: 0x080064d8, Size: 0x00002e70, Max: 0x00005000, ABSOLUTE)

    Exec Addr    Load Addr    Size         Type   Attr      Idx    E Section Name        Object

    0x20000000   0x080064d8   0x00000002   Data   RW           10    .data               app.o
    0x20000002   0x080064da   0x00000002   PAD
    0x20000004   0x080064dc   0x00000020   Data   RW          215    .data               command.o
    0x20000024   0x080064fc   0x0000000e   Data   RW          279    .data               global.o
    0x20000032   0x0800650a   0x00000014   Data   RW          340    .data               gd32f10x_it.o
    0x20000046   0x0800651e   0x00000002   PAD
    0x20000048   0x08006520   0x00000004   Data   RW          458    .data               systick.o
    0x2000004c   0x08006524   0x00000004   Data   RW          569    .data               bsp_adc.o
    0x20000050   0x08006528   0x00000004   Data   RW          716    .data               bsp_dma.o
    0x20000054   0x0800652c   0x0000001e   Data   RW          896    .data               drv_ds18b20.o
    0x20000072   0x0800654a   0x00000002   PAD
    0x20000074   0x0800654c   0x00000004   Data   RW         3492    .data               system_gd32f10x.o
    0x20000078   0x08006550   0x00000004   Data   RW         3843    .data               mc_w.l(stdout.o)
    0x2000007c        -       0x000002dc   Zero   RW          214    .bss                command.o
    0x20000358        -       0x00000600   Zero   RW          278    .bss                global.o
    0x20000958        -       0x00000034   Zero   RW          568    .bss                bsp_adc.o
    0x2000098c        -       0x000004b0   Zero   RW          715    .bss                bsp_dma.o
    0x20000e3c        -       0x00000030   Zero   RW          895    .bss                drv_ds18b20.o
    0x20000e6c   0x08006554   0x00000004   PAD
    0x20000e70        -       0x00002000   Zero   RW         3478    STACK               startup_gd32f10x_md.o


==============================================================================

Image component sizes


      Code (inc. data)   RO Data    RW Data    ZI Data      Debug   Object Name

       780        292          0          2          0      60157   app.o
       530         48          0          4         52       3845   bsp_adc.o
       128         14          0          4       1200       1260   bsp_dma.o
       104          6          0          0          0       1370   bsp_timer.o
       416         30          0          0          0       1826   bsp_usart.o
       946         62          0         32        732       7876   command.o
       690         50          0         30         48       8357   drv_ds18b20.o
       154         12          0          0          0        989   drv_dsp_reset.o
       236         24          0          0          0       1519   drv_fpga.o
        40          6          0          0          0        470   drv_led.o
       292         44          0          0          0        649   drv_vpx.o
       138          0          0          0          0       1749   flash.o
       680         10          0          0          0       7215   gd32f10x_adc.o
       802          6          0          0          0       6944   gd32f10x_dma.o
        48         10          0          0          0       1174   gd32f10x_exti.o
       736         66          0          0          0       5159   gd32f10x_fmc.o
       316          6          0          0          0       3325   gd32f10x_gpio.o
        10          0          0          0          0        490   gd32f10x_i2c.o
      1236        240          0         20          0      33583   gd32f10x_it.o
       184         16          0          0          0       1330   gd32f10x_misc.o
       796         82          0          0          0       5096   gd32f10x_rcu.o
       482         64          0          0          0       4032   gd32f10x_timer.o
       590         16          0          0          0       9935   gd32f10x_usart.o
       400        246          0         14       1536       4335   global.o
        36          8        260          0       8192        816   startup_gd32f10x_md.o
       280         28          0          4          0       1767   system_gd32f10x.o
       192         32          0          4          0      27886   systick.o

    ----------------------------------------------------------------------
     11268       1418        292        120      11764     203154   Object Totals
         0          0         32          0          0          0   (incl. Generated)
        26          0          0          6          4          0   (incl. Padding)

    ----------------------------------------------------------------------

      Code (inc. data)   RO Data    RW Data    ZI Data      Debug   Library Member Name

         0          0          0          0          0          0   entry.o
         0          0          0          0          0          0   entry10a.o
         0          0          0          0          0          0   entry11a.o
         4          0          0          0          0          0   entry12b.o
         8          4          0          0          0          0   entry2.o
         4          0          0          0          0          0   entry5.o
         0          0          0          0          0          0   entry7b.o
         0          0          0          0          0          0   entry8b.o
         8          4          0          0          0          0   entry9a.o
        30          0          0          0          0          0   handlers.o
        36          8          0          0          0         68   init.o
         0          0          0          0          0          0   iusefp.o
        30          0          0          0          0         68   llshl.o
        36          0          0          0          0         68   llsshr.o
        32          0          0          0          0         68   llushr.o
        36          0          0          0          0         68   memcpya.o
        36          0          0          0          0        108   memseta.o
      2218         90          0          0          0        464   printfa.o
         0          0          0          4          0          0   stdout.o
        44          0          0          0          0         80   uidiv.o
        98          0          0          0          0         92   uldiv.o
        48          0          0          0          0         68   cdrcmple.o
        20          0          0          0          0         68   cfcmple.o
        20          0          0          0          0         68   cfrcmple.o
        56          0          0          0          0         88   d2f.o
       334          0          0          0          0        148   dadd.o
       222          0          0          0          0        100   ddiv.o
       186          0          0          0          0        176   depilogue.o
        48          0          0          0          0         68   dfixul.o
        26          0          0          0          0         76   dfltui.o
       228          0          0          0          0         96   dmul.o
        38          0          0          0          0         68   f2d.o
       110          0          0          0          0        168   fepilogue.o
        40          0          0          0          0         68   ffixui.o
        18          0          0          0          0         68   fflti.o

    ----------------------------------------------------------------------
      4016        106          0          4          0       2412   Library Totals
         2          0          0          0          0          0   (incl. Padding)

    ----------------------------------------------------------------------

      Code (inc. data)   RO Data    RW Data    ZI Data      Debug   Library Name

      2620        106          0          4          0       1084   mc_w.l
      1394          0          0          0          0       1328   mf_w.l

    ----------------------------------------------------------------------
      4016        106          0          4          0       2412   Library Totals

    ----------------------------------------------------------------------

==============================================================================


      Code (inc. data)   RO Data    RW Data    ZI Data      Debug   

     15284       1524        292        124      11764     197034   Grand Totals
     15284       1524        292        124      11764     197034   ELF Image Totals
     15284       1524        292        124          0          0   ROM Totals

==============================================================================

    Total RO  Size (Code + RO Data)                15576 (  15.21kB)
    Total RW  Size (RW Data + ZI Data)             11888 (  11.61kB)
    Total ROM Size (Code + RO Data + RW Data)      15700 (  15.33kB)

==============================================================================

