Component: ARM Compiler 5.06 update 7 (build 960) Tool: armlink [4d3601]

==============================================================================

Section Cross References

    main.o(i.DMA_config) refers to gd32f10x_rcu.o(i.rcu_periph_clock_enable) for rcu_periph_clock_enable
    main.o(i.DMA_config) refers to gd32f10x_dma.o(i.dma_deinit) for dma_deinit
    main.o(i.DMA_config) refers to gd32f10x_dma.o(i.dma_init) for dma_init
    main.o(i.DMA_config) refers to gd32f10x_dma.o(i.dma_circulation_disable) for dma_circulation_disable
    main.o(i.DMA_config) refers to gd32f10x_dma.o(i.dma_memory_to_memory_disable) for dma_memory_to_memory_disable
    main.o(i.DMA_config) refers to gd32f10x_dma.o(i.dma_channel_enable) for dma_channel_enable
    main.o(i.DMA_config) refers to main.o(.bss) for dma_buffer
    main.o(i.NVIC_config) refers to gd32f10x_misc.o(i.nvic_irq_enable) for nvic_irq_enable
    main.o(i.USART0_config) refers to gd32f10x_rcu.o(i.rcu_periph_clock_enable) for rcu_periph_clock_enable
    main.o(i.USART0_config) refers to gd32f10x_gpio.o(i.gpio_init) for gpio_init
    main.o(i.USART0_config) refers to gd32f10x_usart.o(i.usart_deinit) for usart_deinit
    main.o(i.USART0_config) refers to gd32f10x_usart.o(i.usart_baudrate_set) for usart_baudrate_set
    main.o(i.USART0_config) refers to gd32f10x_usart.o(i.usart_parity_config) for usart_parity_config
    main.o(i.USART0_config) refers to gd32f10x_usart.o(i.usart_word_length_set) for usart_word_length_set
    main.o(i.USART0_config) refers to gd32f10x_usart.o(i.usart_stop_bit_set) for usart_stop_bit_set
    main.o(i.USART0_config) refers to gd32f10x_usart.o(i.usart_receive_config) for usart_receive_config
    main.o(i.USART0_config) refers to gd32f10x_usart.o(i.usart_transmit_config) for usart_transmit_config
    main.o(i.USART0_config) refers to gd32f10x_usart.o(i.usart_enable) for usart_enable
    main.o(i.USART_config) refers to gd32f10x_rcu.o(i.rcu_periph_clock_enable) for rcu_periph_clock_enable
    main.o(i.USART_config) refers to gd32f10x_gpio.o(i.gpio_pin_remap_config) for gpio_pin_remap_config
    main.o(i.USART_config) refers to gd32f10x_gpio.o(i.gpio_init) for gpio_init
    main.o(i.USART_config) refers to gd32f10x_usart.o(i.usart_deinit) for usart_deinit
    main.o(i.USART_config) refers to gd32f10x_usart.o(i.usart_baudrate_set) for usart_baudrate_set
    main.o(i.USART_config) refers to gd32f10x_usart.o(i.usart_stop_bit_set) for usart_stop_bit_set
    main.o(i.USART_config) refers to gd32f10x_usart.o(i.usart_parity_config) for usart_parity_config
    main.o(i.USART_config) refers to gd32f10x_usart.o(i.usart_word_length_set) for usart_word_length_set
    main.o(i.USART_config) refers to gd32f10x_usart.o(i.usart_receive_config) for usart_receive_config
    main.o(i.USART_config) refers to gd32f10x_usart.o(i.usart_interrupt_flag_clear) for usart_interrupt_flag_clear
    main.o(i.USART_config) refers to gd32f10x_usart.o(i.usart_transmit_config) for usart_transmit_config
    main.o(i.USART_config) refers to gd32f10x_usart.o(i.usart_enable) for usart_enable
    main.o(i.USART_config) refers to gd32f10x_usart.o(i.usart_dma_receive_config) for usart_dma_receive_config
    main.o(i.USART_config) refers to gd32f10x_usart.o(i.usart_interrupt_enable) for usart_interrupt_enable
    main.o(i.dohitech_mcu_dsp_reset) refers to gd32f10x_gpio.o(i.gpio_init) for gpio_init
    main.o(i.dohitech_mcu_dsp_reset) refers to main.o(i.delay_us) for delay_us
    main.o(i.dohitech_mcu_v7_mode_set) refers to gd32f10x_gpio.o(i.gpio_init) for gpio_init
    main.o(i.dohitech_mcu_v7_mode_set) refers to gd32f10x_gpio.o(i.gpio_bit_set) for gpio_bit_set
    main.o(i.dohitech_mcu_v7_mode_set) refers to gd32f10x_gpio.o(i.gpio_bit_reset) for gpio_bit_reset
    main.o(i.fputc) refers to gd32f10x_usart.o(i.usart_data_transmit) for usart_data_transmit
    main.o(i.fputc) refers to gd32f10x_usart.o(i.usart_flag_get) for usart_flag_get
    main.o(i.gpio_config) refers to gd32f10x_rcu.o(i.rcu_periph_clock_enable) for rcu_periph_clock_enable
    main.o(i.gpio_config) refers to gd32f10x_gpio.o(i.gpio_init) for gpio_init
    main.o(i.main) refers to gd32f10x_rcu.o(i.rcu_periph_clock_enable) for rcu_periph_clock_enable
    main.o(i.main) refers to gd32f10x_gpio.o(i.gpio_pin_remap_config) for gpio_pin_remap_config
    main.o(i.main) refers to main.o(i.DMA_config) for DMA_config
    main.o(i.main) refers to main.o(i.USART_config) for USART_config
    main.o(i.main) refers to main.o(i.NVIC_config) for NVIC_config
    main.o(i.main) refers to main.o(i.USART0_config) for USART0_config
    main.o(i.main) refers to command.o(i.calc_checksum) for calc_checksum
    main.o(i.main) refers to flash.o(i.erase_page) for erase_page
    main.o(i.main) refers to flash.o(i.FLASH_Program) for FLASH_Program
    main.o(i.main) refers to printfb.o(i.__0printf$bare) for __2printf
    main.o(i.main) refers to gd32f10x_usart.o(i.usart_disable) for usart_disable
[...]
    command.o(i.process_command) refers to flash.o(i.erase_page) for erase_page
    command.o(i.process_command) refers to flash.o(i.FLASH_Program) for FLASH_Program
    command.o(i.process_command) refers to printfb.o(i.__0printf$bare) for __2printf
    command.o(i.process_command) refers to command.o(.data) for Information_label
    command.o(i.process_command) refers to command.o(.bss) for Online_update_order
    command.o(i.process_command) refers to main.o(.bss) for Online_update_order_feedback_union_entity_1
    gd32f10x_dma.o(i.dma_channel_disable) refers to gd32f10x_dma.o(i.dma_periph_and_channel_check) for dma_periph_and_channel_check
    gd32f10x_dma.o(i.dma_channel_enable) refers to gd32f10x_dma.o(i.dma_periph_and_channel_check) for dma_periph_and_channel_check
    gd32f10x_dma.o(i.dma_circulation_disable) refers to gd32f10x_dma.o(i.dma_periph_and_channel_check) for dma_periph_and_channel_check
    gd32f10x_dma.o(i.dma_circulation_enable) refers to gd32f10x_dma.o(i.dma_periph_and_channel_check) for dma_periph_and_channel_check
    gd32f10x_dma.o(i.dma_deinit) refers to gd32f10x_dma.o(i.dma_periph_and_channel_check) for dma_periph_and_channel_check
    gd32f10x_dma.o(i.dma_init) refers to gd32f10x_dma.o(i.dma_periph_and_channel_check) for dma_periph_and_channel_check
    gd32f10x_dma.o(i.dma_interrupt_disable) refers to gd32f10x_dma.o(i.dma_periph_and_channel_check) for dma_periph_and_channel_check
    gd32f10x_dma.o(i.dma_interrupt_enable) refers to gd32f10x_dma.o(i.dma_periph_and_channel_check) for dma_periph_and_channel_check
    gd32f10x_dma.o(i.dma_memory_address_config) refers to gd32f10x_dma.o(i.dma_periph_and_channel_check) for dma_periph_and_channel_check
    gd32f10x_dma.o(i.dma_memory_increase_disable) refers to gd32f10x_dma.o(i.dma_periph_and_channel_check) for dma_periph_and_channel_check
    gd32f10x_dma.o(i.dma_memory_increase_enable) refers to gd32f10x_dma.o(i.dma_periph_and_channel_check) for dma_periph_and_channel_check
    gd32f10x_dma.o(i.dma_memory_to_memory_disable) refers to gd32f10x_dma.o(i.dma_periph_and_channel_check) for dma_periph_and_channel_check
    gd32f10x_dma.o(i.dma_memory_to_memory_enable) refers to gd32f10x_dma.o(i.dma_periph_and_channel_check) for dma_periph_and_channel_check
    gd32f10x_dma.o(i.dma_memory_width_config) refers to gd32f10x_dma.o(i.dma_periph_and_channel_check) for dma_periph_and_channel_check
    gd32f10x_dma.o(i.dma_periph_address_config) refers to gd32f10x_dma.o(i.dma_periph_and_channel_check) for dma_periph_and_channel_check
    gd32f10x_dma.o(i.dma_periph_increase_disable) refers to gd32f10x_dma.o(i.dma_periph_and_channel_check) for dma_periph_and_channel_check
    gd32f10x_dma.o(i.dma_periph_increase_enable) refers to gd32f10x_dma.o(i.dma_periph_and_channel_check) for dma_periph_and_channel_check
    gd32f10x_dma.o(i.dma_periph_width_config) refers to gd32f10x_dma.o(i.dma_periph_and_channel_check) for dma_periph_and_channel_check
    gd32f10x_dma.o(i.dma_priority_config) refers to gd32f10x_dma.o(i.dma_periph_and_channel_check) for dma_periph_and_channel_check
    gd32f10x_dma.o(i.dma_transfer_direction_config) refers to gd32f10x_dma.o(i.dma_periph_and_channel_check) for dma_periph_and_channel_check
    gd32f10x_dma.o(i.dma_transfer_number_config) refers to gd32f10x_dma.o(i.dma_periph_and_channel_check) for dma_periph_and_channel_check
    gd32f10x_dma.o(i.dma_transfer_number_get) refers to gd32f10x_dma.o(i.dma_periph_and_channel_check) for dma_periph_and_channel_check
    gd32f10x_fmc.o(i.fmc_bank0_erase) refers to gd32f10x_fmc.o(i.fmc_bank0_ready_wait) for fmc_bank0_ready_wait
    gd32f10x_fmc.o(i.fmc_bank0_ready_wait) refers to gd32f10x_fmc.o(i.fmc_bank0_state_get) for fmc_bank0_state_get
    gd32f10x_fmc.o(i.fmc_bank1_erase) refers to gd32f10x_fmc.o(i.fmc_bank1_ready_wait) for fmc_bank1_ready_wait
    gd32f10x_fmc.o(i.fmc_bank1_ready_wait) refers to gd32f10x_fmc.o(i.fmc_bank1_state_get) for fmc_bank1_state_get
    gd32f10x_fmc.o(i.fmc_halfword_program) refers to gd32f10x_fmc.o(i.fmc_bank0_ready_wait) for fmc_bank0_ready_wait
    gd32f10x_fmc.o(i.fmc_halfword_program) refers to gd32f10x_fmc.o(i.fmc_bank1_ready_wait) for fmc_bank1_ready_wait
    gd32f10x_fmc.o(i.fmc_mass_erase) refers to gd32f10x_fmc.o(i.fmc_bank0_ready_wait) for fmc_bank0_ready_wait
    gd32f10x_fmc.o(i.fmc_mass_erase) refers to gd32f10x_fmc.o(i.fmc_bank1_ready_wait) for fmc_bank1_ready_wait
    gd32f10x_fmc.o(i.fmc_page_erase) refers to gd32f10x_fmc.o(i.fmc_bank0_ready_wait) for fmc_bank0_ready_wait
    gd32f10x_fmc.o(i.fmc_page_erase) refers to gd32f10x_fmc.o(i.fmc_bank1_ready_wait) for fmc_bank1_ready_wait
    gd32f10x_fmc.o(i.fmc_word_program) refers to gd32f10x_fmc.o(i.fmc_bank0_ready_wait) for fmc_bank0_ready_wait
    gd32f10x_fmc.o(i.fmc_word_program) refers to gd32f10x_fmc.o(i.fmc_bank1_ready_wait) for fmc_bank1_ready_wait
    gd32f10x_fmc.o(i.ob_data_program) refers to gd32f10x_fmc.o(i.fmc_bank0_ready_wait) for fmc_bank0_ready_wait
    gd32f10x_fmc.o(i.ob_erase) refers to gd32f10x_fmc.o(i.fmc_bank0_ready_wait) for fmc_bank0_ready_wait
    gd32f10x_fmc.o(i.ob_erase) refers to gd32f10x_fmc.o(i.ob_spc_get) for ob_spc_get
    gd32f10x_fmc.o(i.ob_security_protection_config) refers to gd32f10x_fmc.o(i.fmc_bank0_ready_wait) for fmc_bank0_ready_wait
    gd32f10x_fmc.o(i.ob_user_write) refers to gd32f10x_fmc.o(i.fmc_bank0_ready_wait) for fmc_bank0_ready_wait
    gd32f10x_fmc.o(i.ob_write_protection_enable) refers to gd32f10x_fmc.o(i.fmc_bank0_ready_wait) for fmc_bank0_ready_wait
    gd32f10x_gpio.o(i.gpio_afio_deinit) refers to gd32f10x_rcu.o(i.rcu_periph_reset_enable) for rcu_periph_reset_enable
    gd32f10x_gpio.o(i.gpio_afio_deinit) refers to gd32f10x_rcu.o(i.rcu_periph_reset_disable) for rcu_periph_reset_disable
    gd32f10x_gpio.o(i.gpio_deinit) refers to gd32f10x_rcu.o(i.rcu_periph_reset_enable) for rcu_periph_reset_enable
    gd32f10x_gpio.o(i.gpio_deinit) refers to gd32f10x_rcu.o(i.rcu_periph_reset_disable) for rcu_periph_reset_disable
    gd32f10x_misc.o(i.nvic_irq_enable) refers to gd32f10x_misc.o(i.nvic_priority_group_set) for nvic_priority_group_set
    gd32f10x_rcu.o(i.rcu_deinit) refers to gd32f10x_rcu.o(i.rcu_osci_stab_wait) for rcu_osci_stab_wait
    gd32f10x_rcu.o(i.rcu_osci_stab_wait) refers to gd32f10x_rcu.o(i.rcu_flag_get) for rcu_flag_get
    gd32f10x_usart.o(i.usart_baudrate_set) refers to gd32f10x_rcu.o(i.rcu_clock_freq_get) for rcu_clock_freq_get
    gd32f10x_usart.o(i.usart_deinit) refers to gd32f10x_rcu.o(i.rcu_periph_reset_enable) for rcu_periph_reset_enable
    gd32f10x_usart.o(i.usart_deinit) refers to gd32f10x_rcu.o(i.rcu_periph_reset_disable) for rcu_periph_reset_disable
    startup_gd32f10x_md.o(RESET) refers to startup_gd32f10x_md.o(STACK) for __initial_sp
    startup_gd32f10x_md.o(RESET) refers to startup_gd32f10x_md.o(.text) for Reset_Handler
    startup_gd32f10x_md.o(RESET) refers to gd32f10x_it.o(i.NMI_Handler) for NMI_Handler
    startup_gd32f10x_md.o(RESET) refers to gd32f10x_it.o(i.HardFault_Handler) for HardFault_Handler
    startup_gd32f10x_md.o(RESET) refers to gd32f10x_it.o(i.MemManage_Handler) for MemManage_Handler
    startup_gd32f10x_md.o(RESET) refers to gd32f10x_it.o(i.BusFault_Handler) for BusFault_Handler
    startup_gd32f10x_md.o(RESET) refers to gd32f10x_it.o(i.UsageFault_Handler) for UsageFault_Handler
    startup_gd32f10x_md.o(RESET) refers to gd32f10x_it.o(i.SVC_Handler) for SVC_Handler
    startup_gd32f10x_md.o(RESET) refers to gd32f10x_it.o(i.DebugMon_Handler) for DebugMon_Handler
    startup_gd32f10x_md.o(RESET) refers to gd32f10x_it.o(i.PendSV_Handler) for PendSV_Handler
    startup_gd32f10x_md.o(RESET) refers to gd32f10x_it.o(i.DMA0_Channel2_IRQHandler) for DMA0_Channel2_IRQHandler
    startup_gd32f10x_md.o(RESET) refers to gd32f10x_it.o(i.DMA0_Channel4_IRQHandler) for DMA0_Channel4_IRQHandler
    startup_gd32f10x_md.o(RESET) refers to gd32f10x_it.o(i.USART2_IRQHandler) for USART2_IRQHandler
    startup_gd32f10x_md.o(.text) refers to system_gd32f10x.o(i.SystemInit) for SystemInit
    startup_gd32f10x_md.o(.text) refers to entry.o(.ARM.Collect$$$$00000000) for __main
    system_gd32f10x.o(i.SystemCoreClockUpdate) refers to system_gd32f10x.o(.data) for SystemCoreClock
    system_gd32f10x.o(i.SystemInit) refers to system_gd32f10x.o(i.system_clock_config) for system_clock_config
    system_gd32f10x.o(i.system_clock_config) refers to system_gd32f10x.o(i.system_clock_108m_irc8m) for system_clock_108m_irc8m
    entry.o(.ARM.Collect$$$$00000000) refers (Special) to entry10a.o(.ARM.Collect$$$$0000000F) for __rt_final_cpp
    entry.o(.ARM.Collect$$$$00000000) refers (Special) to entry11a.o(.ARM.Collect$$$$00000011) for __rt_final_exit
    entry.o(.ARM.Collect$$$$00000000) refers (Special) to entry12b.o(.ARM.Collect$$$$0000000E) for __rt_lib_shutdown_fini
    entry.o(.ARM.Collect$$$$00000000) refers (Special) to entry7b.o(.ARM.Collect$$$$00000008) for _main_clock
    entry.o(.ARM.Collect$$$$00000000) refers (Special) to entry8b.o(.ARM.Collect$$$$0000000A) for _main_cpp_init
    entry.o(.ARM.Collect$$$$00000000) refers (Special) to entry9a.o(.ARM.Collect$$$$0000000B) for _main_init
    entry.o(.ARM.Collect$$$$00000000) refers (Special) to entry5.o(.ARM.Collect$$$$00000004) for _main_scatterload
    entry.o(.ARM.Collect$$$$00000000) refers (Special) to entry2.o(.ARM.Collect$$$$00000001) for _main_stk
    printfb.o(i.__0fprintf$bare) refers to printfb.o(i._printf_core) for _printf_core
    printfb.o(i.__0fprintf$bare) refers to main.o(i.fputc) for fputc
    printfb.o(i.__0printf$bare) refers to printfb.o(i._printf_core) for _printf_core
    printfb.o(i.__0printf$bare) refers to main.o(i.fputc) for fputc
    printfb.o(i.__0printf$bare) refers to stdout.o(.data) for __stdout
    printfb.o(i.__0snprintf$bare) refers to printfb.o(i._printf_core) for _printf_core
    printfb.o(i.__0snprintf$bare) refers to printfb.o(i._snputc) for _snputc
    printfb.o(i.__0sprintf$bare) refers to printfb.o(i._printf_core) for _printf_core
    printfb.o(i.__0sprintf$bare) refers to printfb.o(i._sputc) for _sputc
    printfb.o(i.__0vfprintf$bare) refers to printfb.o(i._printf_core) for _printf_core
    printfb.o(i.__0vfprintf$bare) refers to main.o(i.fputc) for fputc
    printfb.o(i.__0vprintf$bare) refers to printfb.o(i._printf_core) for _printf_core
    printfb.o(i.__0vprintf$bare) refers to main.o(i.fputc) for fputc
    printfb.o(i.__0vprintf$bare) refers to stdout.o(.data) for __stdout
    printfb.o(i.__0vsnprintf$bare) refers to printfb.o(i._printf_core) for _printf_core
    printfb.o(i.__0vsnprintf$bare) refers to printfb.o(i._snputc) for _snputc
    printfb.o(i.__0vsprintf$bare) refers to printfb.o(i._printf_core) for _printf_core
    printfb.o(i.__0vsprintf$bare) refers to printfb.o(i._sputc) for _sputc
    printf0.o(i.__0fprintf$0) refers to printf0.o(i._printf_core) for _printf_core
    printf0.o(i.__0fprintf$0) refers to main.o(i.fputc) for fputc
    printf0.o(i.__0printf$0) refers to printf0.o(i._printf_core) for _printf_core
    printf0.o(i.__0printf$0) refers to main.o(i.fputc) for fputc
    printf0.o(i.__0printf$0) refers to stdout.o(.data) for __stdout
    printf0.o(i.__0snprintf$0) refers to printf0.o(i._printf_core) for _printf_core
    printf0.o(i.__0snprintf$0) refers to printf0.o(i._snputc) for _snputc
    printf0.o(i.__0sprintf$0) refers to printf0.o(i._printf_core) for _printf_core
    printf0.o(i.__0sprintf$0) refers to printf0.o(i._sputc) for _sputc
    printf0.o(i.__0vfprintf$0) refers to printf0.o(i._printf_core) for _printf_core
    printf0.o(i.__0vfprintf$0) refers to main.o(i.fputc) for fputc
    printf0.o(i.__0vprintf$0) refers to printf0.o(i._printf_core) for _printf_core
    printf0.o(i.__0vprintf$0) refers to main.o(i.fputc) for fputc
    printf0.o(i.__0vprintf$0) refers to stdout.o(.data) for __stdout
    printf0.o(i.__0vsnprintf$0) refers to printf0.o(i._printf_core) for _printf_core
    printf0.o(i.__0vsnprintf$0) refers to printf0.o(i._snputc) for _snputc
    printf0.o(i.__0vsprintf$0) refers to printf0.o(i._printf_core) for _printf_core
    printf0.o(i.__0vsprintf$0) refers to printf0.o(i._sputc) for _sputc
    printf1.o(i.__0fprintf$1) refers to printf1.o(i._printf_core) for _printf_core
    printf1.o(i.__0fprintf$1) refers to main.o(i.fputc) for fputc
    printf1.o(i.__0printf$1) refers to printf1.o(i._printf_core) for _printf_core
    printf1.o(i.__0printf$1) refers to main.o(i.fputc) for fputc
    printf1.o(i.__0printf$1) refers to stdout.o(.data) for __stdout
    printf1.o(i.__0snprintf$1) refers to printf1.o(i._printf_core) for _printf_core
    printf1.o(i.__0snprintf$1) refers to printf1.o(i._snputc) for _snputc
    printf1.o(i.__0sprintf$1) refers to printf1.o(i._printf_core) for _printf_core
    printf1.o(i.__0sprintf$1) refers to printf1.o(i._sputc) for _sputc
    printf1.o(i.__0vfprintf$1) refers to printf1.o(i._printf_core) for _printf_core
    printf1.o(i.__0vfprintf$1) refers to main.o(i.fputc) for fputc
    printf1.o(i.__0vprintf$1) refers to printf1.o(i._printf_core) for _printf_core
    printf1.o(i.__0vprintf$1) refers to main.o(i.fputc) for fputc
    printf1.o(i.__0vprintf$1) refers to stdout.o(.data) for __stdout
    printf1.o(i.__0vsnprintf$1) refers to printf1.o(i._printf_core) for _printf_core
    printf1.o(i.__0vsnprintf$1) refers to printf1.o(i._snputc) for _snputc
    printf1.o(i.__0vsprintf$1) refers to printf1.o(i._printf_core) for _printf_core
    printf1.o(i.__0vsprintf$1) refers to printf1.o(i._sputc) for _sputc
    printf1.o(i._printf_core) refers to uidiv.o(.text) for __aeabi_uidivmod
    printf2.o(i.__0fprintf$2) refers to printf2.o(i._printf_core) for _printf_core
    printf2.o(i.__0fprintf$2) refers to main.o(i.fputc) for fputc
    printf2.o(i.__0printf$2) refers to printf2.o(i._printf_core) for _printf_core
    printf2.o(i.__0printf$2) refers to main.o(i.fputc) for fputc
    printf2.o(i.__0printf$2) refers to stdout.o(.data) for __stdout
    printf2.o(i.__0snprintf$2) refers to printf2.o(i._printf_core) for _printf_core
    printf2.o(i.__0snprintf$2) refers to printf2.o(i._snputc) for _snputc
    printf2.o(i.__0sprintf$2) refers to printf2.o(i._printf_core) for _printf_core
    printf2.o(i.__0sprintf$2) refers to printf2.o(i._sputc) for _sputc
    printf2.o(i.__0vfprintf$2) refers to printf2.o(i._printf_core) for _printf_core
    printf2.o(i.__0vfprintf$2) refers to main.o(i.fputc) for fputc
    printf2.o(i.__0vprintf$2) refers to printf2.o(i._printf_core) for _printf_core
    printf2.o(i.__0vprintf$2) refers to main.o(i.fputc) for fputc
    printf2.o(i.__0vprintf$2) refers to stdout.o(.data) for __stdout
    printf2.o(i.__0vsnprintf$2) refers to printf2.o(i._printf_core) for _printf_core
    printf2.o(i.__0vsnprintf$2) refers to printf2.o(i._snputc) for _snputc
    printf2.o(i.__0vsprintf$2) refers to printf2.o(i._printf_core) for _printf_core
    printf2.o(i.__0vsprintf$2) refers to printf2.o(i._sputc) for _sputc
    printf3.o(i.__0fprintf$3) refers to printf3.o(i._printf_core) for _printf_core
    printf3.o(i.__0fprintf$3) refers to main.o(i.fputc) for fputc
    printf3.o(i.__0printf$3) refers to printf3.o(i._printf_core) for _printf_core
    printf3.o(i.__0printf$3) refers to main.o(i.fputc) for fputc
    printf3.o(i.__0printf$3) refers to stdout.o(.data) for __stdout
    printf3.o(i.__0snprintf$3) refers to printf3.o(i._printf_core) for _printf_core
    printf3.o(i.__0snprintf$3) refers to printf3.o(i._snputc) for _snputc
    printf3.o(i.__0sprintf$3) refers to printf3.o(i._printf_core) for _printf_core
    printf3.o(i.__0sprintf$3) refers to printf3.o(i._sputc) for _sputc
    printf3.o(i.__0vfprintf$3) refers to printf3.o(i._printf_core) for _printf_core
    printf3.o(i.__0vfprintf$3) refers to main.o(i.fputc) for fputc
    printf3.o(i.__0vprintf$3) refers to printf3.o(i._printf_core) for _printf_core
    printf3.o(i.__0vprintf$3) refers to main.o(i.fputc) for fputc
    printf3.o(i.__0vprintf$3) refers to stdout.o(.data) for __stdout
    printf3.o(i.__0vsnprintf$3) refers to printf3.o(i._printf_core) for _printf_core
    printf3.o(i.__0vsnprintf$3) refers to printf3.o(i._snputc) for _snputc
    printf3.o(i.__0vsprintf$3) refers to printf3.o(i._printf_core) for _printf_core
    printf3.o(i.__0vsprintf$3) refers to printf3.o(i._sputc) for _sputc
    printf3.o(i._printf_core) refers to uidiv.o(.text) for __aeabi_uidivmod
    printf4.o(i.__0fprintf$4) refers to printf4.o(i._printf_core) for _printf_core
    printf4.o(i.__0fprintf$4) refers to main.o(i.fputc) for fputc
    printf4.o(i.__0printf$4) refers to printf4.o(i._printf_core) for _printf_core
    printf4.o(i.__0printf$4) refers to main.o(i.fputc) for fputc
    printf4.o(i.__0printf$4) refers to stdout.o(.data) for __stdout
    printf4.o(i.__0snprintf$4) refers to printf4.o(i._printf_core) for _printf_core
    printf4.o(i.__0snprintf$4) refers to printf4.o(i._snputc) for _snputc
    printf4.o(i.__0sprintf$4) refers to printf4.o(i._printf_core) for _printf_core
    printf4.o(i.__0sprintf$4) refers to printf4.o(i._sputc) for _sputc
    printf4.o(i.__0vfprintf$4) refers to printf4.o(i._printf_core) for _printf_core
    printf4.o(i.__0vfprintf$4) refers to main.o(i.fputc) for fputc
    printf4.o(i.__0vprintf$4) refers to printf4.o(i._printf_core) for _printf_core
    printf4.o(i.__0vprintf$4) refers to main.o(i.fputc) for fputc
    printf4.o(i.__0vprintf$4) refers to stdout.o(.data) for __stdout
    printf4.o(i.__0vsnprintf$4) refers to printf4.o(i._printf_core) for _printf_core
    printf4.o(i.__0vsnprintf$4) refers to printf4.o(i._snputc) for _snputc
    printf4.o(i.__0vsprintf$4) refers to printf4.o(i._printf_core) for _printf_core
    printf4.o(i.__0vsprintf$4) refers to printf4.o(i._sputc) for _sputc
    printf4.o(i._printf_core) refers to uldiv.o(.text) for __aeabi_uldivmod
    printf5.o(i.__0fprintf$5) refers to printf5.o(i._printf_core) for _printf_core
    printf5.o(i.__0fprintf$5) refers to main.o(i.fputc) for fputc
    printf5.o(i.__0printf$5) refers to printf5.o(i._printf_core) for _printf_core
    printf5.o(i.__0printf$5) refers to main.o(i.fputc) for fputc
    printf5.o(i.__0printf$5) refers to stdout.o(.data) for __stdout
    printf5.o(i.__0snprintf$5) refers to printf5.o(i._printf_core) for _printf_core
    printf5.o(i.__0snprintf$5) refers to printf5.o(i._snputc) for _snputc
    printf5.o(i.__0sprintf$5) refers to printf5.o(i._printf_core) for _printf_core
    printf5.o(i.__0sprintf$5) refers to printf5.o(i._sputc) for _sputc
    printf5.o(i.__0vfprintf$5) refers to printf5.o(i._printf_core) for _printf_core
    printf5.o(i.__0vfprintf$5) refers to main.o(i.fputc) for fputc
    printf5.o(i.__0vprintf$5) refers to printf5.o(i._printf_core) for _printf_core
    printf5.o(i.__0vprintf$5) refers to main.o(i.fputc) for fputc
    printf5.o(i.__0vprintf$5) refers to stdout.o(.data) for __stdout
    printf5.o(i.__0vsnprintf$5) refers to printf5.o(i._printf_core) for _printf_core
    printf5.o(i.__0vsnprintf$5) refers to printf5.o(i._snputc) for _snputc
    printf5.o(i.__0vsprintf$5) refers to printf5.o(i._printf_core) for _printf_core
    printf5.o(i.__0vsprintf$5) refers to printf5.o(i._sputc) for _sputc
    printf5.o(i._printf_core) refers to uldiv.o(.text) for __aeabi_uldivmod
    printf6.o(i.__0fprintf$6) refers to printf6.o(i._printf_core) for _printf_core
    printf6.o(i.__0fprintf$6) refers to main.o(i.fputc) for fputc
    printf6.o(i.__0printf$6) refers to printf6.o(i._printf_core) for _printf_core
    printf6.o(i.__0printf$6) refers to main.o(i.fputc) for fputc
    printf6.o(i.__0printf$6) refers to stdout.o(.data) for __stdout
    printf6.o(i.__0snprintf$6) refers to printf6.o(i._printf_core) for _printf_core
    printf6.o(i.__0snprintf$6) refers to printf6.o(i._snputc) for _snputc
    printf6.o(i.__0sprintf$6) refers to printf6.o(i._printf_core) for _printf_core
    printf6.o(i.__0sprintf$6) refers to printf6.o(i._sputc) for _sputc
    printf6.o(i.__0vfprintf$6) refers to printf6.o(i._printf_core) for _printf_core
    printf6.o(i.__0vfprintf$6) refers to main.o(i.fputc) for fputc
    printf6.o(i.__0vprintf$6) refers to printf6.o(i._printf_core) for _printf_core
    printf6.o(i.__0vprintf$6) refers to main.o(i.fputc) for fputc
    printf6.o(i.__0vprintf$6) refers to stdout.o(.data) for __stdout
    printf6.o(i.__0vsnprintf$6) refers to printf6.o(i._printf_core) for _printf_core
    printf6.o(i.__0vsnprintf$6) refers to printf6.o(i._snputc) for _snputc
    printf6.o(i.__0vsprintf$6) refers to printf6.o(i._printf_core) for _printf_core
    printf6.o(i.__0vsprintf$6) refers to printf6.o(i._sputc) for _sputc
    printf6.o(i._printf_core) refers to printf6.o(i._printf_pre_padding) for _printf_pre_padding
    printf6.o(i._printf_core) refers to uidiv.o(.text) for __aeabi_uidivmod
    printf6.o(i._printf_core) refers to printf6.o(i._printf_post_padding) for _printf_post_padding
    printf7.o(i.__0fprintf$7) refers to printf7.o(i._printf_core) for _printf_core
    printf7.o(i.__0fprintf$7) refers to main.o(i.fputc) for fputc
    printf7.o(i.__0printf$7) refers to printf7.o(i._printf_core) for _printf_core
    printf7.o(i.__0printf$7) refers to main.o(i.fputc) for fputc
    printf7.o(i.__0printf$7) refers to stdout.o(.data) for __stdout
    printf7.o(i.__0snprintf$7) refers to printf7.o(i._printf_core) for _printf_core
    printf7.o(i.__0snprintf$7) refers to printf7.o(i._snputc) for _snputc
    printf7.o(i.__0sprintf$7) refers to printf7.o(i._printf_core) for _printf_core
    printf7.o(i.__0sprintf$7) refers to printf7.o(i._sputc) for _sputc
    printf7.o(i.__0vfprintf$7) refers to printf7.o(i._printf_core) for _printf_core
    printf7.o(i.__0vfprintf$7) refers to main.o(i.fputc) for fputc
    printf7.o(i.__0vprintf$7) refers to printf7.o(i._printf_core) for _printf_core
    printf7.o(i.__0vprintf$7) refers to main.o(i.fputc) for fputc
    printf7.o(i.__0vprintf$7) refers to stdout.o(.data) for __stdout
    printf7.o(i.__0vsnprintf$7) refers to printf7.o(i._printf_core) for _printf_core
    printf7.o(i.__0vsnprintf$7) refers to printf7.o(i._snputc) for _snputc
    printf7.o(i.__0vsprintf$7) refers to printf7.o(i._printf_core) for _printf_core
    printf7.o(i.__0vsprintf$7) refers to printf7.o(i._sputc) for _sputc
    printf7.o(i._printf_core) refers to printf7.o(i._printf_pre_padding) for _printf_pre_padding
    printf7.o(i._printf_core) refers to uldiv.o(.text) for __aeabi_uldivmod
    printf7.o(i._printf_core) refers to printf7.o(i._printf_post_padding) for _printf_post_padding
    printf8.o(i.__0fprintf$8) refers to printf8.o(i._printf_core) for _printf_core
    printf8.o(i.__0fprintf$8) refers to main.o(i.fputc) for fputc
    printf8.o(i.__0printf$8) refers to printf8.o(i._printf_core) for _printf_core
    printf8.o(i.__0printf$8) refers to main.o(i.fputc) for fputc
    printf8.o(i.__0printf$8) refers to stdout.o(.data) for __stdout
    printf8.o(i.__0snprintf$8) refers to printf8.o(i._printf_core) for _printf_core
    printf8.o(i.__0snprintf$8) refers to printf8.o(i._snputc) for _snputc
    printf8.o(i.__0sprintf$8) refers to printf8.o(i._printf_core) for _printf_core
    printf8.o(i.__0sprintf$8) refers to printf8.o(i._sputc) for _sputc
    printf8.o(i.__0vfprintf$8) refers to printf8.o(i._printf_core) for _printf_core
    printf8.o(i.__0vfprintf$8) refers to main.o(i.fputc) for fputc
    printf8.o(i.__0vprintf$8) refers to printf8.o(i._printf_core) for _printf_core
    printf8.o(i.__0vprintf$8) refers to main.o(i.fputc) for fputc
    printf8.o(i.__0vprintf$8) refers to stdout.o(.data) for __stdout
    printf8.o(i.__0vsnprintf$8) refers to printf8.o(i._printf_core) for _printf_core
    printf8.o(i.__0vsnprintf$8) refers to printf8.o(i._snputc) for _snputc
    printf8.o(i.__0vsprintf$8) refers to printf8.o(i._printf_core) for _printf_core
    printf8.o(i.__0vsprintf$8) refers to printf8.o(i._sputc) for _sputc
    printf8.o(i._printf_core) refers to printf8.o(i._printf_pre_padding) for _printf_pre_padding
    printf8.o(i._printf_core) refers to uldiv.o(.text) for __aeabi_uldivmod
    printf8.o(i._printf_core) refers to printf8.o(i._printf_post_padding) for _printf_post_padding
    printfa.o(i.__0fprintf) refers (Special) to iusefp.o(.text) for __I$use$fp
    printfa.o(i.__0fprintf) refers to printfa.o(i._printf_core) for _printf_core
    printfa.o(i.__0fprintf) refers to main.o(i.fputc) for fputc
    printfa.o(i.__0printf) refers (Special) to iusefp.o(.text) for __I$use$fp
    printfa.o(i.__0printf) refers to printfa.o(i._printf_core) for _printf_core
    printfa.o(i.__0printf) refers to main.o(i.fputc) for fputc
    printfa.o(i.__0printf) refers to stdout.o(.data) for __stdout
    printfa.o(i.__0snprintf) refers (Special) to iusefp.o(.text) for __I$use$fp
    printfa.o(i.__0snprintf) refers to printfa.o(i._printf_core) for _printf_core
    printfa.o(i.__0snprintf) refers to printfa.o(i._snputc) for _snputc
    printfa.o(i.__0sprintf) refers (Special) to iusefp.o(.text) for __I$use$fp
    printfa.o(i.__0sprintf) refers to printfa.o(i._printf_core) for _printf_core
    printfa.o(i.__0sprintf) refers to printfa.o(i._sputc) for _sputc
    printfa.o(i.__0vfprintf) refers (Special) to iusefp.o(.text) for __I$use$fp
    printfa.o(i.__0vfprintf) refers to printfa.o(i._printf_core) for _printf_core
    printfa.o(i.__0vfprintf) refers to main.o(i.fputc) for fputc
    printfa.o(i.__0vprintf) refers (Special) to iusefp.o(.text) for __I$use$fp
    printfa.o(i.__0vprintf) refers to printfa.o(i._printf_core) for _printf_core
    printfa.o(i.__0vprintf) refers to main.o(i.fputc) for fputc
    printfa.o(i.__0vprintf) refers to stdout.o(.data) for __stdout
    printfa.o(i.__0vsnprintf) refers (Special) to iusefp.o(.text) for __I$use$fp
    printfa.o(i.__0vsnprintf) refers to printfa.o(i._printf_core) for _printf_core
    printfa.o(i.__0vsnprintf) refers to printfa.o(i._snputc) for _snputc
    printfa.o(i.__0vsprintf) refers (Special) to iusefp.o(.text) for __I$use$fp
    printfa.o(i.__0vsprintf) refers to printfa.o(i._printf_core) for _printf_core
    printfa.o(i.__0vsprintf) refers to printfa.o(i._sputc) for _sputc
    printfa.o(i._fp_digits) refers (Special) to iusefp.o(.text) for __I$use$fp
    printfa.o(i._fp_digits) refers to dmul.o(.text) for __aeabi_dmul
    printfa.o(i._fp_digits) refers to ddiv.o(.text) for __aeabi_ddiv
    printfa.o(i._fp_digits) refers to cdrcmple.o(.text) for __aeabi_cdrcmple
    printfa.o(i._fp_digits) refers to dadd.o(.text) for __aeabi_dadd
    printfa.o(i._fp_digits) refers to dfixul.o(.text) for __aeabi_d2ulz
    printfa.o(i._fp_digits) refers to uldiv.o(.text) for __aeabi_uldivmod
    printfa.o(i._printf_core) refers (Special) to iusefp.o(.text) for __I$use$fp
    printfa.o(i._printf_core) refers to printfa.o(i._printf_pre_padding) for _printf_pre_padding
    printfa.o(i._printf_core) refers to uldiv.o(.text) for __aeabi_uldivmod
    printfa.o(i._printf_core) refers to printfa.o(i._printf_post_padding) for _printf_post_padding
    printfa.o(i._printf_core) refers to printfa.o(i._fp_digits) for _fp_digits
    printfa.o(i._printf_core) refers to uidiv.o(.text) for __aeabi_uidivmod
    printfa.o(i._printf_post_padding) refers (Special) to iusefp.o(.text) for __I$use$fp
    printfa.o(i._printf_pre_padding) refers (Special) to iusefp.o(.text) for __I$use$fp
    printfa.o(i._snputc) refers (Special) to iusefp.o(.text) for __I$use$fp
    printfa.o(i._sputc) refers (Special) to iusefp.o(.text) for __I$use$fp
    entry2.o(.ARM.Collect$$$$00000001) refers to entry2.o(.ARM.Collect$$$$00002712) for __lit__00000000
    entry2.o(.ARM.Collect$$$$00002712) refers to startup_gd32f10x_md.o(STACK) for __initial_sp
    entry2.o(__vectab_stack_and_reset_area) refers to startup_gd32f10x_md.o(STACK) for __initial_sp
    entry2.o(__vectab_stack_and_reset_area) refers to entry.o(.ARM.Collect$$$$00000000) for __main
    entry5.o(.ARM.Collect$$$$00000004) refers to init.o(.text) for __scatterload
    entry9a.o(.ARM.Collect$$$$0000000B) refers to main.o(i.main) for main
    entry9b.o(.ARM.Collect$$$$0000000C) refers to main.o(i.main) for main
    uldiv.o(.text) refers to llushr.o(.text) for __aeabi_llsr
    uldiv.o(.text) refers to llshl.o(.text) for __aeabi_llsl
    dadd.o(.text) refers to llshl.o(.text) for __aeabi_llsl
    dadd.o(.text) refers to llsshr.o(.text) for __aeabi_lasr
    dadd.o(.text) refers to depilogue.o(.text) for _double_epilogue
    dmul.o(.text) refers to depilogue.o(.text) for _double_epilogue
    ddiv.o(.text) refers to depilogue.o(.text) for _double_round
    dfixul.o(.text) refers to llushr.o(.text) for __aeabi_llsr
    dfixul.o(.text) refers to llshl.o(.text) for __aeabi_llsl
    init.o(.text) refers to entry5.o(.ARM.Collect$$$$00000004) for __main_after_scatterload
    depilogue.o(.text) refers to llshl.o(.text) for __aeabi_llsl
    depilogue.o(.text) refers to llushr.o(.text) for __aeabi_llsr


==============================================================================

Removing Unused input sections from the image.

    Removing main.o(.emb_text), (8 bytes).
    Removing main.o(i.dohitech_mcu_v7_mode_set), (112 bytes).
    Removing main.o(i.gpio_config), (28 bytes).
    Removing flash.o(.emb_text), (8 bytes).
    Removing flash.o(i.CRC_FLASH), (112 bytes).
    Removing flash.o(i.read_fmc_pid), (24 bytes).
    Removing gd32f10x_it.o(.emb_text), (10 bytes).
    Removing gd32f10x_it.o(i.delay_us), (26 bytes).
    Removing command.o(.emb_text), (8 bytes).
    Removing gd32f10x_crc.o(.emb_text), (8 bytes).
    Removing gd32f10x_crc.o(i.crc_block_data_calculate), (36 bytes).
    Removing gd32f10x_crc.o(i.crc_data_register_read), (12 bytes).
    Removing gd32f10x_crc.o(i.crc_data_register_reset), (20 bytes).
    Removing gd32f10x_crc.o(i.crc_deinit), (24 bytes).
    Removing gd32f10x_crc.o(i.crc_free_data_register_read), (12 bytes).
    Removing gd32f10x_crc.o(i.crc_free_data_register_write), (12 bytes).
    Removing gd32f10x_crc.o(i.crc_single_data_calculate), (16 bytes).
    Removing gd32f10x_dma.o(.emb_text), (8 bytes).
    Removing gd32f10x_dma.o(i.dma_circulation_enable), (50 bytes).
    Removing gd32f10x_dma.o(i.dma_interrupt_disable), (50 bytes).
    Removing gd32f10x_dma.o(i.dma_interrupt_enable), (50 bytes).
    Removing gd32f10x_dma.o(i.dma_interrupt_flag_clear), (16 bytes).
    Removing gd32f10x_dma.o(i.dma_interrupt_flag_get), (130 bytes).
    Removing gd32f10x_dma.o(i.dma_memory_increase_disable), (50 bytes).
    Removing gd32f10x_dma.o(i.dma_memory_increase_enable), (50 bytes).
    Removing gd32f10x_dma.o(i.dma_memory_to_memory_enable), (50 bytes).
    Removing gd32f10x_dma.o(i.dma_memory_width_config), (58 bytes).
    Removing gd32f10x_dma.o(i.dma_periph_address_config), (36 bytes).
    Removing gd32f10x_dma.o(i.dma_periph_increase_disable), (50 bytes).
    Removing gd32f10x_dma.o(i.dma_periph_increase_enable), (50 bytes).
    Removing gd32f10x_dma.o(i.dma_periph_width_config), (58 bytes).
    Removing gd32f10x_dma.o(i.dma_priority_config), (58 bytes).
    Removing gd32f10x_dma.o(i.dma_struct_para_init), (22 bytes).
    Removing gd32f10x_dma.o(i.dma_transfer_direction_config), (84 bytes).
    Removing gd32f10x_fmc.o(.emb_text), (8 bytes).
    Removing gd32f10x_fmc.o(i.fmc_bank0_erase), (68 bytes).
    Removing gd32f10x_fmc.o(i.fmc_bank0_lock), (20 bytes).
    Removing gd32f10x_fmc.o(i.fmc_bank0_unlock), (36 bytes).
    Removing gd32f10x_fmc.o(i.fmc_bank1_erase), (68 bytes).
    Removing gd32f10x_fmc.o(i.fmc_bank1_lock), (20 bytes).
    Removing gd32f10x_fmc.o(i.fmc_bank1_unlock), (36 bytes).
    Removing gd32f10x_fmc.o(i.fmc_flag_get), (36 bytes).
    Removing gd32f10x_fmc.o(i.fmc_halfword_program), (192 bytes).
    Removing gd32f10x_fmc.o(i.fmc_interrupt_disable), (32 bytes).
    Removing gd32f10x_fmc.o(i.fmc_interrupt_enable), (32 bytes).
    Removing gd32f10x_fmc.o(i.fmc_interrupt_flag_clear), (32 bytes).
    Removing gd32f10x_fmc.o(i.fmc_interrupt_flag_get), (108 bytes).
    Removing gd32f10x_fmc.o(i.fmc_mass_erase), (196 bytes).
    Removing gd32f10x_fmc.o(i.fmc_wscnt_set), (24 bytes).
    Removing gd32f10x_fmc.o(i.ob_data_get), (16 bytes).
    Removing gd32f10x_fmc.o(i.ob_data_program), (68 bytes).
    Removing gd32f10x_fmc.o(i.ob_erase), (140 bytes).
    Removing gd32f10x_fmc.o(i.ob_lock), (20 bytes).
    Removing gd32f10x_fmc.o(i.ob_security_protection_config), (132 bytes).
    Removing gd32f10x_fmc.o(i.ob_spc_get), (24 bytes).
    Removing gd32f10x_fmc.o(i.ob_unlock), (48 bytes).
    Removing gd32f10x_fmc.o(i.ob_user_get), (16 bytes).
    Removing gd32f10x_fmc.o(i.ob_user_write), (96 bytes).
    Removing gd32f10x_fmc.o(i.ob_write_protection_enable), (168 bytes).
    Removing gd32f10x_fmc.o(i.ob_write_protection_get), (12 bytes).
    Removing gd32f10x_gpio.o(.emb_text), (8 bytes).
    Removing gd32f10x_gpio.o(i.gpio_afio_deinit), (20 bytes).
    Removing gd32f10x_gpio.o(i.gpio_bit_reset), (4 bytes).
    Removing gd32f10x_gpio.o(i.gpio_bit_set), (4 bytes).
    Removing gd32f10x_gpio.o(i.gpio_bit_write), (10 bytes).
    Removing gd32f10x_gpio.o(i.gpio_deinit), (196 bytes).
    Removing gd32f10x_gpio.o(i.gpio_event_output_config), (28 bytes).
    Removing gd32f10x_gpio.o(i.gpio_event_output_disable), (20 bytes).
    Removing gd32f10x_gpio.o(i.gpio_event_output_enable), (20 bytes).
    Removing gd32f10x_gpio.o(i.gpio_exti_source_select), (152 bytes).
    Removing gd32f10x_gpio.o(i.gpio_input_bit_get), (16 bytes).
    Removing gd32f10x_gpio.o(i.gpio_input_port_get), (8 bytes).
    Removing gd32f10x_gpio.o(i.gpio_output_bit_get), (16 bytes).
    Removing gd32f10x_gpio.o(i.gpio_output_port_get), (8 bytes).
    Removing gd32f10x_gpio.o(i.gpio_pin_lock), (18 bytes).
    Removing gd32f10x_gpio.o(i.gpio_port_write), (4 bytes).
    Removing gd32f10x_misc.o(.emb_text), (8 bytes).
    Removing gd32f10x_misc.o(i.nvic_irq_disable), (24 bytes).
    Removing gd32f10x_misc.o(i.nvic_vector_table_set), (20 bytes).
    Removing gd32f10x_misc.o(i.system_lowpower_reset), (16 bytes).
    Removing gd32f10x_misc.o(i.system_lowpower_set), (16 bytes).
    Removing gd32f10x_misc.o(i.systick_clksource_set), (40 bytes).
    Removing gd32f10x_rcu.o(.emb_text), (8 bytes).
    Removing gd32f10x_rcu.o(i.rcu_adc_clock_config), (72 bytes).
    Removing gd32f10x_rcu.o(i.rcu_ahb_clock_config), (24 bytes).
    Removing gd32f10x_rcu.o(i.rcu_all_reset_flag_clear), (20 bytes).
    Removing gd32f10x_rcu.o(i.rcu_apb1_clock_config), (24 bytes).
    Removing gd32f10x_rcu.o(i.rcu_apb2_clock_config), (24 bytes).
    Removing gd32f10x_rcu.o(i.rcu_bkp_reset_disable), (20 bytes).
    Removing gd32f10x_rcu.o(i.rcu_bkp_reset_enable), (20 bytes).
    Removing gd32f10x_rcu.o(i.rcu_ckout0_config), (24 bytes).
    Removing gd32f10x_rcu.o(i.rcu_deepsleep_voltage_set), (16 bytes).
    Removing gd32f10x_rcu.o(i.rcu_deinit), (76 bytes).
    Removing gd32f10x_rcu.o(i.rcu_flag_get), (36 bytes).
    Removing gd32f10x_rcu.o(i.rcu_hxtal_clock_monitor_disable), (20 bytes).
    Removing gd32f10x_rcu.o(i.rcu_hxtal_clock_monitor_enable), (20 bytes).
    Removing gd32f10x_rcu.o(i.rcu_interrupt_disable), (32 bytes).
    Removing gd32f10x_rcu.o(i.rcu_interrupt_enable), (32 bytes).
    Removing gd32f10x_rcu.o(i.rcu_interrupt_flag_clear), (32 bytes).
    Removing gd32f10x_rcu.o(i.rcu_interrupt_flag_get), (36 bytes).
    Removing gd32f10x_rcu.o(i.rcu_irc8m_adjust_value_set), (28 bytes).
    Removing gd32f10x_rcu.o(i.rcu_osci_bypass_mode_disable), (92 bytes).
    Removing gd32f10x_rcu.o(i.rcu_osci_bypass_mode_enable), (92 bytes).
    Removing gd32f10x_rcu.o(i.rcu_osci_off), (32 bytes).
    Removing gd32f10x_rcu.o(i.rcu_osci_on), (32 bytes).
    Removing gd32f10x_rcu.o(i.rcu_osci_stab_wait), (224 bytes).
    Removing gd32f10x_rcu.o(i.rcu_periph_clock_disable), (32 bytes).
    Removing gd32f10x_rcu.o(i.rcu_periph_clock_sleep_disable), (32 bytes).
    Removing gd32f10x_rcu.o(i.rcu_periph_clock_sleep_enable), (32 bytes).
    Removing gd32f10x_rcu.o(i.rcu_pll_config), (32 bytes).
    Removing gd32f10x_rcu.o(i.rcu_predv0_config), (32 bytes).
    Removing gd32f10x_rcu.o(i.rcu_rtc_clock_config), (24 bytes).
    Removing gd32f10x_rcu.o(i.rcu_system_clock_source_config), (24 bytes).
    Removing gd32f10x_rcu.o(i.rcu_system_clock_source_get), (16 bytes).
    Removing gd32f10x_rcu.o(i.rcu_usb_clock_config), (24 bytes).
    Removing gd32f10x_usart.o(.emb_text), (8 bytes).
    Removing gd32f10x_usart.o(i.usart_address_config), (20 bytes).
    Removing gd32f10x_usart.o(i.usart_dma_transmit_config), (16 bytes).
    Removing gd32f10x_usart.o(i.usart_flag_clear), (26 bytes).
    Removing gd32f10x_usart.o(i.usart_guard_time_config), (24 bytes).
    Removing gd32f10x_usart.o(i.usart_halfduplex_disable), (10 bytes).
    Removing gd32f10x_usart.o(i.usart_halfduplex_enable), (10 bytes).
    Removing gd32f10x_usart.o(i.usart_hardware_flow_cts_config), (16 bytes).
    Removing gd32f10x_usart.o(i.usart_hardware_flow_rts_config), (16 bytes).
    Removing gd32f10x_usart.o(i.usart_interrupt_disable), (26 bytes).
    Removing gd32f10x_usart.o(i.usart_interrupt_flag_get), (56 bytes).
    Removing gd32f10x_usart.o(i.usart_irda_lowpower_config), (20 bytes).
    Removing gd32f10x_usart.o(i.usart_irda_mode_disable), (10 bytes).
    Removing gd32f10x_usart.o(i.usart_irda_mode_enable), (10 bytes).
    Removing gd32f10x_usart.o(i.usart_lin_break_detection_length_config), (20 bytes).
    Removing gd32f10x_usart.o(i.usart_lin_mode_disable), (10 bytes).
    Removing gd32f10x_usart.o(i.usart_lin_mode_enable), (10 bytes).
    Removing gd32f10x_usart.o(i.usart_mute_mode_disable), (10 bytes).
    Removing gd32f10x_usart.o(i.usart_mute_mode_enable), (10 bytes).
    Removing gd32f10x_usart.o(i.usart_mute_mode_wakeup_config), (16 bytes).
    Removing gd32f10x_usart.o(i.usart_prescaler_config), (16 bytes).
    Removing gd32f10x_usart.o(i.usart_send_break), (10 bytes).
    Removing gd32f10x_usart.o(i.usart_smartcard_mode_disable), (10 bytes).
    Removing gd32f10x_usart.o(i.usart_smartcard_mode_enable), (10 bytes).
    Removing gd32f10x_usart.o(i.usart_smartcard_mode_nack_disable), (10 bytes).
    Removing gd32f10x_usart.o(i.usart_smartcard_mode_nack_enable), (10 bytes).
    Removing gd32f10x_usart.o(i.usart_synchronous_clock_config), (34 bytes).
    Removing gd32f10x_usart.o(i.usart_synchronous_clock_disable), (10 bytes).
    Removing gd32f10x_usart.o(i.usart_synchronous_clock_enable), (10 bytes).
    Removing startup_gd32f10x_md.o(HEAP), (8192 bytes).
    Removing system_gd32f10x.o(.emb_text), (8 bytes).
    Removing system_gd32f10x.o(i.SystemCoreClockUpdate), (140 bytes).
    Removing system_gd32f10x.o(.data), (4 bytes).
    Removing dadd.o(.text), (334 bytes).
    Removing dmul.o(.text), (228 bytes).
    Removing ddiv.o(.text), (222 bytes).
    Removing dfixul.o(.text), (48 bytes).
    Removing cdrcmple.o(.text), (48 bytes).
    Removing depilogue.o(.text), (186 bytes).

154 unused section(s) (total 14808 bytes) removed from the image.

==============================================================================

Image Symbol Table

    Local Symbols

    Symbol Name                              Value     Ov Type        Size  Object(Section)

    ../clib/microlib/division.c              0x00000000   Number         0  uidiv.o ABSOLUTE
    ../clib/microlib/division.c              0x00000000   Number         0  uldiv.o ABSOLUTE
    ../clib/microlib/init/entry.s            0x00000000   Number         0  entry2.o ABSOLUTE
    ../clib/microlib/init/entry.s            0x00000000   Number         0  entry8a.o ABSOLUTE
    ../clib/microlib/init/entry.s            0x00000000   Number         0  entry10b.o ABSOLUTE
    ../clib/microlib/init/entry.s            0x00000000   Number         0  entry11a.o ABSOLUTE
    ../clib/microlib/init/entry.s            0x00000000   Number         0  entry7b.o ABSOLUTE
    ../clib/microlib/init/entry.s            0x00000000   Number         0  entry7a.o ABSOLUTE
    ../clib/microlib/init/entry.s            0x00000000   Number         0  entry5.o ABSOLUTE
    ../clib/microlib/init/entry.s            0x00000000   Number         0  entry8b.o ABSOLUTE
    ../clib/microlib/init/entry.s            0x00000000   Number         0  entry12a.o ABSOLUTE
    ../clib/microlib/init/entry.s            0x00000000   Number         0  entry11b.o ABSOLUTE
    ../clib/microlib/init/entry.s            0x00000000   Number         0  entry12b.o ABSOLUTE
    ../clib/microlib/init/entry.s            0x00000000   Number         0  entry.o ABSOLUTE
    ../clib/microlib/init/entry.s            0x00000000   Number         0  entry10a.o ABSOLUTE
    ../clib/microlib/init/entry.s            0x00000000   Number         0  entry9b.o ABSOLUTE
    ../clib/microlib/init/entry.s            0x00000000   Number         0  entry9a.o ABSOLUTE
    ../clib/microlib/longlong.c              0x00000000   Number         0  llshl.o ABSOLUTE
    ../clib/microlib/longlong.c              0x00000000   Number         0  llushr.o ABSOLUTE
    ../clib/microlib/longlong.c              0x00000000   Number         0  llsshr.o ABSOLUTE
    ../clib/microlib/printf/printf.c         0x00000000   Number         0  printf8.o ABSOLUTE
    ../clib/microlib/printf/printf.c         0x00000000   Number         0  printf7.o ABSOLUTE
    ../clib/microlib/printf/printf.c         0x00000000   Number         0  printf6.o ABSOLUTE
    ../clib/microlib/printf/printf.c         0x00000000   Number         0  printf5.o ABSOLUTE
    ../clib/microlib/printf/printf.c         0x00000000   Number         0  printf4.o ABSOLUTE
    ../clib/microlib/printf/printf.c         0x00000000   Number         0  printf3.o ABSOLUTE
    ../clib/microlib/printf/printf.c         0x00000000   Number         0  printfa.o ABSOLUTE
    ../clib/microlib/printf/printf.c         0x00000000   Number         0  printf2.o ABSOLUTE
    ../clib/microlib/printf/printf.c         0x00000000   Number         0  printf1.o ABSOLUTE
    ../clib/microlib/printf/printf.c         0x00000000   Number         0  printf0.o ABSOLUTE
    ../clib/microlib/printf/printf.c         0x00000000   Number         0  printfb.o ABSOLUTE
    ../clib/microlib/stdio/streams.c         0x00000000   Number         0  stdout.o ABSOLUTE
    ../clib/microlib/string/memcpy.c         0x00000000   Number         0  memcpya.o ABSOLUTE
    ../clib/microlib/string/memcpy.c         0x00000000   Number         0  memcpyb.o ABSOLUTE
    ../clib/microlib/string/memset.c         0x00000000   Number         0  memseta.o ABSOLUTE
    ../clib/microlib/stubs.s                 0x00000000   Number         0  iusefp.o ABSOLUTE
    ../fplib/microlib/fpadd.c                0x00000000   Number         0  dadd.o ABSOLUTE
    ../fplib/microlib/fpdiv.c                0x00000000   Number         0  ddiv.o ABSOLUTE
    ../fplib/microlib/fpepilogue.c           0x00000000   Number         0  depilogue.o ABSOLUTE
    ../fplib/microlib/fpfix.c                0x00000000   Number         0  dfixul.o ABSOLUTE
    ../fplib/microlib/fpmul.c                0x00000000   Number         0  dmul.o ABSOLUTE
    ..\..\GD32F10x_Firmware_Library\Firmware\GD32F10x_standard_peripheral\Source\gd32f10x_crc.c 0x00000000   Number         0  gd32f10x_crc.o ABSOLUTE
    ..\..\GD32F10x_Firmware_Library\Firmware\GD32F10x_standard_peripheral\Source\gd32f10x_dma.c 0x00000000   Number         0  gd32f10x_dma.o ABSOLUTE
    ..\..\GD32F10x_Firmware_Library\Firmware\GD32F10x_standard_peripheral\Source\gd32f10x_fmc.c 0x00000000   Number         0  gd32f10x_fmc.o ABSOLUTE
    ..\..\GD32F10x_Firmware_Library\Firmware\GD32F10x_standard_peripheral\Source\gd32f10x_gpio.c 0x00000000   Number         0  gd32f10x_gpio.o ABSOLUTE
    ..\..\GD32F10x_Firmware_Library\Firmware\GD32F10x_standard_peripheral\Source\gd32f10x_misc.c 0x00000000   Number         0  gd32f10x_misc.o ABSOLUTE
    ..\..\GD32F10x_Firmware_Library\Firmware\GD32F10x_standard_peripheral\Source\gd32f10x_rcu.c 0x00000000   Number         0  gd32f10x_rcu.o ABSOLUTE
    ..\..\GD32F10x_Firmware_Library\Firmware\GD32F10x_standard_peripheral\Source\gd32f10x_usart.c 0x00000000   Number         0  gd32f10x_usart.o ABSOLUTE
    ..\FLASH.c                               0x00000000   Number         0  flash.o ABSOLUTE
    ..\\..\\GD32F10x_Firmware_Library\\Firmware\\GD32F10x_standard_peripheral\\Source\\gd32f10x_crc.c 0x00000000   Number         0  gd32f10x_crc.o ABSOLUTE
    ..\\..\\GD32F10x_Firmware_Library\\Firmware\\GD32F10x_standard_peripheral\\Source\\gd32f10x_dma.c 0x00000000   Number         0  gd32f10x_dma.o ABSOLUTE
    ..\\..\\GD32F10x_Firmware_Library\\Firmware\\GD32F10x_standard_peripheral\\Source\\gd32f10x_fmc.c 0x00000000   Number         0  gd32f10x_fmc.o ABSOLUTE
    ..\\..\\GD32F10x_Firmware_Library\\Firmware\\GD32F10x_standard_peripheral\\Source\\gd32f10x_gpio.c 0x00000000   Number         0  gd32f10x_gpio.o ABSOLUTE
    ..\\..\\GD32F10x_Firmware_Library\\Firmware\\GD32F10x_standard_peripheral\\Source\\gd32f10x_misc.c 0x00000000   Number         0  gd32f10x_misc.o ABSOLUTE
    ..\\..\\GD32F10x_Firmware_Library\\Firmware\\GD32F10x_standard_peripheral\\Source\\gd32f10x_rcu.c 0x00000000   Number         0  gd32f10x_rcu.o ABSOLUTE
    ..\\..\\GD32F10x_Firmware_Library\\Firmware\\GD32F10x_standard_peripheral\\Source\\gd32f10x_usart.c 0x00000000   Number         0  gd32f10x_usart.o ABSOLUTE
    ..\\FLASH.c                              0x00000000   Number         0  flash.o ABSOLUTE
    ..\\command.c                            0x00000000   Number         0  command.o ABSOLUTE
    ..\\gd32f10x_it.c                        0x00000000   Number         0  gd32f10x_it.o ABSOLUTE
    ..\\main.c                               0x00000000   Number         0  main.o ABSOLUTE
    ..\command.c                             0x00000000   Number         0  command.o ABSOLUTE
    ..\gd32f10x_it.c                         0x00000000   Number         0  gd32f10x_it.o ABSOLUTE
    ..\main.c                                0x00000000   Number         0  main.o ABSOLUTE
    RTE\Device\GD32F103RB\startup_gd32f10x_md.s 0x00000000   Number         0  startup_gd32f10x_md.o ABSOLUTE
    RTE\Device\GD32F103RB\system_gd32f10x.c  0x00000000   Number         0  system_gd32f10x.o ABSOLUTE
    RTE\\Device\\GD32F103RB\\system_gd32f10x.c 0x00000000   Number         0  system_gd32f10x.o ABSOLUTE
    cdrcmple.s                               0x00000000   Number         0  cdrcmple.o ABSOLUTE
    dc.s                                     0x00000000   Number         0  dc.o ABSOLUTE
    handlers.s                               0x00000000   Number         0  handlers.o ABSOLUTE
    init.s                                   0x00000000   Number         0  init.o ABSOLUTE
    RESET                                    0x08000000   Section      260  startup_gd32f10x_md.o(RESET)
    .ARM.Collect$$$$00000000                 0x08000104   Section        0  entry.o(.ARM.Collect$$$$00000000)
    .ARM.Collect$$$$00000001                 0x08000104   Section        4  entry2.o(.ARM.Collect$$$$00000001)
    .ARM.Collect$$$$00000004                 0x08000108   Section        4  entry5.o(.ARM.Collect$$$$00000004)
    .ARM.Collect$$$$00000008                 0x0800010c   Section        0  entry7b.o(.ARM.Collect$$$$00000008)
    .ARM.Collect$$$$0000000A                 0x0800010c   Section        0  entry8b.o(.ARM.Collect$$$$0000000A)
    .ARM.Collect$$$$0000000B                 0x0800010c   Section        8  entry9a.o(.ARM.Collect$$$$0000000B)
    .ARM.Collect$$$$0000000E                 0x08000114   Section        4  entry12b.o(.ARM.Collect$$$$0000000E)
    .ARM.Collect$$$$0000000F                 0x08000118   Section        0  entry10a.o(.ARM.Collect$$$$0000000F)
    .ARM.Collect$$$$00000011                 0x08000118   Section        0  entry11a.o(.ARM.Collect$$$$00000011)
    .ARM.Collect$$$$00002712                 0x08000118   Section        4  entry2.o(.ARM.Collect$$$$00002712)
    __lit__00000000                          0x08000118   Data           4  entry2.o(.ARM.Collect$$$$00002712)
    .text                                    0x0800011c   Section       36  startup_gd32f10x_md.o(.text)
    .text                                    0x08000140   Section        0  memcpya.o(.text)
    .text                                    0x08000164   Section        0  memseta.o(.text)
    .text                                    0x08000188   Section       36  init.o(.text)
    i.BusFault_Handler                       0x080001ac   Section        0  gd32f10x_it.o(i.BusFault_Handler)
    i.DMA0_Channel2_IRQHandler               0x080001b0   Section        0  gd32f10x_it.o(i.DMA0_Channel2_IRQHandler)
    i.DMA0_Channel4_IRQHandler               0x08000278   Section        0  gd32f10x_it.o(i.DMA0_Channel4_IRQHandler)
    i.DMA_config                             0x08000310   Section        0  main.o(i.DMA_config)
    i.DebugMon_Handler                       0x08000384   Section        0  gd32f10x_it.o(i.DebugMon_Handler)
    i.FLASH_Program                          0x08000386   Section        0  flash.o(i.FLASH_Program)
    i.HardFault_Handler                      0x080003ec   Section        0  gd32f10x_it.o(i.HardFault_Handler)
    i.MemManage_Handler                      0x08000400   Section        0  gd32f10x_it.o(i.MemManage_Handler)
    i.NMI_Handler                            0x08000404   Section        0  gd32f10x_it.o(i.NMI_Handler)
    i.NVIC_config                            0x08000406   Section        0  main.o(i.NVIC_config)
    i.PendSV_Handler                         0x08000414   Section        0  gd32f10x_it.o(i.PendSV_Handler)
    i.SVC_Handler                            0x08000416   Section        0  gd32f10x_it.o(i.SVC_Handler)
    i.SystemInit                             0x08000418   Section        0  system_gd32f10x.o(i.SystemInit)
    i.USART0_config                          0x0800047c   Section        0  main.o(i.USART0_config)
    i.USART2_IRQHandler                      0x080004f0   Section        0  gd32f10x_it.o(i.USART2_IRQHandler)
    i.USART_config                           0x0800056c   Section        0  main.o(i.USART_config)
    i.UsageFault_Handler                     0x08000608   Section        0  gd32f10x_it.o(i.UsageFault_Handler)
    i.__0printf$bare                         0x0800060c   Section        0  printfb.o(i.__0printf$bare)
    i.__scatterload_copy                     0x0800061c   Section       14  handlers.o(i.__scatterload_copy)
    i.__scatterload_null                     0x0800062a   Section        2  handlers.o(i.__scatterload_null)
    i.__scatterload_zeroinit                 0x0800062c   Section       14  handlers.o(i.__scatterload_zeroinit)
    i._printf_core                           0x0800063a   Section        0  printfb.o(i._printf_core)
    _printf_core                             0x0800063b   Thumb Code    34  printfb.o(i._printf_core)
    i.calc_checksum                          0x0800065c   Section        0  command.o(i.calc_checksum)
    i.command_check                          0x0800067c   Section        0  command.o(i.command_check)
    i.compare_packet_header                  0x08000724   Section        0  command.o(i.compare_packet_header)
    i.compare_packet_tail                    0x0800074c   Section        0  command.o(i.compare_packet_tail)
    i.delay_us                               0x08000780   Section        0  main.o(i.delay_us)
    i.dma_channel_disable                    0x0800079a   Section        0  gd32f10x_dma.o(i.dma_channel_disable)
    i.dma_channel_enable                     0x080007cc   Section        0  gd32f10x_dma.o(i.dma_channel_enable)
    i.dma_circulation_disable                0x080007fe   Section        0  gd32f10x_dma.o(i.dma_circulation_disable)
    i.dma_deinit                             0x08000830   Section        0  gd32f10x_dma.o(i.dma_deinit)
    i.dma_flag_clear                         0x080008a0   Section        0  gd32f10x_dma.o(i.dma_flag_clear)
    i.dma_flag_get                           0x080008b0   Section        0  gd32f10x_dma.o(i.dma_flag_get)
    i.dma_init                               0x080008c8   Section        0  gd32f10x_dma.o(i.dma_init)
    i.dma_memory_address_config              0x080009f6   Section        0  gd32f10x_dma.o(i.dma_memory_address_config)
    i.dma_memory_to_memory_disable           0x08000a1a   Section        0  gd32f10x_dma.o(i.dma_memory_to_memory_disable)
    i.dma_periph_and_channel_check           0x08000a4c   Section        0  gd32f10x_dma.o(i.dma_periph_and_channel_check)
    dma_periph_and_channel_check             0x08000a4d   Thumb Code    18  gd32f10x_dma.o(i.dma_periph_and_channel_check)
    i.dma_transfer_number_config             0x08000a64   Section        0  gd32f10x_dma.o(i.dma_transfer_number_config)
    i.dma_transfer_number_get                0x08000a8a   Section        0  gd32f10x_dma.o(i.dma_transfer_number_get)
    i.dohitech_mcu_dsp_reset                 0x08000aac   Section        0  main.o(i.dohitech_mcu_dsp_reset)
    i.erase_page                             0x08000b2c   Section        0  flash.o(i.erase_page)
    i.fmc_bank0_ready_wait                   0x08000b6a   Section        0  gd32f10x_fmc.o(i.fmc_bank0_ready_wait)
    i.fmc_bank0_state_get                    0x08000b8c   Section        0  gd32f10x_fmc.o(i.fmc_bank0_state_get)
    i.fmc_bank1_ready_wait                   0x08000bbc   Section        0  gd32f10x_fmc.o(i.fmc_bank1_ready_wait)
    i.fmc_bank1_state_get                    0x08000be0   Section        0  gd32f10x_fmc.o(i.fmc_bank1_state_get)
    i.fmc_flag_clear                         0x08000c10   Section        0  gd32f10x_fmc.o(i.fmc_flag_clear)
    i.fmc_lock                               0x08000c30   Section        0  gd32f10x_fmc.o(i.fmc_lock)
    i.fmc_page_erase                         0x08000c5c   Section        0  gd32f10x_fmc.o(i.fmc_page_erase)
    i.fmc_unlock                             0x08000d48   Section        0  gd32f10x_fmc.o(i.fmc_unlock)
    i.fmc_word_program                       0x08000d8c   Section        0  gd32f10x_fmc.o(i.fmc_word_program)
    i.fputc                                  0x08000e4c   Section        0  main.o(i.fputc)
    i.gd_check_sum                           0x08000e70   Section        0  main.o(i.gd_check_sum)
    i.gpio_init                              0x08000ea4   Section        0  gd32f10x_gpio.o(i.gpio_init)
    i.gpio_pin_remap_config                  0x08000f50   Section        0  gd32f10x_gpio.o(i.gpio_pin_remap_config)
    i.main                                   0x08000fe0   Section        0  main.o(i.main)
    i.nvic_irq_enable                        0x08001234   Section        0  gd32f10x_misc.o(i.nvic_irq_enable)
    i.nvic_priority_group_set                0x080012e0   Section        0  gd32f10x_misc.o(i.nvic_priority_group_set)
    i.process_command                        0x080012f4   Section        0  command.o(i.process_command)
    i.rcu_clock_freq_get                     0x080017c0   Section        0  gd32f10x_rcu.o(i.rcu_clock_freq_get)
    i.rcu_periph_clock_enable                0x080018e4   Section        0  gd32f10x_rcu.o(i.rcu_periph_clock_enable)
    i.rcu_periph_reset_disable               0x08001904   Section        0  gd32f10x_rcu.o(i.rcu_periph_reset_disable)
    i.rcu_periph_reset_enable                0x08001924   Section        0  gd32f10x_rcu.o(i.rcu_periph_reset_enable)
    i.read_memory                            0x08001944   Section        0  flash.o(i.read_memory)
    i.system_clock_108m_irc8m                0x08001960   Section        0  system_gd32f10x.o(i.system_clock_108m_irc8m)
    system_clock_108m_irc8m                  0x08001961   Thumb Code   160  system_gd32f10x.o(i.system_clock_108m_irc8m)
    i.system_clock_config                    0x08001a0c   Section        0  system_gd32f10x.o(i.system_clock_config)
    system_clock_config                      0x08001a0d   Thumb Code     8  system_gd32f10x.o(i.system_clock_config)
    i.usart_baudrate_set                     0x08001a14   Section        0  gd32f10x_usart.o(i.usart_baudrate_set)
    i.usart_data_receive                     0x08001aa4   Section        0  gd32f10x_usart.o(i.usart_data_receive)
    i.usart_data_transmit                    0x08001aae   Section        0  gd32f10x_usart.o(i.usart_data_transmit)
    i.usart_deinit                           0x08001ab8   Section        0  gd32f10x_usart.o(i.usart_deinit)
    i.usart_disable                          0x08001b48   Section        0  gd32f10x_usart.o(i.usart_disable)
    i.usart_dma_receive_config               0x08001b52   Section        0  gd32f10x_usart.o(i.usart_dma_receive_config)
    i.usart_enable                           0x08001b62   Section        0  gd32f10x_usart.o(i.usart_enable)
    i.usart_flag_get                         0x08001b6c   Section        0  gd32f10x_usart.o(i.usart_flag_get)
    i.usart_interrupt_enable                 0x08001b8a   Section        0  gd32f10x_usart.o(i.usart_interrupt_enable)
    i.usart_interrupt_flag_clear             0x08001ba4   Section        0  gd32f10x_usart.o(i.usart_interrupt_flag_clear)
    i.usart_parity_config                    0x08001bbe   Section        0  gd32f10x_usart.o(i.usart_parity_config)
    i.usart_receive_config                   0x08001bce   Section        0  gd32f10x_usart.o(i.usart_receive_config)
    i.usart_rx_clear                         0x08001be0   Section        0  gd32f10x_it.o(i.usart_rx_clear)
    i.usart_stop_bit_set                     0x08001bfc   Section        0  gd32f10x_usart.o(i.usart_stop_bit_set)
    i.usart_transmit_config                  0x08001c0c   Section        0  gd32f10x_usart.o(i.usart_transmit_config)
    i.usart_word_length_set                  0x08001c1c   Section        0  gd32f10x_usart.o(i.usart_word_length_set)
    .data                                    0x20000000   Section       20  main.o(.data)
    .data                                    0x20000014   Section       14  gd32f10x_it.o(.data)
    .data                                    0x20000024   Section       24  command.o(.data)
    .data                                    0x2000003c   Section        4  stdout.o(.data)
    .bss                                     0x20000040   Section     1752  main.o(.bss)
    .bss                                     0x20000718   Section      576  gd32f10x_it.o(.bss)
    .bss                                     0x20000958   Section      716  command.o(.bss)
    STACK                                    0x20000c28   Section     8192  startup_gd32f10x_md.o(STACK)

    Global Symbols

    Symbol Name                              Value     Ov Type        Size  Object(Section)

    BuildAttributes$$THM_ISAv4$P$D$K$B$S$PE$A:L22UL41UL21$X:L11$S22US41US21$IEEE1$IW$USESV6$~STKCKD$USESV7$~SHL$OSPACE$ROPI$EBA8$MICROLIB$REQ8$PRES8$EABIv2 0x00000000   Number         0  anon$$obj.o ABSOLUTE
    __ARM_use_no_argv                        0x00000000   Number         0  main.o ABSOLUTE
    __arm_fini_                               - Undefined Weak Reference
    __cpp_initialize__aeabi_                  - Undefined Weak Reference
    __cxa_finalize                            - Undefined Weak Reference
    __decompress                              - Undefined Weak Reference
    _clock_init                               - Undefined Weak Reference
    _microlib_exit                            - Undefined Weak Reference
    __Vectors_Size                           0x00000104   Number         0  startup_gd32f10x_md.o ABSOLUTE
    __Vectors                                0x08000000   Data           4  startup_gd32f10x_md.o(RESET)
    __Vectors_End                            0x08000104   Data           0  startup_gd32f10x_md.o(RESET)
    __main                                   0x08000105   Thumb Code     0  entry.o(.ARM.Collect$$$$00000000)
    _main_stk                                0x08000105   Thumb Code     0  entry2.o(.ARM.Collect$$$$00000001)
    _main_scatterload                        0x08000109   Thumb Code     0  entry5.o(.ARM.Collect$$$$00000004)
    __main_after_scatterload                 0x0800010d   Thumb Code     0  entry5.o(.ARM.Collect$$$$00000004)
    _main_clock                              0x0800010d   Thumb Code     0  entry7b.o(.ARM.Collect$$$$00000008)
    _main_cpp_init                           0x0800010d   Thumb Code     0  entry8b.o(.ARM.Collect$$$$0000000A)
    _main_init                               0x0800010d   Thumb Code     0  entry9a.o(.ARM.Collect$$$$0000000B)
    __rt_lib_shutdown_fini                   0x08000115   Thumb Code     0  entry12b.o(.ARM.Collect$$$$0000000E)
    __rt_final_cpp                           0x08000119   Thumb Code     0  entry10a.o(.ARM.Collect$$$$0000000F)
    __rt_final_exit                          0x08000119   Thumb Code     0  entry11a.o(.ARM.Collect$$$$00000011)
    Reset_Handler                            0x0800011d   Thumb Code     8  startup_gd32f10x_md.o(.text)
    SysTick_Handler                          0x08000135   Thumb Code     2  startup_gd32f10x_md.o(.text)
    ADC0_1_IRQHandler                        0x08000137   Thumb Code     0  startup_gd32f10x_md.o(.text)
    CAN0_EWMC_IRQHandler                     0x08000137   Thumb Code     0  startup_gd32f10x_md.o(.text)
    CAN0_RX1_IRQHandler                      0x08000137   Thumb Code     0  startup_gd32f10x_md.o(.text)
    DMA0_Channel0_IRQHandler                 0x08000137   Thumb Code     0  startup_gd32f10x_md.o(.text)
    DMA0_Channel1_IRQHandler                 0x08000137   Thumb Code     0  startup_gd32f10x_md.o(.text)
    DMA0_Channel3_IRQHandler                 0x08000137   Thumb Code     0  startup_gd32f10x_md.o(.text)
    DMA0_Channel5_IRQHandler                 0x08000137   Thumb Code     0  startup_gd32f10x_md.o(.text)
    DMA0_Channel6_IRQHandler                 0x08000137   Thumb Code     0  startup_gd32f10x_md.o(.text)
    EXMC_IRQHandler                          0x08000137   Thumb Code     0  startup_gd32f10x_md.o(.text)
    EXTI0_IRQHandler                         0x08000137   Thumb Code     0  startup_gd32f10x_md.o(.text)
    EXTI10_15_IRQHandler                     0x08000137   Thumb Code     0  startup_gd32f10x_md.o(.text)
    EXTI1_IRQHandler                         0x08000137   Thumb Code     0  startup_gd32f10x_md.o(.text)
    EXTI2_IRQHandler                         0x08000137   Thumb Code     0  startup_gd32f10x_md.o(.text)
    EXTI3_IRQHandler                         0x08000137   Thumb Code     0  startup_gd32f10x_md.o(.text)
    EXTI4_IRQHandler                         0x08000137   Thumb Code     0  startup_gd32f10x_md.o(.text)
    EXTI5_9_IRQHandler                       0x08000137   Thumb Code     0  startup_gd32f10x_md.o(.text)
    FMC_IRQHandler                           0x08000137   Thumb Code     0  startup_gd32f10x_md.o(.text)
    I2C0_ER_IRQHandler                       0x08000137   Thumb Code     0  startup_gd32f10x_md.o(.text)
    I2C0_EV_IRQHandler                       0x08000137   Thumb Code     0  startup_gd32f10x_md.o(.text)
    I2C1_ER_IRQHandler                       0x08000137   Thumb Code     0  startup_gd32f10x_md.o(.text)
    I2C1_EV_IRQHandler                       0x08000137   Thumb Code     0  startup_gd32f10x_md.o(.text)
    LVD_IRQHandler                           0x08000137   Thumb Code     0  startup_gd32f10x_md.o(.text)
    RCU_IRQHandler                           0x08000137   Thumb Code     0  startup_gd32f10x_md.o(.text)
    RTC_Alarm_IRQHandler                     0x08000137   Thumb Code     0  startup_gd32f10x_md.o(.text)
    RTC_IRQHandler                           0x08000137   Thumb Code     0  startup_gd32f10x_md.o(.text)
    SPI0_IRQHandler                          0x08000137   Thumb Code     0  startup_gd32f10x_md.o(.text)
    SPI1_IRQHandler                          0x08000137   Thumb Code     0  startup_gd32f10x_md.o(.text)
    TAMPER_IRQHandler                        0x08000137   Thumb Code     0  startup_gd32f10x_md.o(.text)
    TIMER0_BRK_IRQHandler                    0x08000137   Thumb Code     0  startup_gd32f10x_md.o(.text)
    TIMER0_Channel_IRQHandler                0x08000137   Thumb Code     0  startup_gd32f10x_md.o(.text)
    TIMER0_TRG_CMT_IRQHandler                0x08000137   Thumb Code     0  startup_gd32f10x_md.o(.text)
    TIMER0_UP_IRQHandler                     0x08000137   Thumb Code     0  startup_gd32f10x_md.o(.text)
    TIMER1_IRQHandler                        0x08000137   Thumb Code     0  startup_gd32f10x_md.o(.text)
    TIMER2_IRQHandler                        0x08000137   Thumb Code     0  startup_gd32f10x_md.o(.text)
    TIMER3_IRQHandler                        0x08000137   Thumb Code     0  startup_gd32f10x_md.o(.text)
    USART0_IRQHandler                        0x08000137   Thumb Code     0  startup_gd32f10x_md.o(.text)
    USART1_IRQHandler                        0x08000137   Thumb Code     0  startup_gd32f10x_md.o(.text)
    USBD_HP_CAN0_TX_IRQHandler               0x08000137   Thumb Code     0  startup_gd32f10x_md.o(.text)
    USBD_LP_CAN0_RX0_IRQHandler              0x08000137   Thumb Code     0  startup_gd32f10x_md.o(.text)
    USBD_WKUP_IRQHandler                     0x08000137   Thumb Code     0  startup_gd32f10x_md.o(.text)
    WWDGT_IRQHandler                         0x08000137   Thumb Code     0  startup_gd32f10x_md.o(.text)
    __aeabi_memcpy                           0x08000141   Thumb Code    36  memcpya.o(.text)
    __aeabi_memcpy4                          0x08000141   Thumb Code     0  memcpya.o(.text)
    __aeabi_memcpy8                          0x08000141   Thumb Code     0  memcpya.o(.text)
    __aeabi_memset                           0x08000165   Thumb Code    14  memseta.o(.text)
    __aeabi_memset4                          0x08000165   Thumb Code     0  memseta.o(.text)
    __aeabi_memset8                          0x08000165   Thumb Code     0  memseta.o(.text)
    __aeabi_memclr                           0x08000173   Thumb Code     4  memseta.o(.text)
    __aeabi_memclr4                          0x08000173   Thumb Code     0  memseta.o(.text)
    __aeabi_memclr8                          0x08000173   Thumb Code     0  memseta.o(.text)
    _memset$wrapper                          0x08000177   Thumb Code    18  memseta.o(.text)
    __scatterload                            0x08000189   Thumb Code    28  init.o(.text)
    __scatterload_rt2                        0x08000189   Thumb Code     0  init.o(.text)
    BusFault_Handler                         0x080001ad   Thumb Code     4  gd32f10x_it.o(i.BusFault_Handler)
    DMA0_Channel2_IRQHandler                 0x080001b1   Thumb Code   178  gd32f10x_it.o(i.DMA0_Channel2_IRQHandler)
    DMA0_Channel4_IRQHandler                 0x08000279   Thumb Code   130  gd32f10x_it.o(i.DMA0_Channel4_IRQHandler)
    DMA_config                               0x08000311   Thumb Code   102  main.o(i.DMA_config)
    DebugMon_Handler                         0x08000385   Thumb Code     2  gd32f10x_it.o(i.DebugMon_Handler)
    FLASH_Program                            0x08000387   Thumb Code   102  flash.o(i.FLASH_Program)
    HardFault_Handler                        0x080003ed   Thumb Code    16  gd32f10x_it.o(i.HardFault_Handler)
    MemManage_Handler                        0x08000401   Thumb Code     4  gd32f10x_it.o(i.MemManage_Handler)
    NMI_Handler                              0x08000405   Thumb Code     2  gd32f10x_it.o(i.NMI_Handler)
    NVIC_config                              0x08000407   Thumb Code    14  main.o(i.NVIC_config)
    PendSV_Handler                           0x08000415   Thumb Code     2  gd32f10x_it.o(i.PendSV_Handler)
    SVC_Handler                              0x08000417   Thumb Code     2  gd32f10x_it.o(i.SVC_Handler)
    SystemInit                               0x08000419   Thumb Code    84  system_gd32f10x.o(i.SystemInit)
    USART0_config                            0x0800047d   Thumb Code   106  main.o(i.USART0_config)
    USART2_IRQHandler                        0x080004f1   Thumb Code   104  gd32f10x_it.o(i.USART2_IRQHandler)
    USART_config                             0x0800056d   Thumb Code   144  main.o(i.USART_config)
    UsageFault_Handler                       0x08000609   Thumb Code     4  gd32f10x_it.o(i.UsageFault_Handler)
    __0printf$bare                           0x0800060d   Thumb Code     8  printfb.o(i.__0printf$bare)
    __1printf$bare                           0x0800060d   Thumb Code     0  printfb.o(i.__0printf$bare)
    __2printf                                0x0800060d   Thumb Code     0  printfb.o(i.__0printf$bare)
    __scatterload_copy                       0x0800061d   Thumb Code    14  handlers.o(i.__scatterload_copy)
    __scatterload_null                       0x0800062b   Thumb Code     2  handlers.o(i.__scatterload_null)
    __scatterload_zeroinit                   0x0800062d   Thumb Code    14  handlers.o(i.__scatterload_zeroinit)
    calc_checksum                            0x0800065d   Thumb Code    30  command.o(i.calc_checksum)
    command_check                            0x0800067d   Thumb Code   130  command.o(i.command_check)
    compare_packet_header                    0x08000725   Thumb Code    36  command.o(i.compare_packet_header)
    compare_packet_tail                      0x0800074d   Thumb Code    44  command.o(i.compare_packet_tail)
    delay_us                                 0x08000781   Thumb Code    26  main.o(i.delay_us)
    dma_channel_disable                      0x0800079b   Thumb Code    50  gd32f10x_dma.o(i.dma_channel_disable)
    dma_channel_enable                       0x080007cd   Thumb Code    50  gd32f10x_dma.o(i.dma_channel_enable)
    dma_circulation_disable                  0x080007ff   Thumb Code    50  gd32f10x_dma.o(i.dma_circulation_disable)
    dma_deinit                               0x08000831   Thumb Code   112  gd32f10x_dma.o(i.dma_deinit)
    dma_flag_clear                           0x080008a1   Thumb Code    16  gd32f10x_dma.o(i.dma_flag_clear)
    dma_flag_get                             0x080008b1   Thumb Code    24  gd32f10x_dma.o(i.dma_flag_get)
    dma_init                                 0x080008c9   Thumb Code   302  gd32f10x_dma.o(i.dma_init)
    dma_memory_address_config                0x080009f7   Thumb Code    36  gd32f10x_dma.o(i.dma_memory_address_config)
    dma_memory_to_memory_disable             0x08000a1b   Thumb Code    50  gd32f10x_dma.o(i.dma_memory_to_memory_disable)
    dma_transfer_number_config               0x08000a65   Thumb Code    38  gd32f10x_dma.o(i.dma_transfer_number_config)
    dma_transfer_number_get                  0x08000a8b   Thumb Code    34  gd32f10x_dma.o(i.dma_transfer_number_get)
    dohitech_mcu_dsp_reset                   0x08000aad   Thumb Code   116  main.o(i.dohitech_mcu_dsp_reset)
    erase_page                               0x08000b2d   Thumb Code    62  flash.o(i.erase_page)
    fmc_bank0_ready_wait                     0x08000b6b   Thumb Code    34  gd32f10x_fmc.o(i.fmc_bank0_ready_wait)
    fmc_bank0_state_get                      0x08000b8d   Thumb Code    44  gd32f10x_fmc.o(i.fmc_bank0_state_get)
    fmc_bank1_ready_wait                     0x08000bbd   Thumb Code    34  gd32f10x_fmc.o(i.fmc_bank1_ready_wait)
    fmc_bank1_state_get                      0x08000be1   Thumb Code    44  gd32f10x_fmc.o(i.fmc_bank1_state_get)
    fmc_flag_clear                           0x08000c11   Thumb Code    28  gd32f10x_fmc.o(i.fmc_flag_clear)
    fmc_lock                                 0x08000c31   Thumb Code    34  gd32f10x_fmc.o(i.fmc_lock)
    fmc_page_erase                           0x08000c5d   Thumb Code   222  gd32f10x_fmc.o(i.fmc_page_erase)
    fmc_unlock                               0x08000d49   Thumb Code    52  gd32f10x_fmc.o(i.fmc_unlock)
    fmc_word_program                         0x08000d8d   Thumb Code   178  gd32f10x_fmc.o(i.fmc_word_program)
    fputc                                    0x08000e4d   Thumb Code    32  main.o(i.fputc)
    gd_check_sum                             0x08000e71   Thumb Code    52  main.o(i.gd_check_sum)
    gpio_init                                0x08000ea5   Thumb Code   172  gd32f10x_gpio.o(i.gpio_init)
    gpio_pin_remap_config                    0x08000f51   Thumb Code   138  gd32f10x_gpio.o(i.gpio_pin_remap_config)
    main                                     0x08000fe1   Thumb Code   462  main.o(i.main)
    nvic_irq_enable                          0x08001235   Thumb Code   162  gd32f10x_misc.o(i.nvic_irq_enable)
    nvic_priority_group_set                  0x080012e1   Thumb Code    10  gd32f10x_misc.o(i.nvic_priority_group_set)
    process_command                          0x080012f5   Thumb Code  1216  command.o(i.process_command)
    rcu_clock_freq_get                       0x080017c1   Thumb Code   264  gd32f10x_rcu.o(i.rcu_clock_freq_get)
    rcu_periph_clock_enable                  0x080018e5   Thumb Code    28  gd32f10x_rcu.o(i.rcu_periph_clock_enable)
    rcu_periph_reset_disable                 0x08001905   Thumb Code    28  gd32f10x_rcu.o(i.rcu_periph_reset_disable)
    rcu_periph_reset_enable                  0x08001925   Thumb Code    28  gd32f10x_rcu.o(i.rcu_periph_reset_enable)
    read_memory                              0x08001945   Thumb Code    26  flash.o(i.read_memory)
    usart_baudrate_set                       0x08001a15   Thumb Code   136  gd32f10x_usart.o(i.usart_baudrate_set)
    usart_data_receive                       0x08001aa5   Thumb Code    10  gd32f10x_usart.o(i.usart_data_receive)
    usart_data_transmit                      0x08001aaf   Thumb Code     8  gd32f10x_usart.o(i.usart_data_transmit)
    usart_deinit                             0x08001ab9   Thumb Code   136  gd32f10x_usart.o(i.usart_deinit)
    usart_disable                            0x08001b49   Thumb Code    10  gd32f10x_usart.o(i.usart_disable)
    usart_dma_receive_config                 0x08001b53   Thumb Code    16  gd32f10x_usart.o(i.usart_dma_receive_config)
    usart_enable                             0x08001b63   Thumb Code    10  gd32f10x_usart.o(i.usart_enable)
    usart_flag_get                           0x08001b6d   Thumb Code    30  gd32f10x_usart.o(i.usart_flag_get)
    usart_interrupt_enable                   0x08001b8b   Thumb Code    26  gd32f10x_usart.o(i.usart_interrupt_enable)
    usart_interrupt_flag_clear               0x08001ba5   Thumb Code    26  gd32f10x_usart.o(i.usart_interrupt_flag_clear)
    usart_parity_config                      0x08001bbf   Thumb Code    16  gd32f10x_usart.o(i.usart_parity_config)
    usart_receive_config                     0x08001bcf   Thumb Code    16  gd32f10x_usart.o(i.usart_receive_config)
    usart_rx_clear                           0x08001be1   Thumb Code    20  gd32f10x_it.o(i.usart_rx_clear)
    usart_stop_bit_set                       0x08001bfd   Thumb Code    16  gd32f10x_usart.o(i.usart_stop_bit_set)
    usart_transmit_config                    0x08001c0d   Thumb Code    16  gd32f10x_usart.o(i.usart_transmit_config)
    usart_word_length_set                    0x08001c1d   Thumb Code    16  gd32f10x_usart.o(i.usart_word_length_set)
    Region$$Table$$Base                      0x08001c2c   Number         0  anon$$obj.o(Region$$Table)
    Region$$Table$$Limit                     0x08001c4c   Number         0  anon$$obj.o(Region$$Table)
    Jump_To_Application                      0x20000000   Data           4  main.o(.data)
    JumpAddress                              0x20000004   Data           4  main.o(.data)
    num_of_data_write                        0x20000008   Data           4  main.o(.data)
    boot_to_reflash                          0x2000000c   Data           1  main.o(.data)
    USART_RX_NUM                             0x20000010   Data           4  main.o(.data)
    flag                                     0x20000014   Data           1  gd32f10x_it.o(.data)
    u2cnt                                    0x20000016   Data           2  gd32f10x_it.o(.data)
    start_addr                               0x20000018   Data           4  gd32f10x_it.o(.data)
    check_sum                                0x2000001c   Data           1  gd32f10x_it.o(.data)
    read_mem_num                             0x2000001d   Data           1  gd32f10x_it.o(.data)
    num_pages                                0x2000001e   Data           2  gd32f10x_it.o(.data)
    page_num                                 0x20000020   Data           2  gd32f10x_it.o(.data)
    Packet_header                            0x20000024   Data           4  command.o(.data)
    Packet_tail                              0x20000028   Data           4  command.o(.data)
    data_length                              0x2000002c   Data           2  command.o(.data)
    checksum_calc                            0x2000002e   Data           2  command.o(.data)
    checksum_recv                            0x20000030   Data           2  command.o(.data)
    Information_label                        0x20000032   Data           2  command.o(.data)
    Frame_number                             0x20000034   Data           2  command.o(.data)
    start_write_addr                         0x20000038   Data           4  command.o(.data)
    __stdout                                 0x2000003c   Data           4  stdout.o(.data)
    rxbuffer                                 0x20000040   Data         512  main.o(.bss)
    dma_buffer                               0x20000240   Data         600  main.o(.bss)
    rx0_date_buf                             0x20000498   Data         600  main.o(.bss)
    Online_update_order_feedback_union_entity_1 0x200006f0   Data          40  main.o(.bss)
    read_mem_data                            0x20000718   Data          32  gd32f10x_it.o(.bss)
    USART_RX                                 0x20000738   Data         544  gd32f10x_it.o(.bss)
    Self_check                               0x20000958   Data          24  command.o(.bss)
    Self_check_feedback                      0x20000970   Data          28  command.o(.bss)
    Online_update_order                      0x2000098c   Data          40  command.o(.bss)
    Online_update_order_feedback_union_entity 0x200009b4   Data          40  command.o(.bss)
    Online_update_data                       0x200009dc   Data         544  command.o(.bss)
    Online_update_data_feedback_union_entity 0x20000bfc   Data          40  command.o(.bss)
    __initial_sp                             0x20002c28   Data           0  startup_gd32f10x_md.o(STACK)



==============================================================================

Memory Map of the image

  Image Entry point : 0x08000105

  Load Region LR_IROM1 (Base: 0x08000000, Size: 0x00001c8c, Max: 0x00008000, ABSOLUTE)

    Execution Region ER_IROM1 (Exec base: 0x08000000, Load base: 0x08000000, Size: 0x00001c4c, Max: 0x00008000, ABSOLUTE)

    Exec Addr    Load Addr    Size         Type   Attr      Idx    E Section Name        Object

    0x08000000   0x08000000   0x00000104   Data   RO         1491    RESET               startup_gd32f10x_md.o
    0x08000104   0x08000104   0x00000000   Code   RO         1534  * .ARM.Collect$$$$00000000  mc_w.l(entry.o)
    0x08000104   0x08000104   0x00000004   Code   RO         1803    .ARM.Collect$$$$00000001  mc_w.l(entry2.o)
    0x08000108   0x08000108   0x00000004   Code   RO         1806    .ARM.Collect$$$$00000004  mc_w.l(entry5.o)
    0x0800010c   0x0800010c   0x00000000   Code   RO         1808    .ARM.Collect$$$$00000008  mc_w.l(entry7b.o)
    0x0800010c   0x0800010c   0x00000000   Code   RO         1810    .ARM.Collect$$$$0000000A  mc_w.l(entry8b.o)
    0x0800010c   0x0800010c   0x00000008   Code   RO         1811    .ARM.Collect$$$$0000000B  mc_w.l(entry9a.o)
    0x08000114   0x08000114   0x00000004   Code   RO         1818    .ARM.Collect$$$$0000000E  mc_w.l(entry12b.o)
    0x08000118   0x08000118   0x00000000   Code   RO         1813    .ARM.Collect$$$$0000000F  mc_w.l(entry10a.o)
    0x08000118   0x08000118   0x00000000   Code   RO         1815    .ARM.Collect$$$$00000011  mc_w.l(entry11a.o)
    0x08000118   0x08000118   0x00000004   Code   RO         1804    .ARM.Collect$$$$00002712  mc_w.l(entry2.o)
    0x0800011c   0x0800011c   0x00000024   Code   RO         1492    .text               startup_gd32f10x_md.o
    0x08000140   0x08000140   0x00000024   Code   RO         1537    .text               mc_w.l(memcpya.o)
    0x08000164   0x08000164   0x00000024   Code   RO         1539    .text               mc_w.l(memseta.o)
    0x08000188   0x08000188   0x00000024   Code   RO         1835    .text               mc_w.l(init.o)
    0x080001ac   0x080001ac   0x00000004   Code   RO          210    i.BusFault_Handler  gd32f10x_it.o
    0x080001b0   0x080001b0   0x000000c8   Code   RO          211    i.DMA0_Channel2_IRQHandler  gd32f10x_it.o
    0x08000278   0x08000278   0x00000098   Code   RO          212    i.DMA0_Channel4_IRQHandler  gd32f10x_it.o
    0x08000310   0x08000310   0x00000074   Code   RO            2    i.DMA_config        main.o
    0x08000384   0x08000384   0x00000002   Code   RO          213    i.DebugMon_Handler  gd32f10x_it.o
    0x08000386   0x08000386   0x00000066   Code   RO          162    i.FLASH_Program     flash.o
    0x080003ec   0x080003ec   0x00000014   Code   RO          214    i.HardFault_Handler  gd32f10x_it.o
    0x08000400   0x08000400   0x00000004   Code   RO          215    i.MemManage_Handler  gd32f10x_it.o
    0x08000404   0x08000404   0x00000002   Code   RO          216    i.NMI_Handler       gd32f10x_it.o
    0x08000406   0x08000406   0x0000000e   Code   RO            3    i.NVIC_config       main.o
    0x08000414   0x08000414   0x00000002   Code   RO          217    i.PendSV_Handler    gd32f10x_it.o
    0x08000416   0x08000416   0x00000002   Code   RO          218    i.SVC_Handler       gd32f10x_it.o
    0x08000418   0x08000418   0x00000064   Code   RO         1498    i.SystemInit        system_gd32f10x.o
    0x0800047c   0x0800047c   0x00000074   Code   RO            4    i.USART0_config     main.o
    0x080004f0   0x080004f0   0x0000007c   Code   RO          219    i.USART2_IRQHandler  gd32f10x_it.o
    0x0800056c   0x0800056c   0x0000009c   Code   RO            5    i.USART_config      main.o
    0x08000608   0x08000608   0x00000004   Code   RO          220    i.UsageFault_Handler  gd32f10x_it.o
    0x0800060c   0x0800060c   0x00000010   Code   RO         1544    i.__0printf$bare    mc_w.l(printfb.o)
    0x0800061c   0x0800061c   0x0000000e   Code   RO         1847    i.__scatterload_copy  mc_w.l(handlers.o)
    0x0800062a   0x0800062a   0x00000002   Code   RO         1848    i.__scatterload_null  mc_w.l(handlers.o)
    0x0800062c   0x0800062c   0x0000000e   Code   RO         1849    i.__scatterload_zeroinit  mc_w.l(handlers.o)
    0x0800063a   0x0800063a   0x00000022   Code   RO         1551    i._printf_core      mc_w.l(printfb.o)
    0x0800065c   0x0800065c   0x0000001e   Code   RO          337    i.calc_checksum     command.o
    0x0800067a   0x0800067a   0x00000002   PAD
    0x0800067c   0x0800067c   0x000000a8   Code   RO          338    i.command_check     command.o
    0x08000724   0x08000724   0x00000028   Code   RO          339    i.compare_packet_header  command.o
    0x0800074c   0x0800074c   0x00000034   Code   RO          340    i.compare_packet_tail  command.o
    0x08000780   0x08000780   0x0000001a   Code   RO            6    i.delay_us          main.o
    0x0800079a   0x0800079a   0x00000032   Code   RO          441    i.dma_channel_disable  gd32f10x_dma.o
    0x080007cc   0x080007cc   0x00000032   Code   RO          442    i.dma_channel_enable  gd32f10x_dma.o
    0x080007fe   0x080007fe   0x00000032   Code   RO          443    i.dma_circulation_disable  gd32f10x_dma.o
    0x08000830   0x08000830   0x00000070   Code   RO          445    i.dma_deinit        gd32f10x_dma.o
    0x080008a0   0x080008a0   0x00000010   Code   RO          446    i.dma_flag_clear    gd32f10x_dma.o
    0x080008b0   0x080008b0   0x00000018   Code   RO          447    i.dma_flag_get      gd32f10x_dma.o
    0x080008c8   0x080008c8   0x0000012e   Code   RO          448    i.dma_init          gd32f10x_dma.o
    0x080009f6   0x080009f6   0x00000024   Code   RO          453    i.dma_memory_address_config  gd32f10x_dma.o
    0x08000a1a   0x08000a1a   0x00000032   Code   RO          456    i.dma_memory_to_memory_disable  gd32f10x_dma.o
    0x08000a4c   0x08000a4c   0x00000018   Code   RO          460    i.dma_periph_and_channel_check  gd32f10x_dma.o
    0x08000a64   0x08000a64   0x00000026   Code   RO          467    i.dma_transfer_number_config  gd32f10x_dma.o
    0x08000a8a   0x08000a8a   0x00000022   Code   RO          468    i.dma_transfer_number_get  gd32f10x_dma.o
    0x08000aac   0x08000aac   0x00000080   Code   RO            7    i.dohitech_mcu_dsp_reset  main.o
    0x08000b2c   0x08000b2c   0x0000003e   Code   RO          163    i.erase_page        flash.o
    0x08000b6a   0x08000b6a   0x00000022   Code   RO          620    i.fmc_bank0_ready_wait  gd32f10x_fmc.o
    0x08000b8c   0x08000b8c   0x00000030   Code   RO          621    i.fmc_bank0_state_get  gd32f10x_fmc.o
    0x08000bbc   0x08000bbc   0x00000022   Code   RO          625    i.fmc_bank1_ready_wait  gd32f10x_fmc.o
    0x08000bde   0x08000bde   0x00000002   PAD
    0x08000be0   0x08000be0   0x00000030   Code   RO          626    i.fmc_bank1_state_get  gd32f10x_fmc.o
    0x08000c10   0x08000c10   0x00000020   Code   RO          628    i.fmc_flag_clear    gd32f10x_fmc.o
    0x08000c30   0x08000c30   0x0000002c   Code   RO          635    i.fmc_lock          gd32f10x_fmc.o
    0x08000c5c   0x08000c5c   0x000000ec   Code   RO          637    i.fmc_page_erase    gd32f10x_fmc.o
    0x08000d48   0x08000d48   0x00000044   Code   RO          638    i.fmc_unlock        gd32f10x_fmc.o
    0x08000d8c   0x08000d8c   0x000000c0   Code   RO          639    i.fmc_word_program  gd32f10x_fmc.o
    0x08000e4c   0x08000e4c   0x00000024   Code   RO            9    i.fputc             main.o
    0x08000e70   0x08000e70   0x00000034   Code   RO           10    i.gd_check_sum      main.o
    0x08000ea4   0x08000ea4   0x000000ac   Code   RO          841    i.gpio_init         gd32f10x_gpio.o
    0x08000f50   0x08000f50   0x00000090   Code   RO          847    i.gpio_pin_remap_config  gd32f10x_gpio.o
    0x08000fe0   0x08000fe0   0x00000254   Code   RO           12    i.main              main.o
    0x08001234   0x08001234   0x000000ac   Code   RO          945    i.nvic_irq_enable   gd32f10x_misc.o
    0x080012e0   0x080012e0   0x00000014   Code   RO          946    i.nvic_priority_group_set  gd32f10x_misc.o
    0x080012f4   0x080012f4   0x000004cc   Code   RO          341    i.process_command   command.o
    0x080017c0   0x080017c0   0x00000124   Code   RO         1004    i.rcu_clock_freq_get  gd32f10x_rcu.o
    0x080018e4   0x080018e4   0x00000020   Code   RO         1021    i.rcu_periph_clock_enable  gd32f10x_rcu.o
    0x08001904   0x08001904   0x00000020   Code   RO         1024    i.rcu_periph_reset_disable  gd32f10x_rcu.o
    0x08001924   0x08001924   0x00000020   Code   RO         1025    i.rcu_periph_reset_enable  gd32f10x_rcu.o
    0x08001944   0x08001944   0x0000001a   Code   RO          165    i.read_memory       flash.o
    0x0800195e   0x0800195e   0x00000002   PAD
    0x08001960   0x08001960   0x000000ac   Code   RO         1499    i.system_clock_108m_irc8m  system_gd32f10x.o
    0x08001a0c   0x08001a0c   0x00000008   Code   RO         1500    i.system_clock_config  system_gd32f10x.o
    0x08001a14   0x08001a14   0x00000090   Code   RO         1223    i.usart_baudrate_set  gd32f10x_usart.o
    0x08001aa4   0x08001aa4   0x0000000a   Code   RO         1224    i.usart_data_receive  gd32f10x_usart.o
    0x08001aae   0x08001aae   0x00000008   Code   RO         1225    i.usart_data_transmit  gd32f10x_usart.o
    0x08001ab6   0x08001ab6   0x00000002   PAD
    0x08001ab8   0x08001ab8   0x00000090   Code   RO         1226    i.usart_deinit      gd32f10x_usart.o
    0x08001b48   0x08001b48   0x0000000a   Code   RO         1227    i.usart_disable     gd32f10x_usart.o
    0x08001b52   0x08001b52   0x00000010   Code   RO         1228    i.usart_dma_receive_config  gd32f10x_usart.o
    0x08001b62   0x08001b62   0x0000000a   Code   RO         1230    i.usart_enable      gd32f10x_usart.o
    0x08001b6c   0x08001b6c   0x0000001e   Code   RO         1232    i.usart_flag_get    gd32f10x_usart.o
    0x08001b8a   0x08001b8a   0x0000001a   Code   RO         1239    i.usart_interrupt_enable  gd32f10x_usart.o
    0x08001ba4   0x08001ba4   0x0000001a   Code   RO         1240    i.usart_interrupt_flag_clear  gd32f10x_usart.o
    0x08001bbe   0x08001bbe   0x00000010   Code   RO         1251    i.usart_parity_config  gd32f10x_usart.o
    0x08001bce   0x08001bce   0x00000010   Code   RO         1253    i.usart_receive_config  gd32f10x_usart.o
    0x08001bde   0x08001bde   0x00000002   PAD
    0x08001be0   0x08001be0   0x0000001c   Code   RO          222    i.usart_rx_clear    gd32f10x_it.o
    0x08001bfc   0x08001bfc   0x00000010   Code   RO         1259    i.usart_stop_bit_set  gd32f10x_usart.o
    0x08001c0c   0x08001c0c   0x00000010   Code   RO         1263    i.usart_transmit_config  gd32f10x_usart.o
    0x08001c1c   0x08001c1c   0x00000010   Code   RO         1264    i.usart_word_length_set  gd32f10x_usart.o
    0x08001c2c   0x08001c2c   0x00000020   Data   RO         1845    Region$$Table       anon$$obj.o


    Execution Region RW_IRAM1 (Exec base: 0x20000000, Load base: 0x08001c4c, Size: 0x00002c28, Max: 0x00005000, ABSOLUTE)

    Exec Addr    Load Addr    Size         Type   Attr      Idx    E Section Name        Object

    0x20000000   0x08001c4c   0x00000014   Data   RW           14    .data               main.o
    0x20000014   0x08001c60   0x0000000e   Data   RW          224    .data               gd32f10x_it.o
    0x20000022   0x08001c6e   0x00000002   PAD
    0x20000024   0x08001c70   0x00000018   Data   RW          343    .data               command.o
    0x2000003c   0x08001c88   0x00000004   Data   RW         1819    .data               mc_w.l(stdout.o)
    0x20000040        -       0x000006d8   Zero   RW           13    .bss                main.o
    0x20000718        -       0x00000240   Zero   RW          223    .bss                gd32f10x_it.o
    0x20000958        -       0x000002cc   Zero   RW          342    .bss                command.o
    0x20000c24   0x08001c8c   0x00000004   PAD
    0x20000c28        -       0x00002000   Zero   RW         1489    STACK               startup_gd32f10x_md.o


==============================================================================

Image component sizes


      Code (inc. data)   RO Data    RW Data    ZI Data      Debug   Object Name

      1518        154          0         24        716       5629   command.o
       190          0          0          0          0       2587   flash.o
       786          6          0          0          0       9675   gd32f10x_dma.o
       736         66          0          0          0       6355   gd32f10x_fmc.o
       316          6          0          0          0       1928   gd32f10x_gpio.o
       544         76          0         14        576      36427   gd32f10x_it.o
       192         20          0          0          0       1576   gd32f10x_misc.o
       388         40          0          0          0       3208   gd32f10x_rcu.o
       504         16          0          0          0      10590   gd32f10x_usart.o
      1240        186          0         20       1752      26053   main.o
        36          8        260          0       8192        840   startup_gd32f10x_md.o
       280         28          0          0          0       1585   system_gd32f10x.o

    ----------------------------------------------------------------------
      6740        606        292         60      11240     106453   Object Totals
         0          0         32          0          0          0   (incl. Generated)
        10          0          0          2          4          0   (incl. Padding)

    ----------------------------------------------------------------------

      Code (inc. data)   RO Data    RW Data    ZI Data      Debug   Library Member Name

         0          0          0          0          0          0   entry.o
         0          0          0          0          0          0   entry10a.o
         0          0          0          0          0          0   entry11a.o
         4          0          0          0          0          0   entry12b.o
         8          4          0          0          0          0   entry2.o
         4          0          0          0          0          0   entry5.o
         0          0          0          0          0          0   entry7b.o
         0          0          0          0          0          0   entry8b.o
         8          4          0          0          0          0   entry9a.o
        30          0          0          0          0          0   handlers.o
        36          8          0          0          0         68   init.o
        36          0          0          0          0         68   memcpya.o
        36          0          0          0          0        108   memseta.o
        50          8          0          0          0        152   printfb.o
         0          0          0          4          0          0   stdout.o

    ----------------------------------------------------------------------
       212         24          0          4          0        396   Library Totals
         0          0          0          0          0          0   (incl. Padding)

    ----------------------------------------------------------------------

      Code (inc. data)   RO Data    RW Data    ZI Data      Debug   Library Name

       212         24          0          4          0        396   mc_w.l

    ----------------------------------------------------------------------
       212         24          0          4          0        396   Library Totals

    ----------------------------------------------------------------------

==============================================================================


      Code (inc. data)   RO Data    RW Data    ZI Data      Debug   

      6952        630        292         64      11240     103153   Grand Totals
      6952        630        292         64      11240     103153   ELF Image Totals
      6952        630        292         64          0          0   ROM Totals

==============================================================================

    Total RO  Size (Code + RO Data)                 7244 (   7.07kB)
    Total RW  Size (RW Data + ZI Data)             11304 (  11.04kB)
    Total ROM Size (Code + RO Data + RW Data)       7308 (   7.14kB)

==============================================================================

